METHOD System.String[] get_Hotkeys()
 0000: call method:System.Array.System.String[] Empty[String]()
 0005: ret 
METHOD System.String get_ControllerIconHotkey()
 0000: ldarg.0 
 0001: callvirt method:MegaCrit.Sts2.Core.Nodes.GodotExtensions.NButton.System.String[] get_Hotkeys()
 0006: ldlen 
 0007: brtrue.s 11
 0009: ldnull 
 0010: ret 
 0011: ldarg.0 
 0012: callvirt method:MegaCrit.Sts2.Core.Nodes.GodotExtensions.NButton.System.String[] get_Hotkeys()
 0017: ldc.i4.0 
 0018: ldelem.ref 
 0019: ret 
METHOD Void OnRelease()
 0000: ldarg.0 
 0001: ldfld field:Boolean _isUnclickable
 0006: brfalse.s 9
 0008: ret 
 0009: ldarg.0 
 0010: call method:MegaCrit.Sts2.Core.Nodes.GodotExtensions.NClickableControl.Void OnRelease()
 0015: ldarg.0 
 0016: ldarg.0 
 0017: call method:MegaCrit.Sts2.Core.Nodes.RestSite.NRestSiteButton.MegaCrit.Sts2.Core.Entities.RestSite.RestSiteOption get_Option()
 0022: call method:MegaCrit.Sts2.Core.Nodes.RestSite.NRestSiteButton.System.Threading.Tasks.Task SelectOption(MegaCrit.Sts2.Core.Entities.RestSite.RestSiteOption)
 0027: call method:MegaCrit.Sts2.Core.Helpers.TaskHelper.System.Threading.Tasks.Task RunSafely(System.Threading.Tasks.Task)
 0033: ret 
METHOD Void MoveNext()
 0000: ldarg.0 
 0001: ldfld field:Int32 <>1__state
 0006: stloc.0 
 0007: ldarg.0 
 0008: ldfld field:MegaCrit.Sts2.Core.Nodes.RestSite.NRestSiteButton <>4__this
 0013: stloc.1 
 0014: ldloc.0 
 0015: brfalse 156
 0020: ldloc.0 
 0021: ldc.i4.1 
 0022: beq 417
 0027: call method:MegaCrit.Sts2.Core.Nodes.Rooms.NRestSiteRoom.MegaCrit.Sts2.Core.Nodes.Rooms.NRestSiteRoom get_Instance()
 0032: callvirt method:MegaCrit.Sts2.Core.Nodes.Rooms.NRestSiteRoom.System.Collections.Generic.IReadOnlyList`1[MegaCrit.Sts2.Core.Entities.RestSite.RestSiteOption] get_Options()
 0037: ldarg.0 
 0038: ldfld field:MegaCrit.Sts2.Core.Entities.RestSite.RestSiteOption option
 0043: call method:MegaCrit.Sts2.Core.Extensions.ListExtensions.Int32 IndexOf[RestSiteOption](System.Collections.Generic.IReadOnlyList`1[MegaCrit.Sts2.Core.Entities.RestSite.RestSiteOption], MegaCrit.Sts2.Core.Entities.RestSite.RestSiteOption)
 0048: stloc.2 
 0049: ldloc.2 
 0050: ldc.i4.0 
 0051: bge.s 112
 0053: ldc.i4.s 80
 0055: ldc.i4.1 
 0056: newobj method:System.Runtime.CompilerServices.DefaultInterpolatedStringHandler.Void .ctor(Int32, Int32)
 0061: stloc.3 
 0062: ldloca.s 3
 0064: ldstr str:Rest site option 
 0069: call method:System.Runtime.CompilerServices.DefaultInterpolatedStringHandler.Void AppendLiteral(System.String)
 0074: ldloca.s 3
 0076: ldarg.0 
 0077: ldfld field:MegaCrit.Sts2.Core.Entities.RestSite.RestSiteOption option
 0082: call method:System.Runtime.CompilerServices.DefaultInterpolatedStringHandler.Void AppendFormatted[RestSiteOption](MegaCrit.Sts2.Core.Entities.RestSite.RestSiteOption)
 0087: ldloca.s 3
 0089: ldstr str: was selected, but it was not in the list of rest site options!
 0094: call method:System.Runtime.CompilerServices.DefaultInterpolatedStringHandler.Void AppendLiteral(System.String)
 0099: ldloca.s 3
 0101: call method:System.Runtime.CompilerServices.DefaultInterpolatedStringHandler.System.String ToStringAndClear()
 0106: newobj method:System.InvalidOperationException.Void .ctor(System.String)
 0111: throw 
 0112: ldloc.1 
 0113: ldc.i4.1 
 0114: stfld field:Boolean _executingOption
 0119: call method:MegaCrit.Sts2.Core.Nodes.Rooms.NRestSiteRoom.MegaCrit.Sts2.Core.Nodes.Rooms.NRestSiteRoom get_Instance()
 0124: callvirt method:MegaCrit.Sts2.Core.Nodes.Rooms.NRestSiteRoom.Void DisableOptions()
 0129: ldloc.1 
 0130: call method:MegaCrit.Sts2.Core.Nodes.RestSite.NRestSiteButton.Void RefreshTextState()
 0135: ldarg.0 
 0136: ldc.i4.0 
 0137: stfld field:Boolean <success>5__2
 0142: ldarg.0 
 0143: ldnull 
 0144: stfld field:System.Object <>7__wrap2
 0149: ldarg.0 
 0150: ldc.i4.0 
 0151: stfld field:Int32 <>7__wrap3
 0157: ldloc.0 
 0158: brfalse.s 228
 0160: call method:MegaCrit.Sts2.Core.Runs.RunManager.MegaCrit.Sts2.Core.Runs.RunManager get_Instance()
 0165: callvirt method:MegaCrit.Sts2.Core.Runs.RunManager.MegaCrit.Sts2.Core.Multiplayer.Game.RestSiteSynchronizer get_RestSiteSynchronizer()
 0170: ldloc.2 
 0171: callvirt method:MegaCrit.Sts2.Core.Multiplayer.Game.RestSiteSynchronizer.System.Threading.Tasks.Task`1[System.Boolean] ChooseLocalOption(Int32)
 0176: callvirt method:System.Threading.Tasks.Task`1[System.Boolean].System.Runtime.CompilerServices.TaskAwaiter`1[System.Boolean] GetAwaiter()
 0181: stloc.s 5
 0183: ldloca.s 5
 0185: call method:System.Runtime.CompilerServices.TaskAwaiter`1[System.Boolean].Boolean get_IsCompleted()
 0190: brtrue.s 257
 0192: ldarg.0 
 0193: ldc.i4.0 
 0195: stloc.0 
 0196: stfld field:Int32 <>1__state
 0201: ldarg.0 
 0202: ldloc.s 5
 0204: stfld field:System.Runtime.CompilerServices.TaskAwaiter`1[System.Boolean] <>u__1
 0209: ldarg.0 
 0210: ldflda field:System.Runtime.CompilerServices.AsyncTaskMethodBuilder <>t__builder
 0215: ldloca.s 5
 0217: ldarg.0 
 0218: call method:System.Runtime.CompilerServices.AsyncTaskMethodBuilder.Void AwaitUnsafeOnCompleted[TaskAwaiter`1,<SelectOption>d__26](System.Runtime.CompilerServices.TaskAwaiter`1[System.Boolean] ByRef, <SelectOption>d__26 ByRef)
 0223: leave 557
 0228: ldarg.0 
 0229: ldfld field:System.Runtime.CompilerServices.TaskAwaiter`1[System.Boolean] <>u__1
 0234: stloc.s 5
 0236: ldarg.0 
 0237: ldflda field:System.Runtime.CompilerServices.TaskAwaiter`1[System.Boolean] <>u__1
 0242: initobj type:System.Runtime.CompilerServices.TaskAwaiter`1[System.Boolean]
 0248: ldarg.0 
 0249: ldc.i4.m1 
 0251: stloc.0 
 0252: stfld field:Int32 <>1__state
 0257: ldloca.s 5
 0259: call method:System.Runtime.CompilerServices.TaskAwaiter`1[System.Boolean].Boolean GetResult()
 0264: stloc.s 4
