FIELD MegaCrit.Sts2.Core.Nodes.Cards.NCardGrid _grid
FIELD MegaCrit.Sts2.Core.Nodes.Combat.NPeekButton _peekButton
FIELD System.Collections.Generic.IReadOnlyList`1[MegaCrit.Sts2.Core.Models.CardModel] _cards
FIELD System.Threading.Tasks.TaskCompletionSource`1[System.Collections.Generic.IEnumerable`1[MegaCrit.Sts2.Core.Models.CardModel]] _completionSource
METHOD MegaCrit.Sts2.Core.Entities.Multiplayer.NetScreenType get_ScreenType()
METHOD Void _Ready()
METHOD Void ConnectSignalsAndInitGrid()
METHOD Void OnCardClicked(MegaCrit.Sts2.Core.Models.CardModel)
METHOD System.Threading.Tasks.Task`1[System.Collections.Generic.IEnumerable`1[MegaCrit.Sts2.Core.Models.CardModel]] CardsSelected()
METHOD Void _ExitTree()
METHOD Void SetPeekButtonTargets()
METHOD Void AfterOverlayOpened()
METHOD Void AfterOverlayClosed()
METHOD Void AfterOverlayShown()
METHOD Void AfterOverlayHidden()
METHOD Boolean get_UseSharedBackstop()
METHOD Void ShowCardDetail(MegaCrit.Sts2.Core.Models.CardModel)
METHOD Void <ConnectSignalsAndInitGrid>b__7_0(MegaCrit.Sts2.Core.Nodes.Cards.Holders.NCardHolder)
METHOD Void <ConnectSignalsAndInitGrid>b__7_1(MegaCrit.Sts2.Core.Nodes.Cards.Holders.NCardHolder)
METHOD Void <ConnectSignalsAndInitGrid>b__7_2(MegaCrit.Sts2.Core.Nodes.Combat.NPeekButton)
