NESTED MegaCrit.Sts2.Core.Nodes.Screens.CardSelection.NDeckEnchantSelectScreen+MethodName
NESTED MegaCrit.Sts2.Core.Nodes.Screens.CardSelection.NDeckEnchantSelectScreen+PropertyName
NESTED MegaCrit.Sts2.Core.Nodes.Screens.CardSelection.NDeckEnchantSelectScreen+SignalName
TYPE MegaCrit.Sts2.Core.Nodes.Screens.CardSelection.NDeckEnchantSelectScreen
PROP System.String ScenePath get=System.String get_ScenePath()
PROP System.Collections.Generic.IEnumerable`1[System.String] AssetPaths get=System.Collections.Generic.IEnumerable`1[System.String] get_AssetPaths()
PROP Boolean UseSingleSelection get=Boolean get_UseSingleSelection()
PROP System.Collections.Generic.IEnumerable`1[Godot.Control] PeekButtonTargets get=System.Collections.Generic.IEnumerable`1[Godot.Control] get_PeekButtonTargets()
PROP Godot.Control DefaultFocusedControl get=Godot.Control get_DefaultFocusedControl()
PROP Godot.Control FocusedControlFromTopBar get=Godot.Control get_FocusedControlFromTopBar()
PROP MegaCrit.Sts2.Core.Entities.Multiplayer.NetScreenType ScreenType get=MegaCrit.Sts2.Core.Entities.Multiplayer.NetScreenType get_ScreenType()
PROP Boolean UseSharedBackstop get=Boolean get_UseSharedBackstop()
PROP Boolean ClipContents get=Boolean get_ClipContents()
PROP Godot.Vector2 CustomMinimumSize get=Godot.Vector2 get_CustomMinimumSize()
PROP LayoutDirectionEnum LayoutDirection get=LayoutDirectionEnum get_LayoutDirection()
PROP Int32 LayoutMode get=Int32 get_LayoutMode()
PROP Int32 AnchorsPreset get=Int32 get_AnchorsPreset()
PROP Single AnchorLeft get=Single get_AnchorLeft()
PROP Single AnchorTop get=Single get_AnchorTop()
PROP Single AnchorRight get=Single get_AnchorRight()
PROP Single AnchorBottom get=Single get_AnchorBottom()
PROP Single OffsetLeft get=Single get_OffsetLeft()
PROP Single OffsetTop get=Single get_OffsetTop()
PROP Single OffsetRight get=Single get_OffsetRight()
PROP Single OffsetBottom get=Single get_OffsetBottom()
PROP GrowDirection GrowHorizontal get=GrowDirection get_GrowHorizontal()
PROP GrowDirection GrowVertical get=GrowDirection get_GrowVertical()
PROP Godot.Vector2 Size get=Godot.Vector2 get_Size()
PROP Godot.Vector2 Position get=Godot.Vector2 get_Position()
PROP Godot.Vector2 GlobalPosition get=Godot.Vector2 get_GlobalPosition()
PROP Single Rotation get=Single get_Rotation()
PROP Single RotationDegrees get=Single get_RotationDegrees()
PROP Godot.Vector2 Scale get=Godot.Vector2 get_Scale()
PROP Godot.Vector2 PivotOffset get=Godot.Vector2 get_PivotOffset()
PROP SizeFlags SizeFlagsHorizontal get=SizeFlags get_SizeFlagsHorizontal()
PROP SizeFlags SizeFlagsVertical get=SizeFlags get_SizeFlagsVertical()
PROP Single SizeFlagsStretchRatio get=Single get_SizeFlagsStretchRatio()
PROP Boolean LocalizeNumeralSystem get=Boolean get_LocalizeNumeralSystem()
PROP Boolean AutoTranslate get=Boolean get_AutoTranslate()
PROP System.String TooltipText get=System.String get_TooltipText()
PROP AutoTranslateModeEnum TooltipAutoTranslateMode get=AutoTranslateModeEnum get_TooltipAutoTranslateMode()
PROP Godot.NodePath FocusNeighborLeft get=Godot.NodePath get_FocusNeighborLeft()
PROP Godot.NodePath FocusNeighborTop get=Godot.NodePath get_FocusNeighborTop()
PROP Godot.NodePath FocusNeighborRight get=Godot.NodePath get_FocusNeighborRight()
PROP Godot.NodePath FocusNeighborBottom get=Godot.NodePath get_FocusNeighborBottom()
PROP Godot.NodePath FocusNext get=Godot.NodePath get_FocusNext()
PROP Godot.NodePath FocusPrevious get=Godot.NodePath get_FocusPrevious()
PROP FocusModeEnum FocusMode get=FocusModeEnum get_FocusMode()
PROP FocusBehaviorRecursiveEnum FocusBehaviorRecursive get=FocusBehaviorRecursiveEnum get_FocusBehaviorRecursive()
PROP MouseFilterEnum MouseFilter get=MouseFilterEnum get_MouseFilter()
PROP MouseBehaviorRecursiveEnum MouseBehaviorRecursive get=MouseBehaviorRecursiveEnum get_MouseBehaviorRecursive()
PROP Boolean MouseForcePassScrollEvents get=Boolean get_MouseForcePassScrollEvents()
PROP CursorShape MouseDefaultCursorShape get=CursorShape get_MouseDefaultCursorShape()
PROP Godot.Node ShortcutContext get=Godot.Node get_ShortcutContext()
PROP System.String AccessibilityName get=System.String get_AccessibilityName()
PROP System.String AccessibilityDescription get=System.String get_AccessibilityDescription()
PROP AccessibilityLiveMode AccessibilityLive get=AccessibilityLiveMode get_AccessibilityLive()
PROP Godot.Collections.Array`1[Godot.NodePath] AccessibilityControlsNodes get=Godot.Collections.Array`1[Godot.NodePath] get_AccessibilityControlsNodes()
PROP Godot.Collections.Array`1[Godot.NodePath] AccessibilityDescribedByNodes get=Godot.Collections.Array`1[Godot.NodePath] get_AccessibilityDescribedByNodes()
PROP Godot.Collections.Array`1[Godot.NodePath] AccessibilityLabeledByNodes get=Godot.Collections.Array`1[Godot.NodePath] get_AccessibilityLabeledByNodes()
PROP Godot.Collections.Array`1[Godot.NodePath] AccessibilityFlowToNodes get=Godot.Collections.Array`1[Godot.NodePath] get_AccessibilityFlowToNodes()
PROP Godot.Theme Theme get=Godot.Theme get_Theme()
PROP Godot.StringName ThemeTypeVariation get=Godot.StringName get_ThemeTypeVariation()
PROP Boolean Visible get=Boolean get_Visible()
PROP Godot.Color Modulate get=Godot.Color get_Modulate()
PROP Godot.Color SelfModulate get=Godot.Color get_SelfModulate()
PROP Boolean ShowBehindParent get=Boolean get_ShowBehindParent()
PROP Boolean TopLevel get=Boolean get_TopLevel()
PROP ClipChildrenMode ClipChildren get=ClipChildrenMode get_ClipChildren()
PROP Int32 LightMask get=Int32 get_LightMask()
PROP UInt32 VisibilityLayer get=UInt32 get_VisibilityLayer()
PROP Int32 ZIndex get=Int32 get_ZIndex()
PROP Boolean ZAsRelative get=Boolean get_ZAsRelative()
PROP Boolean YSortEnabled get=Boolean get_YSortEnabled()
PROP TextureFilterEnum TextureFilter get=TextureFilterEnum get_TextureFilter()
PROP TextureRepeatEnum TextureRepeat get=TextureRepeatEnum get_TextureRepeat()
PROP Godot.Material Material get=Godot.Material get_Material()
PROP Boolean UseParentMaterial get=Boolean get_UseParentMaterial()
PROP Godot.NodePath _ImportPath get=Godot.NodePath get__ImportPath()
PROP Godot.StringName Name get=Godot.StringName get_Name()
PROP Boolean UniqueNameInOwner get=Boolean get_UniqueNameInOwner()
PROP System.String SceneFilePath get=System.String get_SceneFilePath()
PROP Godot.Node Owner get=Godot.Node get_Owner()
PROP Godot.MultiplayerApi Multiplayer get=Godot.MultiplayerApi get_Multiplayer()
PROP ProcessModeEnum ProcessMode get=ProcessModeEnum get_ProcessMode()
PROP Int32 ProcessPriority get=Int32 get_ProcessPriority()
PROP Int32 ProcessPhysicsPriority get=Int32 get_ProcessPhysicsPriority()
PROP ProcessThreadGroupEnum ProcessThreadGroup get=ProcessThreadGroupEnum get_ProcessThreadGroup()
PROP Int32 ProcessThreadGroupOrder get=Int32 get_ProcessThreadGroupOrder()
PROP ProcessThreadMessagesEnum ProcessThreadMessages get=ProcessThreadMessagesEnum get_ProcessThreadMessages()
PROP PhysicsInterpolationModeEnum PhysicsInterpolationMode get=PhysicsInterpolationModeEnum get_PhysicsInterpolationMode()
PROP AutoTranslateModeEnum AutoTranslateMode get=AutoTranslateModeEnum get_AutoTranslateMode()
PROP System.String EditorDescription get=System.String get_EditorDescription()
PROP IntPtr NativeInstance get=IntPtr get_NativeInstance()
FIELD System.Collections.Generic.HashSet`1[MegaCrit.Sts2.Core.Models.CardModel] _selectedCards
FIELD MegaCrit.Sts2.Core.CardSelection.CardSelectorPrefs _prefs
FIELD MegaCrit.Sts2.Core.Models.EnchantmentModel _enchantment
FIELD Int32 _enchantmentAmount
FIELD Godot.Control _enchantSinglePreviewContainer
FIELD MegaCrit.Sts2.Core.Nodes.Cards.NEnchantPreview _singlePreview
FIELD MegaCrit.Sts2.Core.Nodes.CommonUi.NBackButton _singlePreviewCancelButton
FIELD MegaCrit.Sts2.Core.Nodes.CommonUi.NConfirmButton _singlePreviewConfirmButton
FIELD MegaCrit.Sts2.Core.Nodes.CommonUi.NConfirmButton _confirmButton
FIELD Godot.Control _enchantMultiPreviewContainer
FIELD Godot.Control _multiPreview
FIELD MegaCrit.Sts2.Core.Nodes.CommonUi.NBackButton _multiPreviewCancelButton
FIELD MegaCrit.Sts2.Core.Nodes.CommonUi.NConfirmButton _multiPreviewConfirmButton
FIELD Godot.Control _enchantmentDescriptionContainer
FIELD MegaCrit.Sts2.addons.mega_text.MegaLabel _enchantmentTitle
FIELD MegaCrit.Sts2.addons.mega_text.MegaRichTextLabel _enchantmentDescription
FIELD Godot.TextureRect _enchantmentIcon
FIELD Godot.Control _bottomTextContainer
FIELD MegaCrit.Sts2.addons.mega_text.MegaRichTextLabel _infoLabel
FIELD MegaCrit.Sts2.Core.Nodes.CommonUi.NBackButton _closeButton
FIELD MegaCrit.Sts2.Core.Nodes.Cards.NCardGrid _grid
FIELD MegaCrit.Sts2.Core.Nodes.Combat.NPeekButton _peekButton
FIELD System.Collections.Generic.IReadOnlyList`1[MegaCrit.Sts2.Core.Models.CardModel] _cards
FIELD System.Threading.Tasks.TaskCompletionSource`1[System.Collections.Generic.IEnumerable`1[MegaCrit.Sts2.Core.Models.CardModel]] _completionSource
FIELD IntPtr NativePtr
METHOD System.String get_ScenePath()
METHOD System.Collections.Generic.IEnumerable`1[System.String] get_AssetPaths()
METHOD Boolean get_UseSingleSelection()
METHOD Void _Ready()
METHOD MegaCrit.Sts2.Core.Nodes.Screens.CardSelection.NDeckEnchantSelectScreen ShowScreen(System.Collections.Generic.IReadOnlyList`1[MegaCrit.Sts2.Core.Models.CardModel], MegaCrit.Sts2.Core.Models.EnchantmentModel, Int32, MegaCrit.Sts2.Core.CardSelection.CardSelectorPrefs)
METHOD System.Collections.Generic.IEnumerable`1[Godot.Control] get_PeekButtonTargets()
METHOD Void OnCardClicked(MegaCrit.Sts2.Core.Models.CardModel)
METHOD Void RefreshConfirmButtonVisibility()
METHOD Void CloseSelection(MegaCrit.Sts2.Core.Nodes.GodotExtensions.NButton)
METHOD Void CancelSelection(MegaCrit.Sts2.Core.Nodes.GodotExtensions.NButton)
METHOD Void PreviewSelection(MegaCrit.Sts2.Core.Nodes.GodotExtensions.NButton)
METHOD Void PreviewSelection()
METHOD Void ConfirmSelection(MegaCrit.Sts2.Core.Nodes.GodotExtensions.NButton)
METHOD Void CheckIfSelectionComplete()
METHOD Godot.Control get_DefaultFocusedControl()
METHOD Godot.Control get_FocusedControlFromTopBar()
METHOD System.Collections.Generic.List`1[Godot.Bridge.MethodInfo] GetGodotMethodList()
METHOD Boolean InvokeGodotClassMethod(Godot.NativeInterop.godot_string_name ByRef, Godot.NativeInterop.NativeVariantPtrArgs, Godot.NativeInterop.godot_variant ByRef)
METHOD Boolean HasGodotClassMethod(Godot.NativeInterop.godot_string_name ByRef)
METHOD Boolean SetGodotClassPropertyValue(Godot.NativeInterop.godot_string_name ByRef, Godot.NativeInterop.godot_variant ByRef)
METHOD Boolean GetGodotClassPropertyValue(Godot.NativeInterop.godot_string_name ByRef, Godot.NativeInterop.godot_variant ByRef)
METHOD System.Collections.Generic.List`1[Godot.Bridge.PropertyInfo] GetGodotPropertyList()
METHOD Void SaveGodotObjectData(Godot.Bridge.GodotSerializationInfo)
METHOD Void RestoreGodotObjectData(Godot.Bridge.GodotSerializationInfo)
NESTED MegaCrit.Sts2.Core.Nodes.Screens.CardSelection.NDeckUpgradeSelectScreen+MethodName
NESTED MegaCrit.Sts2.Core.Nodes.Screens.CardSelection.NDeckUpgradeSelectScreen+PropertyName
NESTED MegaCrit.Sts2.Core.Nodes.Screens.CardSelection.NDeckUpgradeSelectScreen+SignalName
TYPE MegaCrit.Sts2.Core.Nodes.Screens.CardSelection.NDeckUpgradeSelectScreen
PROP System.String ScenePath get=System.String get_ScenePath()
PROP System.Collections.Generic.IEnumerable`1[System.String] AssetPaths get=System.Collections.Generic.IEnumerable`1[System.String] get_AssetPaths()
PROP Boolean UseSingleSelection get=Boolean get_UseSingleSelection()
PROP System.Collections.Generic.IEnumerable`1[Godot.Control] PeekButtonTargets get=System.Collections.Generic.IEnumerable`1[Godot.Control] get_PeekButtonTargets()
PROP Godot.Control DefaultFocusedControl get=Godot.Control get_DefaultFocusedControl()
PROP Godot.Control FocusedControlFromTopBar get=Godot.Control get_FocusedControlFromTopBar()
PROP MegaCrit.Sts2.Core.Entities.Multiplayer.NetScreenType ScreenType get=MegaCrit.Sts2.Core.Entities.Multiplayer.NetScreenType get_ScreenType()
PROP Boolean UseSharedBackstop get=Boolean get_UseSharedBackstop()
PROP Boolean ClipContents get=Boolean get_ClipContents()
PROP Godot.Vector2 CustomMinimumSize get=Godot.Vector2 get_CustomMinimumSize()
PROP LayoutDirectionEnum LayoutDirection get=LayoutDirectionEnum get_LayoutDirection()
PROP Int32 LayoutMode get=Int32 get_LayoutMode()
PROP Int32 AnchorsPreset get=Int32 get_AnchorsPreset()
PROP Single AnchorLeft get=Single get_AnchorLeft()
PROP Single AnchorTop get=Single get_AnchorTop()
PROP Single AnchorRight get=Single get_AnchorRight()
PROP Single AnchorBottom get=Single get_AnchorBottom()
PROP Single OffsetLeft get=Single get_OffsetLeft()
PROP Single OffsetTop get=Single get_OffsetTop()
PROP Single OffsetRight get=Single get_OffsetRight()
PROP Single OffsetBottom get=Single get_OffsetBottom()
PROP GrowDirection GrowHorizontal get=GrowDirection get_GrowHorizontal()
PROP GrowDirection GrowVertical get=GrowDirection get_GrowVertical()
PROP Godot.Vector2 Size get=Godot.Vector2 get_Size()
PROP Godot.Vector2 Position get=Godot.Vector2 get_Position()
PROP Godot.Vector2 GlobalPosition get=Godot.Vector2 get_GlobalPosition()
PROP Single Rotation get=Single get_Rotation()
PROP Single RotationDegrees get=Single get_RotationDegrees()
PROP Godot.Vector2 Scale get=Godot.Vector2 get_Scale()
PROP Godot.Vector2 PivotOffset get=Godot.Vector2 get_PivotOffset()
PROP SizeFlags SizeFlagsHorizontal get=SizeFlags get_SizeFlagsHorizontal()
PROP SizeFlags SizeFlagsVertical get=SizeFlags get_SizeFlagsVertical()
PROP Single SizeFlagsStretchRatio get=Single get_SizeFlagsStretchRatio()
PROP Boolean LocalizeNumeralSystem get=Boolean get_LocalizeNumeralSystem()
PROP Boolean AutoTranslate get=Boolean get_AutoTranslate()
PROP System.String TooltipText get=System.String get_TooltipText()
PROP AutoTranslateModeEnum TooltipAutoTranslateMode get=AutoTranslateModeEnum get_TooltipAutoTranslateMode()
PROP Godot.NodePath FocusNeighborLeft get=Godot.NodePath get_FocusNeighborLeft()
PROP Godot.NodePath FocusNeighborTop get=Godot.NodePath get_FocusNeighborTop()
PROP Godot.NodePath FocusNeighborRight get=Godot.NodePath get_FocusNeighborRight()
PROP Godot.NodePath FocusNeighborBottom get=Godot.NodePath get_FocusNeighborBottom()
PROP Godot.NodePath FocusNext get=Godot.NodePath get_FocusNext()
PROP Godot.NodePath FocusPrevious get=Godot.NodePath get_FocusPrevious()
PROP FocusModeEnum FocusMode get=FocusModeEnum get_FocusMode()
PROP FocusBehaviorRecursiveEnum FocusBehaviorRecursive get=FocusBehaviorRecursiveEnum get_FocusBehaviorRecursive()
PROP MouseFilterEnum MouseFilter get=MouseFilterEnum get_MouseFilter()
PROP MouseBehaviorRecursiveEnum MouseBehaviorRecursive get=MouseBehaviorRecursiveEnum get_MouseBehaviorRecursive()
PROP Boolean MouseForcePassScrollEvents get=Boolean get_MouseForcePassScrollEvents()
PROP CursorShape MouseDefaultCursorShape get=CursorShape get_MouseDefaultCursorShape()
PROP Godot.Node ShortcutContext get=Godot.Node get_ShortcutContext()
PROP System.String AccessibilityName get=System.String get_AccessibilityName()
PROP System.String AccessibilityDescription get=System.String get_AccessibilityDescription()
PROP AccessibilityLiveMode AccessibilityLive get=AccessibilityLiveMode get_AccessibilityLive()
PROP Godot.Collections.Array`1[Godot.NodePath] AccessibilityControlsNodes get=Godot.Collections.Array`1[Godot.NodePath] get_AccessibilityControlsNodes()
PROP Godot.Collections.Array`1[Godot.NodePath] AccessibilityDescribedByNodes get=Godot.Collections.Array`1[Godot.NodePath] get_AccessibilityDescribedByNodes()
PROP Godot.Collections.Array`1[Godot.NodePath] AccessibilityLabeledByNodes get=Godot.Collections.Array`1[Godot.NodePath] get_AccessibilityLabeledByNodes()
PROP Godot.Collections.Array`1[Godot.NodePath] AccessibilityFlowToNodes get=Godot.Collections.Array`1[Godot.NodePath] get_AccessibilityFlowToNodes()
PROP Godot.Theme Theme get=Godot.Theme get_Theme()
PROP Godot.StringName ThemeTypeVariation get=Godot.StringName get_ThemeTypeVariation()
PROP Boolean Visible get=Boolean get_Visible()
PROP Godot.Color Modulate get=Godot.Color get_Modulate()
PROP Godot.Color SelfModulate get=Godot.Color get_SelfModulate()
PROP Boolean ShowBehindParent get=Boolean get_ShowBehindParent()
PROP Boolean TopLevel get=Boolean get_TopLevel()
PROP ClipChildrenMode ClipChildren get=ClipChildrenMode get_ClipChildren()
PROP Int32 LightMask get=Int32 get_LightMask()
PROP UInt32 VisibilityLayer get=UInt32 get_VisibilityLayer()
PROP Int32 ZIndex get=Int32 get_ZIndex()
PROP Boolean ZAsRelative get=Boolean get_ZAsRelative()
PROP Boolean YSortEnabled get=Boolean get_YSortEnabled()
PROP TextureFilterEnum TextureFilter get=TextureFilterEnum get_TextureFilter()
PROP TextureRepeatEnum TextureRepeat get=TextureRepeatEnum get_TextureRepeat()
PROP Godot.Material Material get=Godot.Material get_Material()
PROP Boolean UseParentMaterial get=Boolean get_UseParentMaterial()
PROP Godot.NodePath _ImportPath get=Godot.NodePath get__ImportPath()
PROP Godot.StringName Name get=Godot.StringName get_Name()
PROP Boolean UniqueNameInOwner get=Boolean get_UniqueNameInOwner()
PROP System.String SceneFilePath get=System.String get_SceneFilePath()
PROP Godot.Node Owner get=Godot.Node get_Owner()
PROP Godot.MultiplayerApi Multiplayer get=Godot.MultiplayerApi get_Multiplayer()
PROP ProcessModeEnum ProcessMode get=ProcessModeEnum get_ProcessMode()
PROP Int32 ProcessPriority get=Int32 get_ProcessPriority()
PROP Int32 ProcessPhysicsPriority get=Int32 get_ProcessPhysicsPriority()
PROP ProcessThreadGroupEnum ProcessThreadGroup get=ProcessThreadGroupEnum get_ProcessThreadGroup()
PROP Int32 ProcessThreadGroupOrder get=Int32 get_ProcessThreadGroupOrder()
PROP ProcessThreadMessagesEnum ProcessThreadMessages get=ProcessThreadMessagesEnum get_ProcessThreadMessages()
PROP PhysicsInterpolationModeEnum PhysicsInterpolationMode get=PhysicsInterpolationModeEnum get_PhysicsInterpolationMode()
PROP AutoTranslateModeEnum AutoTranslateMode get=AutoTranslateModeEnum get_AutoTranslateMode()
PROP System.String EditorDescription get=System.String get_EditorDescription()
PROP IntPtr NativeInstance get=IntPtr get_NativeInstance()
FIELD System.Collections.Generic.HashSet`1[MegaCrit.Sts2.Core.Models.CardModel] _selectedCards
FIELD MegaCrit.Sts2.Core.CardSelection.CardSelectorPrefs _prefs
FIELD MegaCrit.Sts2.Core.Runs.IRunState _runState
FIELD Godot.Control _upgradeSinglePreviewContainer
FIELD MegaCrit.Sts2.Core.Nodes.Cards.NUpgradePreview _singlePreview
FIELD MegaCrit.Sts2.Core.Nodes.CommonUi.NBackButton _singlePreviewCancelButton
FIELD MegaCrit.Sts2.Core.Nodes.CommonUi.NConfirmButton _singlePreviewConfirmButton
FIELD MegaCrit.Sts2.Core.Nodes.CommonUi.NTickbox _viewUpgrades
FIELD Godot.Control _bottomTextContainer
FIELD MegaCrit.Sts2.addons.mega_text.MegaRichTextLabel _infoLabel
FIELD Godot.Control _upgradeMultiPreviewContainer
FIELD Godot.Control _multiPreview
FIELD MegaCrit.Sts2.Core.Nodes.CommonUi.NBackButton _multiPreviewCancelButton
FIELD MegaCrit.Sts2.Core.Nodes.CommonUi.NConfirmButton _multiPreviewConfirmButton
FIELD MegaCrit.Sts2.Core.Nodes.CommonUi.NBackButton _closeButton
FIELD MegaCrit.Sts2.Core.Nodes.Cards.NCardGrid _grid
FIELD MegaCrit.Sts2.Core.Nodes.Combat.NPeekButton _peekButton
FIELD System.Collections.Generic.IReadOnlyList`1[MegaCrit.Sts2.Core.Models.CardModel] _cards
FIELD System.Threading.Tasks.TaskCompletionSource`1[System.Collections.Generic.IEnumerable`1[MegaCrit.Sts2.Core.Models.CardModel]] _completionSource
FIELD IntPtr NativePtr
METHOD System.String get_ScenePath()
METHOD System.Collections.Generic.IEnumerable`1[System.String] get_AssetPaths()
METHOD Boolean get_UseSingleSelection()
METHOD Void _Ready()
METHOD MegaCrit.Sts2.Core.Nodes.Screens.CardSelection.NDeckUpgradeSelectScreen ShowScreen(System.Collections.Generic.IReadOnlyList`1[MegaCrit.Sts2.Core.Models.CardModel], MegaCrit.Sts2.Core.CardSelection.CardSelectorPrefs, MegaCrit.Sts2.Core.Runs.IRunState)
METHOD System.Collections.Generic.IEnumerable`1[Godot.Control] get_PeekButtonTargets()
METHOD Void OnCardClicked(MegaCrit.Sts2.Core.Models.CardModel)
METHOD Void CloseSelection(MegaCrit.Sts2.Core.Nodes.GodotExtensions.NButton)
METHOD Void CancelSelection(MegaCrit.Sts2.Core.Nodes.GodotExtensions.NButton)
METHOD Void ConfirmSelection(MegaCrit.Sts2.Core.Nodes.GodotExtensions.NButton)
METHOD Void CheckIfSelectionComplete()
METHOD Void ToggleShowUpgrades(MegaCrit.Sts2.Core.Nodes.CommonUi.NTickbox)
METHOD Void OnControllerStateUpdated()
METHOD Godot.Control get_DefaultFocusedControl()
METHOD Godot.Control get_FocusedControlFromTopBar()
METHOD System.Collections.Generic.List`1[Godot.Bridge.MethodInfo] GetGodotMethodList()
METHOD Boolean InvokeGodotClassMethod(Godot.NativeInterop.godot_string_name ByRef, Godot.NativeInterop.NativeVariantPtrArgs, Godot.NativeInterop.godot_variant ByRef)
METHOD Boolean HasGodotClassMethod(Godot.NativeInterop.godot_string_name ByRef)
METHOD Boolean SetGodotClassPropertyValue(Godot.NativeInterop.godot_string_name ByRef, Godot.NativeInterop.godot_variant ByRef)
METHOD Boolean GetGodotClassPropertyValue(Godot.NativeInterop.godot_string_name ByRef, Godot.NativeInterop.godot_variant ByRef)
METHOD System.Collections.Generic.List`1[Godot.Bridge.PropertyInfo] GetGodotPropertyList()
METHOD Void SaveGodotObjectData(Godot.Bridge.GodotSerializationInfo)
METHOD Void RestoreGodotObjectData(Godot.Bridge.GodotSerializationInfo)
NESTED MegaCrit.Sts2.Core.Nodes.Screens.CardSelection.NDeckTransformSelectScreen+MethodName
NESTED MegaCrit.Sts2.Core.Nodes.Screens.CardSelection.NDeckTransformSelectScreen+PropertyName
NESTED MegaCrit.Sts2.Core.Nodes.Screens.CardSelection.NDeckTransformSelectScreen+SignalName
TYPE MegaCrit.Sts2.Core.Nodes.Screens.CardSelection.NDeckTransformSelectScreen
PROP System.String ScenePath get=System.String get_ScenePath()
PROP System.Collections.Generic.IEnumerable`1[System.String] AssetPaths get=System.Collections.Generic.IEnumerable`1[System.String] get_AssetPaths()
PROP System.Collections.Generic.IEnumerable`1[Godot.Control] PeekButtonTargets get=System.Collections.Generic.IEnumerable`1[Godot.Control] get_PeekButtonTargets()
PROP Godot.Control DefaultFocusedControl get=Godot.Control get_DefaultFocusedControl()
PROP Godot.Control FocusedControlFromTopBar get=Godot.Control get_FocusedControlFromTopBar()
PROP MegaCrit.Sts2.Core.Entities.Multiplayer.NetScreenType ScreenType get=MegaCrit.Sts2.Core.Entities.Multiplayer.NetScreenType get_ScreenType()
PROP Boolean UseSharedBackstop get=Boolean get_UseSharedBackstop()
PROP Boolean ClipContents get=Boolean get_ClipContents()
PROP Godot.Vector2 CustomMinimumSize get=Godot.Vector2 get_CustomMinimumSize()
PROP LayoutDirectionEnum LayoutDirection get=LayoutDirectionEnum get_LayoutDirection()
PROP Int32 LayoutMode get=Int32 get_LayoutMode()
PROP Int32 AnchorsPreset get=Int32 get_AnchorsPreset()
PROP Single AnchorLeft get=Single get_AnchorLeft()
PROP Single AnchorTop get=Single get_AnchorTop()
PROP Single AnchorRight get=Single get_AnchorRight()
PROP Single AnchorBottom get=Single get_AnchorBottom()
PROP Single OffsetLeft get=Single get_OffsetLeft()
PROP Single OffsetTop get=Single get_OffsetTop()
PROP Single OffsetRight get=Single get_OffsetRight()
PROP Single OffsetBottom get=Single get_OffsetBottom()
PROP GrowDirection GrowHorizontal get=GrowDirection get_GrowHorizontal()
PROP GrowDirection GrowVertical get=GrowDirection get_GrowVertical()
PROP Godot.Vector2 Size get=Godot.Vector2 get_Size()
PROP Godot.Vector2 Position get=Godot.Vector2 get_Position()
PROP Godot.Vector2 GlobalPosition get=Godot.Vector2 get_GlobalPosition()
PROP Single Rotation get=Single get_Rotation()
PROP Single RotationDegrees get=Single get_RotationDegrees()
PROP Godot.Vector2 Scale get=Godot.Vector2 get_Scale()
PROP Godot.Vector2 PivotOffset get=Godot.Vector2 get_PivotOffset()
PROP SizeFlags SizeFlagsHorizontal get=SizeFlags get_SizeFlagsHorizontal()
PROP SizeFlags SizeFlagsVertical get=SizeFlags get_SizeFlagsVertical()
PROP Single SizeFlagsStretchRatio get=Single get_SizeFlagsStretchRatio()
PROP Boolean LocalizeNumeralSystem get=Boolean get_LocalizeNumeralSystem()
PROP Boolean AutoTranslate get=Boolean get_AutoTranslate()
PROP System.String TooltipText get=System.String get_TooltipText()
PROP AutoTranslateModeEnum TooltipAutoTranslateMode get=AutoTranslateModeEnum get_TooltipAutoTranslateMode()
PROP Godot.NodePath FocusNeighborLeft get=Godot.NodePath get_FocusNeighborLeft()
PROP Godot.NodePath FocusNeighborTop get=Godot.NodePath get_FocusNeighborTop()
PROP Godot.NodePath FocusNeighborRight get=Godot.NodePath get_FocusNeighborRight()
PROP Godot.NodePath FocusNeighborBottom get=Godot.NodePath get_FocusNeighborBottom()
PROP Godot.NodePath FocusNext get=Godot.NodePath get_FocusNext()
PROP Godot.NodePath FocusPrevious get=Godot.NodePath get_FocusPrevious()
PROP FocusModeEnum FocusMode get=FocusModeEnum get_FocusMode()
PROP FocusBehaviorRecursiveEnum FocusBehaviorRecursive get=FocusBehaviorRecursiveEnum get_FocusBehaviorRecursive()
PROP MouseFilterEnum MouseFilter get=MouseFilterEnum get_MouseFilter()
PROP MouseBehaviorRecursiveEnum MouseBehaviorRecursive get=MouseBehaviorRecursiveEnum get_MouseBehaviorRecursive()
PROP Boolean MouseForcePassScrollEvents get=Boolean get_MouseForcePassScrollEvents()
PROP CursorShape MouseDefaultCursorShape get=CursorShape get_MouseDefaultCursorShape()
PROP Godot.Node ShortcutContext get=Godot.Node get_ShortcutContext()
PROP System.String AccessibilityName get=System.String get_AccessibilityName()
PROP System.String AccessibilityDescription get=System.String get_AccessibilityDescription()
PROP AccessibilityLiveMode AccessibilityLive get=AccessibilityLiveMode get_AccessibilityLive()
PROP Godot.Collections.Array`1[Godot.NodePath] AccessibilityControlsNodes get=Godot.Collections.Array`1[Godot.NodePath] get_AccessibilityControlsNodes()
PROP Godot.Collections.Array`1[Godot.NodePath] AccessibilityDescribedByNodes get=Godot.Collections.Array`1[Godot.NodePath] get_AccessibilityDescribedByNodes()
PROP Godot.Collections.Array`1[Godot.NodePath] AccessibilityLabeledByNodes get=Godot.Collections.Array`1[Godot.NodePath] get_AccessibilityLabeledByNodes()
PROP Godot.Collections.Array`1[Godot.NodePath] AccessibilityFlowToNodes get=Godot.Collections.Array`1[Godot.NodePath] get_AccessibilityFlowToNodes()
PROP Godot.Theme Theme get=Godot.Theme get_Theme()
PROP Godot.StringName ThemeTypeVariation get=Godot.StringName get_ThemeTypeVariation()
PROP Boolean Visible get=Boolean get_Visible()
PROP Godot.Color Modulate get=Godot.Color get_Modulate()
PROP Godot.Color SelfModulate get=Godot.Color get_SelfModulate()
PROP Boolean ShowBehindParent get=Boolean get_ShowBehindParent()
PROP Boolean TopLevel get=Boolean get_TopLevel()
PROP ClipChildrenMode ClipChildren get=ClipChildrenMode get_ClipChildren()
PROP Int32 LightMask get=Int32 get_LightMask()
PROP UInt32 VisibilityLayer get=UInt32 get_VisibilityLayer()
PROP Int32 ZIndex get=Int32 get_ZIndex()
PROP Boolean ZAsRelative get=Boolean get_ZAsRelative()
PROP Boolean YSortEnabled get=Boolean get_YSortEnabled()
PROP TextureFilterEnum TextureFilter get=TextureFilterEnum get_TextureFilter()
PROP TextureRepeatEnum TextureRepeat get=TextureRepeatEnum get_TextureRepeat()
PROP Godot.Material Material get=Godot.Material get_Material()
PROP Boolean UseParentMaterial get=Boolean get_UseParentMaterial()
PROP Godot.NodePath _ImportPath get=Godot.NodePath get__ImportPath()
PROP Godot.StringName Name get=Godot.StringName get_Name()
PROP Boolean UniqueNameInOwner get=Boolean get_UniqueNameInOwner()
PROP System.String SceneFilePath get=System.String get_SceneFilePath()
PROP Godot.Node Owner get=Godot.Node get_Owner()
PROP Godot.MultiplayerApi Multiplayer get=Godot.MultiplayerApi get_Multiplayer()
PROP ProcessModeEnum ProcessMode get=ProcessModeEnum get_ProcessMode()
PROP Int32 ProcessPriority get=Int32 get_ProcessPriority()
PROP Int32 ProcessPhysicsPriority get=Int32 get_ProcessPhysicsPriority()
PROP ProcessThreadGroupEnum ProcessThreadGroup get=ProcessThreadGroupEnum get_ProcessThreadGroup()
PROP Int32 ProcessThreadGroupOrder get=Int32 get_ProcessThreadGroupOrder()
PROP ProcessThreadMessagesEnum ProcessThreadMessages get=ProcessThreadMessagesEnum get_ProcessThreadMessages()
PROP PhysicsInterpolationModeEnum PhysicsInterpolationMode get=PhysicsInterpolationModeEnum get_PhysicsInterpolationMode()
PROP AutoTranslateModeEnum AutoTranslateMode get=AutoTranslateModeEnum get_AutoTranslateMode()
PROP System.String EditorDescription get=System.String get_EditorDescription()
PROP IntPtr NativeInstance get=IntPtr get_NativeInstance()
FIELD System.Collections.Generic.HashSet`1[MegaCrit.Sts2.Core.Models.CardModel] _selectedCards
FIELD System.Func`2[MegaCrit.Sts2.Core.Models.CardModel,MegaCrit.Sts2.Core.Entities.Cards.CardTransformation] _cardToTransformation
FIELD MegaCrit.Sts2.Core.CardSelection.CardSelectorPrefs _prefs
FIELD Godot.Control _previewContainer
FIELD MegaCrit.Sts2.Core.Nodes.Cards.NTransformPreview _transformPreview
FIELD MegaCrit.Sts2.Core.Nodes.CommonUi.NConfirmButton _confirmButton
FIELD MegaCrit.Sts2.Core.Nodes.CommonUi.NBackButton _previewCancelButton
FIELD MegaCrit.Sts2.Core.Nodes.CommonUi.NConfirmButton _previewConfirmButton
FIELD Godot.Control _bottomTextContainer
FIELD MegaCrit.Sts2.addons.mega_text.MegaRichTextLabel _infoLabel
FIELD MegaCrit.Sts2.Core.Nodes.CommonUi.NTickbox _viewUpgrades
FIELD MegaCrit.Sts2.Core.Nodes.CommonUi.NBackButton _closeButton
FIELD MegaCrit.Sts2.Core.Nodes.Cards.NCardGrid _grid
FIELD MegaCrit.Sts2.Core.Nodes.Combat.NPeekButton _peekButton
FIELD System.Collections.Generic.IReadOnlyList`1[MegaCrit.Sts2.Core.Models.CardModel] _cards
FIELD System.Threading.Tasks.TaskCompletionSource`1[System.Collections.Generic.IEnumerable`1[MegaCrit.Sts2.Core.Models.CardModel]] _completionSource
FIELD IntPtr NativePtr
METHOD System.String get_ScenePath()
METHOD System.Collections.Generic.IEnumerable`1[System.String] get_AssetPaths()
METHOD Void _Ready()
METHOD MegaCrit.Sts2.Core.Nodes.Screens.CardSelection.NDeckTransformSelectScreen ShowScreen(System.Collections.Generic.IReadOnlyList`1[MegaCrit.Sts2.Core.Models.CardModel], System.Func`2[MegaCrit.Sts2.Core.Models.CardModel,MegaCrit.Sts2.Core.Entities.Cards.CardTransformation], MegaCrit.Sts2.Core.CardSelection.CardSelectorPrefs)
METHOD System.Collections.Generic.IEnumerable`1[Godot.Control] get_PeekButtonTargets()
METHOD Void RefreshConfirmButtonVisibility()
METHOD Void OnCardClicked(MegaCrit.Sts2.Core.Models.CardModel)
METHOD Void CloseSelection(MegaCrit.Sts2.Core.Nodes.GodotExtensions.NButton)
METHOD Void CancelSelection(MegaCrit.Sts2.Core.Nodes.GodotExtensions.NButton)
METHOD Void ConfirmSelection(MegaCrit.Sts2.Core.Nodes.GodotExtensions.NButton)
METHOD Void OpenPreviewScreen()
METHOD Void CompleteSelection(MegaCrit.Sts2.Core.Nodes.GodotExtensions.NButton)
METHOD Void ToggleShowUpgrades(MegaCrit.Sts2.Core.Nodes.CommonUi.NTickbox)
METHOD Void OnControllerStateUpdated()
METHOD Godot.Control get_DefaultFocusedControl()
METHOD Godot.Control get_FocusedControlFromTopBar()
METHOD System.Collections.Generic.List`1[Godot.Bridge.MethodInfo] GetGodotMethodList()
METHOD Boolean InvokeGodotClassMethod(Godot.NativeInterop.godot_string_name ByRef, Godot.NativeInterop.NativeVariantPtrArgs, Godot.NativeInterop.godot_variant ByRef)
METHOD Boolean HasGodotClassMethod(Godot.NativeInterop.godot_string_name ByRef)
METHOD Boolean SetGodotClassPropertyValue(Godot.NativeInterop.godot_string_name ByRef, Godot.NativeInterop.godot_variant ByRef)
METHOD Boolean GetGodotClassPropertyValue(Godot.NativeInterop.godot_string_name ByRef, Godot.NativeInterop.godot_variant ByRef)
METHOD System.Collections.Generic.List`1[Godot.Bridge.PropertyInfo] GetGodotPropertyList()
METHOD Void SaveGodotObjectData(Godot.Bridge.GodotSerializationInfo)
METHOD Void RestoreGodotObjectData(Godot.Bridge.GodotSerializationInfo)
