METHOD Void MoveNext()
 0000: ldarg.0 
 0001: ldfld field:Int32 <>1__state
 0006: stloc.0 
 0007: ldarg.0 
 0008: ldfld field:MegaCrit.Sts2.Core.GameActions.ActionExecutor <>4__this
 0013: stloc.1 
 0014: ldloc.0 
 0015: ldc.i4.3 
 0016: ble.un.s 40
 0018: ldloc.1 
 0019: newobj method:System.Threading.Tasks.TaskCompletionSource`1[System.Boolean].Void .ctor()
 0024: stfld field:System.Threading.Tasks.TaskCompletionSource`1[System.Boolean] _queueTaskCompletionSource
 0029: ldloc.1 
 0030: newobj method:System.Threading.CancellationTokenSource.Void .ctor()
 0035: stfld field:System.Threading.CancellationTokenSource _actionCancelToken
 0040: nop 
 0041: ldloc.0 
 0042: switch switch 4
 0063: ldarg.0 
 0064: ldloc.1 
 0065: ldfld field:MegaCrit.Sts2.Core.GameActions.Multiplayer.ActionQueueSet _actionQueueSet
 0070: callvirt method:MegaCrit.Sts2.Core.GameActions.Multiplayer.ActionQueueSet.MegaCrit.Sts2.Core.GameActions.GameAction GetReadyAction()
 0075: stfld field:MegaCrit.Sts2.Core.GameActions.GameAction <readyAction>5__2
 0080: br 1141
 0085: ldloc.1 
 0086: call method:MegaCrit.Sts2.Core.GameActions.ActionExecutor.System.Threading.Tasks.Task WaitForUnpause()
 0091: callvirt method:System.Threading.Tasks.Task.System.Runtime.CompilerServices.TaskAwaiter GetAwaiter()
 0096: stloc.2 
 0097: ldloca.s 2
 0099: call method:System.Runtime.CompilerServices.TaskAwaiter.Boolean get_IsCompleted()
 0104: brtrue.s 169
 0106: ldarg.0 
 0107: ldc.i4.0 
 0108: dup 
 0109: stloc.0 
 0110: stfld field:Int32 <>1__state
 0115: ldarg.0 
 0116: ldloc.2 
 0117: stfld field:System.Runtime.CompilerServices.TaskAwaiter <>u__1
 0122: ldarg.0 
 0123: ldflda field:System.Runtime.CompilerServices.AsyncTaskMethodBuilder <>t__builder
 0128: ldloca.s 2
 0130: ldarg.0 
 0131: call method:System.Runtime.CompilerServices.AsyncTaskMethodBuilder.Void AwaitUnsafeOnCompleted[TaskAwaiter,<ExecuteActions>d__28](System.Runtime.CompilerServices.TaskAwaiter ByRef, <ExecuteActions>d__28 ByRef)
 0136: leave 1286
 0141: ldarg.0 
 0142: ldfld field:System.Runtime.CompilerServices.TaskAwaiter <>u__1
 0147: stloc.2 
 0148: ldarg.0 
 0149: ldflda field:System.Runtime.CompilerServices.TaskAwaiter <>u__1
 0154: initobj type:System.Runtime.CompilerServices.TaskAwaiter
 0160: ldarg.0 
 0161: ldc.i4.m1 
 0162: dup 
 0163: stloc.0 
 0164: stfld field:Int32 <>1__state
 0169: ldloca.s 2
 0171: call method:System.Runtime.CompilerServices.TaskAwaiter.Void GetResult()
 0176: ldarg.0 
 0177: ldfld field:MegaCrit.Sts2.Core.GameActions.GameAction <readyAction>5__2
 0182: callvirt method:MegaCrit.Sts2.Core.GameActions.GameAction.MegaCrit.Sts2.Core.Entities.Actions.GameActionState get_State()
 0187: ldc.i4.6 
 0188: bne.un.s 212
 0190: ldarg.0 
 0191: ldloc.1 
 0192: ldfld field:MegaCrit.Sts2.Core.GameActions.Multiplayer.ActionQueueSet _actionQueueSet
 0197: callvirt method:MegaCrit.Sts2.Core.GameActions.Multiplayer.ActionQueueSet.MegaCrit.Sts2.Core.GameActions.GameAction GetReadyAction()
 0202: stfld field:MegaCrit.Sts2.Core.GameActions.GameAction <readyAction>5__2
 0207: br 1141
 0212: ldloc.1 
 0213: ldfld field:MegaCrit.Sts2.Core.Logging.Logger _logger
 0218: ldc.i4.s 18
 0220: ldc.i4.1 
 0221: newobj method:System.Runtime.CompilerServices.DefaultInterpolatedStringHandler.Void .ctor(Int32, Int32)
 0226: stloc.3 
 0227: ldloca.s 3
 0229: ldstr str:Executing action: 
 0234: call method:System.Runtime.CompilerServices.DefaultInterpolatedStringHandler.Void AppendLiteral(System.String)
 0239: ldloca.s 3
 0241: ldarg.0 
 0242: ldfld field:MegaCrit.Sts2.Core.GameActions.GameAction <readyAction>5__2
 0247: call method:System.Runtime.CompilerServices.DefaultInterpolatedStringHandler.Void AppendFormatted[GameAction](MegaCrit.Sts2.Core.GameActions.GameAction)
 0252: ldloca.s 3
 0254: call method:System.Runtime.CompilerServices.DefaultInterpolatedStringHandler.System.String ToStringAndClear()
 0259: ldc.i4.1 
 0260: callvirt method:MegaCrit.Sts2.Core.Logging.Logger.Void Debug(System.String, Int32)
 0265: ldloc.1 
 0266: ldfld field:System.Action`1[MegaCrit.Sts2.Core.GameActions.GameAction] BeforeActionExecuted
 0271: dup 
 0272: brtrue.s 277
 0274: pop 
 0275: br.s 288
 0277: ldarg.0 
 0278: ldfld field:MegaCrit.Sts2.Core.GameActions.GameAction <readyAction>5__2
 0283: callvirt method:System.Action`1[MegaCrit.Sts2.Core.GameActions.GameAction].Void Invoke(MegaCrit.Sts2.Core.GameActions.GameAction)
 0288: call method:MegaCrit.Sts2.Core.Helpers.NonInteractiveMode.Boolean get_IsActive()
 0293: brfalse 426
 0298: ldloc.1 
 0299: ldarg.0 
 0300: ldfld field:MegaCrit.Sts2.Core.GameActions.GameAction <readyAction>5__2
 0305: call method:MegaCrit.Sts2.Core.GameActions.ActionExecutor.Void set_CurrentlyRunningAction(MegaCrit.Sts2.Core.GameActions.GameAction)
 0310: ldarg.0 
 0311: ldfld field:MegaCrit.Sts2.Core.GameActions.GameAction <readyAction>5__2
 0316: callvirt method:MegaCrit.Sts2.Core.GameActions.GameAction.System.Threading.Tasks.Task Execute()
 0321: callvirt method:System.Threading.Tasks.Task.System.Runtime.CompilerServices.TaskAwaiter GetAwaiter()
 0326: stloc.s 4
 0328: ldloca.s 4
 0330: call method:System.Runtime.CompilerServices.TaskAwaiter.Boolean get_IsCompleted()
 0335: brtrue.s 402
 0337: ldarg.0 
 0338: ldc.i4.1 
 0339: dup 
 0340: stloc.0 
 0341: stfld field:Int32 <>1__state
 0346: ldarg.0 
 0347: ldloc.s 4
 0349: stfld field:System.Runtime.CompilerServices.TaskAwaiter <>u__1
 0354: ldarg.0 
 0355: ldflda field:System.Runtime.CompilerServices.AsyncTaskMethodBuilder <>t__builder
 0360: ldloca.s 4
 0362: ldarg.0 
 0363: call method:System.Runtime.CompilerServices.AsyncTaskMethodBuilder.Void AwaitUnsafeOnCompleted[TaskAwaiter,<ExecuteActions>d__28](System.Runtime.CompilerServices.TaskAwaiter ByRef, <ExecuteActions>d__28 ByRef)
 0368: leave 1286
 0373: ldarg.0 
 0374: ldfld field:System.Runtime.CompilerServices.TaskAwaiter <>u__1
 0379: stloc.s 4
 0381: ldarg.0 
 0382: ldflda field:System.Runtime.CompilerServices.TaskAwaiter <>u__1
 0387: initobj type:System.Runtime.CompilerServices.TaskAwaiter
 0393: ldarg.0 
 0394: ldc.i4.m1 
 0395: dup 
 0396: stloc.0 
 0397: stfld field:Int32 <>1__state
 0402: ldloca.s 4
 0404: call method:System.Runtime.CompilerServices.TaskAwaiter.Void GetResult()
 0409: ldloc.1 
 0410: ldarg.0 
 0411: ldfld field:MegaCrit.Sts2.Core.GameActions.GameAction <readyAction>5__2
 0416: call method:MegaCrit.Sts2.Core.GameActions.ActionExecutor.Void AfterActionFinished(MegaCrit.Sts2.Core.GameActions.GameAction)
 0421: br 738
 0426: ldloc.1 
 0427: ldarg.0 
 0428: ldfld field:MegaCrit.Sts2.Core.GameActions.GameAction <readyAction>5__2
 0433: call method:MegaCrit.Sts2.Core.GameActions.ActionExecutor.Void set_CurrentlyRunningAction(MegaCrit.Sts2.Core.GameActions.GameAction)
 0438: ldarg.0 
 0439: ldfld field:MegaCrit.Sts2.Core.GameActions.GameAction <readyAction>5__2
 0444: ldloc.1 
 0445: ldftn method:MegaCrit.Sts2.Core.GameActions.ActionExecutor.Void JustBeforeActionFinished(MegaCrit.Sts2.Core.GameActions.GameAction)
 0451: newobj method:System.Action`1[MegaCrit.Sts2.Core.GameActions.GameAction].Void .ctor(System.Object, IntPtr)
 0456: callvirt method:MegaCrit.Sts2.Core.GameActions.GameAction.Void add_JustBeforeFinished(System.Action`1[MegaCrit.Sts2.Core.GameActions.GameAction])
 0461: ldarg.0 
 0462: ldfld field:MegaCrit.Sts2.Core.GameActions.GameAction <readyAction>5__2
 0467: ldloc.1 
 0468: ldftn method:MegaCrit.Sts2.Core.GameActions.ActionExecutor.Void AfterActionFinished(MegaCrit.Sts2.Core.GameActions.GameAction)
 0474: newobj method:System.Action`1[MegaCrit.Sts2.Core.GameActions.GameAction].Void .ctor(System.Object, IntPtr)
 0479: callvirt method:MegaCrit.Sts2.Core.GameActions.GameAction.Void add_AfterFinished(System.Action`1[MegaCrit.Sts2.Core.GameActions.GameAction])
 0484: ldarg.0 
 0485: ldarg.0 
 0486: ldfld field:MegaCrit.Sts2.Core.GameActions.GameAction <readyAction>5__2
 0491: callvirt method:MegaCrit.Sts2.Core.GameActions.GameAction.System.Threading.Tasks.Task Execute()
 0496: stfld field:System.Threading.Tasks.Task <actionTask>5__3
 0501: br.s 612
 0503: call method:Godot.Engine.Godot.MainLoop GetMainLoop()
 0508: call method:Godot.Engine.Godot.MainLoop GetMainLoop()
 0513: ldsfld field:Godot.StringName ProcessFrame
 0518: callvirt method:Godot.GodotObject.Godot.SignalAwaiter ToSignal(Godot.GodotObject, Godot.StringName)
 0523: callvirt method:Godot.SignalAwaiter.Godot.IAwaiter`1[Godot.Variant[]] GetAwaiter()
 0528: stloc.s 5
 0530: ldloc.s 5
 0532: callvirt method:Godot.IAwaiter`1[Godot.Variant[]].Boolean get_IsCompleted()
 0537: brtrue.s 604
 0539: ldarg.0 
 0540: ldc.i4.2 
 0541: dup 
 0542: stloc.0 
 0543: stfld field:Int32 <>1__state
 0548: ldarg.0 
 0549: ldloc.s 5
 0551: stfld field:System.Object <>u__2
 0556: ldarg.0 
 0557: ldflda field:System.Runtime.CompilerServices.AsyncTaskMethodBuilder <>t__builder
 0562: ldloca.s 5
 0564: ldarg.0 
 0565: call method:System.Runtime.CompilerServices.AsyncTaskMethodBuilder.Void AwaitOnCompleted[IAwaiter`1,<ExecuteActions>d__28](Godot.IAwaiter`1[Godot.Variant[]] ByRef, <ExecuteActions>d__28 ByRef)
 0570: leave 1286
 0575: ldarg.0 
 0576: ldfld field:System.Object <>u__2
 0581: castclass type:Godot.IAwaiter`1[Godot.Variant[]]
 0586: stloc.s 5
 0588: ldarg.0 
 0589: ldnull 
 0590: stfld field:System.Object <>u__2
 0595: ldarg.0 
 0596: ldc.i4.m1 
 0597: dup 
 0598: stloc.0 
 0599: stfld field:Int32 <>1__state
 0604: ldloc.s 5
 0606: callvirt method:Godot.IAwaiter`1[Godot.Variant[]].Godot.Variant[] GetResult()
 0611: pop 
 0612: ldarg.0 
 0613: ldfld field:System.Threading.Tasks.Task <actionTask>5__3
 0618: callvirt method:System.Threading.Tasks.Task.Boolean get_IsCompleted()
 0623: brtrue.s 641
 0625: ldloc.1 
 0626: ldfld field:System.Threading.CancellationTokenSource _actionCancelToken
 0631: callvirt method:System.Threading.CancellationTokenSource.Boolean get_IsCancellationRequested()
 0636: brfalse 503
 0641: ldarg.0 
 0642: ldfld field:System.Threading.Tasks.Task <actionTask>5__3
 0647: callvirt method:System.Threading.Tasks.Task.Boolean get_IsFaulted()
 0652: brfalse.s 731
 0654: ldc.i4.s 38
 0656: ldc.i4.2 
 0657: newobj method:System.Runtime.CompilerServices.DefaultInterpolatedStringHandler.Void .ctor(Int32, Int32)
 0662: stloc.3 
 0663: ldloca.s 3
 0665: ldstr str:GameAction 
 0670: call method:System.Runtime.CompilerServices.DefaultInterpolatedStringHandler.Void AppendLiteral(System.String)
 0675: ldloca.s 3
 0677: ldarg.0 
 0678: ldfld field:MegaCrit.Sts2.Core.GameActions.GameAction <readyAction>5__2
 0683: call method:System.Runtime.CompilerServices.DefaultInterpolatedStringHandler.Void AppendFormatted[GameAction](MegaCrit.Sts2.Core.GameActions.GameAction)
 0688: ldloca.s 3
 0690: ldstr str: completed with exception: 
 0695: call method:System.Runtime.CompilerServices.DefaultInterpolatedStringHandler.Void AppendLiteral(System.String)
 0700: ldloca.s 3
 0702: ldarg.0 
 0703: ldfld field:System.Threading.Tasks.Task <actionTask>5__3
 0708: callvirt method:System.Threading.Tasks.Task.System.AggregateException get_Exception()
 0713: call method:System.Runtime.CompilerServices.DefaultInterpolatedStringHandler.Void AppendFormatted[AggregateException](System.AggregateException)
 0718: ldloca.s 3
 0720: call method:System.Runtime.CompilerServices.DefaultInterpolatedStringHandler.System.String ToStringAndClear()
 0725: ldc.i4.2 
 0726: call method:MegaCrit.Sts2.Core.Logging.Log.Void Error(System.String, Int32)
 0731: ldarg.0 
 0732: ldnull 
 0733: stfld field:System.Threading.Tasks.Task <actionTask>5__3
 0738: call method:MegaCrit.Sts2.Core.Combat.CombatManager.MegaCrit.Sts2.Core.Combat.CombatManager get_Instance()
 0743: callvirt method:MegaCrit.Sts2.Core.Combat.CombatManager.Boolean get_IsInProgress()
 0748: stloc.s 6
 0750: ldloc.s 6
 0752: stloc.s 7
 0754: ldloc.s 7
 0756: brfalse.s 799
 0758: ldarg.0 
 0759: ldfld field:MegaCrit.Sts2.Core.GameActions.GameAction <readyAction>5__2
 0764: isinst type:MegaCrit.Sts2.Core.GameActions.EndPlayerTurnAction
 0769: brtrue.s 784
 0771: ldarg.0 
 0772: ldfld field:MegaCrit.Sts2.Core.GameActions.GameAction <readyAction>5__2
 0777: isinst type:MegaCrit.Sts2.Core.GameActions.ReadyToBeginEnemyTurnAction
 0782: brfalse.s 789
 0784: ldc.i4.1 
 0785: stloc.s 8
 0787: br.s 792
 0789: ldc.i4.0 
 0790: stloc.s 8
 0792: ldloc.s 8
 0794: ldc.i4.0 
 0795: ceq 
 0797: stloc.s 7
 0799: ldloc.s 7
 0801: brfalse.s 902
 0803: call method:MegaCrit.Sts2.Core.Combat.CombatManager.MegaCrit.Sts2.Core.Combat.CombatManager get_Instance()
 0808: callvirt method:MegaCrit.Sts2.Core.Combat.CombatManager.System.Threading.Tasks.Task`1[System.Boolean] CheckWinCondition()
 0813: callvirt method:System.Threading.Tasks.Task`1[System.Boolean].System.Runtime.CompilerServices.TaskAwaiter`1[System.Boolean] GetAwaiter()
 0818: stloc.s 9
 0820: ldloca.s 9
 0822: call method:System.Runtime.CompilerServices.TaskAwaiter`1[System.Boolean].Boolean get_IsCompleted()
 0827: brtrue.s 894
 0829: ldarg.0 
 0830: ldc.i4.3 
 0831: dup 
 0832: stloc.0 
 0833: stfld field:Int32 <>1__state
 0838: ldarg.0 
 0839: ldloc.s 9
 0841: stfld field:System.Runtime.CompilerServices.TaskAwaiter`1[System.Boolean] <>u__3
 0846: ldarg.0 
 0847: ldflda field:System.Runtime.CompilerServices.AsyncTaskMethodBuilder <>t__builder
 0852: ldloca.s 9
 0854: ldarg.0 
 0855: call method:System.Runtime.CompilerServices.AsyncTaskMethodBuilder.Void AwaitUnsafeOnCompleted[TaskAwaiter`1,<ExecuteActions>d__28](System.Runtime.CompilerServices.TaskAwaiter`1[System.Boolean] ByRef, <ExecuteActions>d__28 ByRef)
 0860: leave 1286
 0865: ldarg.0 
 0866: ldfld field:System.Runtime.CompilerServices.TaskAwaiter`1[System.Boolean] <>u__3
 0871: stloc.s 9
 0873: ldarg.0 
 0874: ldflda field:System.Runtime.CompilerServices.TaskAwaiter`1[System.Boolean] <>u__3
 0879: initobj type:System.Runtime.CompilerServices.TaskAwaiter`1[System.Boolean]
 0885: ldarg.0 
 0886: ldc.i4.m1 
 0887: dup 
 0888: stloc.0 
 0889: stfld field:Int32 <>1__state
 0894: ldloca.s 9
 0896: call method:System.Runtime.CompilerServices.TaskAwaiter`1[System.Boolean].Boolean GetResult()
 0901: pop 
 0902: ldarg.0 
 0903: ldfld field:MegaCrit.Sts2.Core.GameActions.GameAction <readyAction>5__2
 0908: callvirt method:MegaCrit.Sts2.Core.GameActions.GameAction.MegaCrit.Sts2.Core.Entities.Actions.GameActionState get_State()
 0913: ldc.i4.5 
 0914: bne.un.s 983
 0916: ldloc.1 
 0917: ldfld field:MegaCrit.Sts2.Core.Logging.Logger _logger
 0922: ldc.i4.s 61
 0924: ldc.i4.1 
 0925: newobj method:System.Runtime.CompilerServices.DefaultInterpolatedStringHandler.Void .ctor(Int32, Int32)
 0930: stloc.3 
 0931: ldloca.s 3
 0933: ldstr str:Completed execution of action 
 0938: call method:System.Runtime.CompilerServices.DefaultInterpolatedStringHandler.Void AppendLiteral(System.String)
 0943: ldloca.s 3
 0945: ldarg.0 
 0946: ldfld field:MegaCrit.Sts2.Core.GameActions.GameAction <readyAction>5__2
 0951: call method:System.Runtime.CompilerServices.DefaultInterpolatedStringHandler.Void AppendFormatted[GameAction](MegaCrit.Sts2.Core.GameActions.GameAction)
 0956: ldloca.s 3
 0958: ldstr str:, attempting to find new action
 0963: call method:System.Runtime.CompilerServices.DefaultInterpolatedStringHandler.Void AppendLiteral(System.String)
 0968: ldloca.s 3
 0970: call method:System.Runtime.CompilerServices.DefaultInterpolatedStringHandler.System.String ToStringAndClear()
 0975: ldc.i4.1 
 0976: callvirt method:MegaCrit.Sts2.Core.Logging.Logger.Void Debug(System.String, Int32)
 0981: br.s 1078
 0983: ldloc.1 
 0984: ldfld field:MegaCrit.Sts2.Core.Logging.Logger _logger
 0989: ldc.i4.s 70
 0991: ldc.i4.2 
 0992: newobj method:System.Runtime.CompilerServices.DefaultInterpolatedStringHandler.Void .ctor(Int32, Int32)
 0997: stloc.3 
 0998: ldloca.s 3
 1000: ldstr str:Paused execution of action 
 1005: call method:System.Runtime.CompilerServices.DefaultInterpolatedStringHandler.Void AppendLiteral(System.String)
 1010: ldloca.s 3
 1012: ldarg.0 
 1013: ldfld field:MegaCrit.Sts2.Core.GameActions.GameAction <readyAction>5__2
 1018: call method:System.Runtime.CompilerServices.DefaultInterpolatedStringHandler.Void AppendFormatted[GameAction](MegaCrit.Sts2.Core.GameActions.GameAction)
 1023: ldloca.s 3
 1025: ldstr str: (state is 
 1030: call method:System.Runtime.CompilerServices.DefaultInterpolatedStringHandler.Void AppendLiteral(System.String)
 1035: ldloca.s 3
 1037: ldarg.0 
 1038: ldfld field:MegaCrit.Sts2.Core.GameActions.GameAction <readyAction>5__2
 1043: callvirt method:MegaCrit.Sts2.Core.GameActions.GameAction.MegaCrit.Sts2.Core.Entities.Actions.GameActionState get_State()
 1048: call method:System.Runtime.CompilerServices.DefaultInterpolatedStringHandler.Void AppendFormatted[GameActionState](MegaCrit.Sts2.Core.Entities.Actions.GameActionState)
 1053: ldloca.s 3
 1055: ldstr str:), attempting to find new action
 1060: call method:System.Runtime.CompilerServices.DefaultInterpolatedStringHandler.Void AppendLiteral(System.String)
 1065: ldloca.s 3
 1067: call method:System.Runtime.CompilerServices.DefaultInterpolatedStringHandler.System.String ToStringAndClear()
 1072: ldc.i4.1 
 1073: callvirt method:MegaCrit.Sts2.Core.Logging.Logger.Void Debug(System.String, Int32)
 1078: ldarg.0 
 1079: ldfld field:MegaCrit.Sts2.Core.GameActions.GameAction <readyAction>5__2
 1084: ldloc.1 
 1085: ldftn method:MegaCrit.Sts2.Core.GameActions.ActionExecutor.Void JustBeforeActionFinished(MegaCrit.Sts2.Core.GameActions.GameAction)
 1091: newobj method:System.Action`1[MegaCrit.Sts2.Core.GameActions.GameAction].Void .ctor(System.Object, IntPtr)
 1096: callvirt method:MegaCrit.Sts2.Core.GameActions.GameAction.Void remove_JustBeforeFinished(System.Action`1[MegaCrit.Sts2.Core.GameActions.GameAction])
 1101: ldarg.0 
 1102: ldfld field:MegaCrit.Sts2.Core.GameActions.GameAction <readyAction>5__2
 1107: ldloc.1 
 1108: ldftn method:MegaCrit.Sts2.Core.GameActions.ActionExecutor.Void AfterActionFinished(MegaCrit.Sts2.Core.GameActions.GameAction)
 1114: newobj method:System.Action`1[MegaCrit.Sts2.Core.GameActions.GameAction].Void .ctor(System.Object, IntPtr)
 1119: callvirt method:MegaCrit.Sts2.Core.GameActions.GameAction.Void remove_AfterFinished(System.Action`1[MegaCrit.Sts2.Core.GameActions.GameAction])
 1124: ldarg.0 
 1125: ldloc.1 
 1126: ldfld field:MegaCrit.Sts2.Core.GameActions.Multiplayer.ActionQueueSet _actionQueueSet
 1131: callvirt method:MegaCrit.Sts2.Core.GameActions.Multiplayer.ActionQueueSet.MegaCrit.Sts2.Core.GameActions.GameAction GetReadyAction()
 1136: stfld field:MegaCrit.Sts2.Core.GameActions.GameAction <readyAction>5__2
 1141: ldarg.0 
 1142: ldfld field:MegaCrit.Sts2.Core.GameActions.GameAction <readyAction>5__2
 1147: brtrue 85
 1152: ldloc.1 
 1153: ldfld field:System.Threading.Tasks.TaskCompletionSource`1[System.Boolean] _queueTaskCompletionSource
 1158: dup 
 1159: brtrue.s 1164
 1161: pop 
 1162: br.s 1170
 1164: ldc.i4.1 
 1165: call method:System.Threading.Tasks.TaskCompletionSource`1[System.Boolean].Void SetResult(Boolean)
 1170: ldarg.0 
 1171: ldnull 
 1172: stfld field:MegaCrit.Sts2.Core.GameActions.GameAction <readyAction>5__2
 1177: leave.s 1240
 1179: stloc.s 10
 1181: ldstr str:ActionExecutor.ExecuteActions should never be canceled!
 1186: ldloc.s 10
 1188: newobj method:System.InvalidOperationException.Void .ctor(System.String, System.Exception)
 1193: stloc.s 11
 1195: ldloc.1 
 1196: ldfld field:System.Threading.Tasks.TaskCompletionSource`1[System.Boolean] _queueTaskCompletionSource
 1201: dup 
 1202: brtrue.s 1207
 1204: pop 
 1205: br.s 1214
 1207: ldloc.s 11
 1209: call method:System.Threading.Tasks.TaskCompletionSource`1[System.Boolean].Void SetException(System.Exception)
 1214: ldloc.s 11
 1216: throw 
 1217: stloc.s 12
 1219: ldloc.1 
 1220: ldfld field:System.Threading.Tasks.TaskCompletionSource`1[System.Boolean] _queueTaskCompletionSource
 1225: dup 
 1226: brtrue.s 1231
 1228: pop 
 1229: br.s 1238
 1231: ldloc.s 12
 1233: call method:System.Threading.Tasks.TaskCompletionSource`1[System.Boolean].Void SetException(System.Exception)
 1238: rethrow 
 1240: leave.s 1267
 1242: stloc.s 13
 1244: ldarg.0 
 1245: ldc.i4.s -2
 1247: stfld field:Int32 <>1__state
 1252: ldarg.0 
 1253: ldflda field:System.Runtime.CompilerServices.AsyncTaskMethodBuilder <>t__builder
 1258: ldloc.s 13
 1260: call method:System.Runtime.CompilerServices.AsyncTaskMethodBuilder.Void SetException(System.Exception)
 1265: leave.s 1286
 1267: ldarg.0 
 1268: ldc.i4.s -2
 1270: stfld field:Int32 <>1__state
 1275: ldarg.0 
 1276: ldflda field:System.Runtime.CompilerServices.AsyncTaskMethodBuilder <>t__builder
 1281: call method:System.Runtime.CompilerServices.AsyncTaskMethodBuilder.Void SetResult()
 1286: ret 
METHOD System.Threading.Tasks.Task FinishedExecutingActions()
 0000: ldarg.0 
 0001: ldfld field:System.Threading.Tasks.TaskCompletionSource`1[System.Boolean] _queueTaskCompletionSource
 0006: brtrue.s 14
 0008: call method:System.Threading.Tasks.Task.System.Threading.Tasks.Task get_CompletedTask()
 0013: ret 
 0014: ldarg.0 
 0015: ldfld field:System.Threading.Tasks.TaskCompletionSource`1[System.Boolean] _queueTaskCompletionSource
 0020: callvirt method:System.Threading.Tasks.TaskCompletionSource`1[System.Boolean].System.Threading.Tasks.Task`1[System.Boolean] get_Task()
 0025: ret 
METHOD Void ActionQueueChanged()
 0000: ldarg.0 
 0001: call method:MegaCrit.Sts2.Core.GameActions.ActionExecutor.Boolean get_IsRunning()
 0006: brtrue.s 37
 0008: ldarg.0 
 0009: ldfld field:MegaCrit.Sts2.Core.Logging.Logger _logger
 0014: ldstr str:Action queue changed, beginning ExecuteActions
 0019: ldc.i4.1 
 0020: callvirt method:MegaCrit.Sts2.Core.Logging.Logger.Void Debug(System.String, Int32)
 0025: ldarg.0 
 0026: call method:MegaCrit.Sts2.Core.GameActions.ActionExecutor.System.Threading.Tasks.Task ExecuteActions()
 0031: call method:MegaCrit.Sts2.Core.Helpers.TaskHelper.System.Threading.Tasks.Task RunSafely(System.Threading.Tasks.Task)
 0036: pop 
 0037: ret 
METHOD Void Pause()
 0000: call method:MegaCrit.Sts2.Core.Helpers.NonInteractiveMode.System.Func`1[System.Boolean] get_AutoSlayerCheck()
 0005: callvirt method:System.Func`1[System.Boolean].Boolean Invoke()
 0010: brfalse.s 13
 0012: ret 
 0013: ldarg.0 
 0014: ldfld field:MegaCrit.Sts2.Core.Logging.Logger _logger
 0019: ldstr str:Pausing queue
 0024: ldc.i4.1 
 0025: callvirt method:MegaCrit.Sts2.Core.Logging.Logger.Void Debug(System.String, Int32)
 0030: ldarg.0 
 0031: ldc.i4.1 
 0032: stfld field:Boolean _isPaused
 0037: ret 
METHOD Void Unpause()
 0000: ldarg.0 
 0001: ldfld field:MegaCrit.Sts2.Core.Logging.Logger _logger
 0006: ldstr str:Un-pausing queue
 0011: ldc.i4.1 
 0012: callvirt method:MegaCrit.Sts2.Core.Logging.Logger.Void Debug(System.String, Int32)
 0017: ldarg.0 
 0018: ldc.i4.0 
 0019: stfld field:Boolean _isPaused
 0024: ret 
METHOD Void Cancel()
 0000: ldarg.0 
 0001: ldfld field:MegaCrit.Sts2.Core.Logging.Logger _logger
 0006: ldstr str:Cancelling queue
 0011: ldc.i4.1 
 0012: callvirt method:MegaCrit.Sts2.Core.Logging.Logger.Void Debug(System.String, Int32)
 0017: ldarg.0 
 0018: ldfld field:System.Threading.CancellationTokenSource _actionCancelToken
 0023: dup 
 0024: brtrue.s 28
 0026: pop 
 0027: ret 
 0028: call method:System.Threading.CancellationTokenSource.Void Cancel()
 0033: ret 
METHOD Boolean get_IsRunning()
 0000: ldarg.0 
 0001: ldfld field:System.Threading.Tasks.TaskCompletionSource`1[System.Boolean] _queueTaskCompletionSource
 0006: stloc.0 
 0007: ldloc.0 
 0008: brfalse.s 30
 0010: ldloc.0 
 0011: callvirt method:System.Threading.Tasks.TaskCompletionSource`1[System.Boolean].System.Threading.Tasks.Task`1[System.Boolean] get_Task()
 0016: stloc.1 
 0017: ldloc.1 
 0018: brfalse.s 30
 0020: ldloc.1 
 0021: callvirt method:System.Threading.Tasks.Task.Boolean get_IsCompleted()
 0026: ldc.i4.0 
 0027: ceq 
 0029: ret 
 0030: ldc.i4.0 
 0031: ret 
METHOD Void MoveNext()
 0000: ldarg.0 
 0001: ldfld field:Int32 <>1__state
 0006: stloc.0 
 0007: ldarg.0 
 0008: ldfld field:MegaCrit.Sts2.Core.GameActions.ActionExecutor <>4__this
 0013: stloc.1 
 0014: ldloc.0 
 0015: brfalse.s 108
 0017: ldloc.0 
 0018: ldc.i4.1 
 0019: beq 212
 0024: call method:MegaCrit.Sts2.Core.Helpers.NonInteractiveMode.System.Func`1[System.Boolean] get_AutoSlayerCheck()
 0029: callvirt method:System.Func`1[System.Boolean].Boolean Invoke()
 0034: brfalse 248
 0039: leave 286
 0044: call method:MegaCrit.Sts2.Core.TestSupport.TestMode.Boolean get_IsOn()
 0049: brfalse.s 145
 0051: ldc.i4.s 50
 0053: call method:System.Threading.Tasks.Task.System.Threading.Tasks.Task Delay(Int32)
 0058: callvirt method:System.Threading.Tasks.Task.System.Runtime.CompilerServices.TaskAwaiter GetAwaiter()
 0063: stloc.2 
 0064: ldloca.s 2
 0066: call method:System.Runtime.CompilerServices.TaskAwaiter.Boolean get_IsCompleted()
 0071: brtrue.s 136
 0073: ldarg.0 
 0074: ldc.i4.0 
 0075: dup 
 0076: stloc.0 
 0077: stfld field:Int32 <>1__state
 0082: ldarg.0 
 0083: ldloc.2 
 0084: stfld field:System.Runtime.CompilerServices.TaskAwaiter <>u__1
 0089: ldarg.0 
 0090: ldflda field:System.Runtime.CompilerServices.AsyncTaskMethodBuilder <>t__builder
 0095: ldloca.s 2
 0097: ldarg.0 
 0098: call method:System.Runtime.CompilerServices.AsyncTaskMethodBuilder.Void AwaitUnsafeOnCompleted[TaskAwaiter,<WaitForUnpause>d__31](System.Runtime.CompilerServices.TaskAwaiter ByRef, <WaitForUnpause>d__31 ByRef)
 0103: leave 305
 0108: ldarg.0 
 0109: ldfld field:System.Runtime.CompilerServices.TaskAwaiter <>u__1
 0114: stloc.2 
 0115: ldarg.0 
 0116: ldflda field:System.Runtime.CompilerServices.TaskAwaiter <>u__1
 0121: initobj type:System.Runtime.CompilerServices.TaskAwaiter
 0127: ldarg.0 
 0128: ldc.i4.m1 
 0129: dup 
 0130: stloc.0 
 0131: stfld field:Int32 <>1__state
 0136: ldloca.s 2
 0138: call method:System.Runtime.CompilerServices.TaskAwaiter.Void GetResult()
 0143: br.s 248
 0145: call method:MegaCrit.Sts2.Core.Nodes.NGame.MegaCrit.Sts2.Core.Nodes.NGame get_Instance()
 0150: ldloca.s 4
 0152: initobj type:System.Threading.CancellationToken
 0158: ldloc.s 4
 0160: call method:MegaCrit.Sts2.Core.Nodes.GodotExtensions.NodeUtil.System.Threading.Tasks.Task`1[System.Single] AwaitProcessFrame(Godot.Node, System.Threading.CancellationToken)
 0165: callvirt method:System.Threading.Tasks.Task`1[System.Single].System.Runtime.CompilerServices.TaskAwaiter`1[System.Single] GetAwaiter()
 0170: stloc.3 
 0171: ldloca.s 3
 0173: call method:System.Runtime.CompilerServices.TaskAwaiter`1[System.Single].Boolean get_IsCompleted()
 0178: brtrue.s 240
 0180: ldarg.0 
 0181: ldc.i4.1 
 0182: dup 
 0183: stloc.0 
 0184: stfld field:Int32 <>1__state
 0189: ldarg.0 
 0190: ldloc.3 
 0191: stfld field:System.Runtime.CompilerServices.TaskAwaiter`1[System.Single] <>u__2
 0196: ldarg.0 
 0197: ldflda field:System.Runtime.CompilerServices.AsyncTaskMethodBuilder <>t__builder
 0202: ldloca.s 3
 0204: ldarg.0 
 0205: call method:System.Runtime.CompilerServices.AsyncTaskMethodBuilder.Void AwaitUnsafeOnCompleted[TaskAwaiter`1,<WaitForUnpause>d__31](System.Runtime.CompilerServices.TaskAwaiter`1[System.Single] ByRef, <WaitForUnpause>d__31 ByRef)
 0210: leave.s 305
 0212: ldarg.0 
 0213: ldfld field:System.Runtime.CompilerServices.TaskAwaiter`1[System.Single] <>u__2
 0218: stloc.3 
 0219: ldarg.0 
 0220: ldflda field:System.Runtime.CompilerServices.TaskAwaiter`1[System.Single] <>u__2
 0225: initobj type:System.Runtime.CompilerServices.TaskAwaiter`1[System.Single]
 0231: ldarg.0 
 0232: ldc.i4.m1 
 0233: dup 
 0234: stloc.0 
 0235: stfld field:Int32 <>1__state
 0240: ldloca.s 3
 0242: call method:System.Runtime.CompilerServices.TaskAwaiter`1[System.Single].Single GetResult()
 0247: pop 
 0248: ldloc.1 
 0249: ldfld field:Boolean _isPaused
 0254: brtrue 44
 0259: leave.s 286
 0261: stloc.s 5
 0263: ldarg.0 
 0264: ldc.i4.s -2
 0266: stfld field:Int32 <>1__state
 0271: ldarg.0 
 0272: ldflda field:System.Runtime.CompilerServices.AsyncTaskMethodBuilder <>t__builder
 0277: ldloc.s 5
 0279: call method:System.Runtime.CompilerServices.AsyncTaskMethodBuilder.Void SetException(System.Exception)
 0284: leave.s 305
 0286: ldarg.0 
 0287: ldc.i4.s -2
 0289: stfld field:Int32 <>1__state
 0294: ldarg.0 
 0295: ldflda field:System.Runtime.CompilerServices.AsyncTaskMethodBuilder <>t__builder
 0300: call method:System.Runtime.CompilerServices.AsyncTaskMethodBuilder.Void SetResult()
 0305: ret 
