METHOD Void OnEnqueued(System.Action`1[MegaCrit.Sts2.Core.GameActions.GameAction], UInt32)
 0000: ldarg.0 
 0001: call method:MegaCrit.Sts2.Core.GameActions.GameAction.MegaCrit.Sts2.Core.Entities.Actions.GameActionState get_State()
 0006: brfalse.s 63
 0008: ldloca.s 0
 0010: ldc.i4.s 44
 0012: ldc.i4.1 
 0013: call method:System.Runtime.CompilerServices.DefaultInterpolatedStringHandler.Void .ctor(Int32, Int32)
 0018: ldloca.s 0
 0020: ldstr str:GameAction 
 0025: call method:System.Runtime.CompilerServices.DefaultInterpolatedStringHandler.Void AppendLiteral(System.String)
 0030: ldloca.s 0
 0032: ldarg.0 
 0033: call method:System.Runtime.CompilerServices.DefaultInterpolatedStringHandler.Void AppendFormatted[GameAction](MegaCrit.Sts2.Core.GameActions.GameAction)
 0038: ldloca.s 0
 0040: ldstr str: was enqueued to the queue twice!
 0045: call method:System.Runtime.CompilerServices.DefaultInterpolatedStringHandler.Void AppendLiteral(System.String)
 0050: ldloca.s 0
 0052: call method:System.Runtime.CompilerServices.DefaultInterpolatedStringHandler.System.String ToStringAndClear()
 0057: newobj method:System.InvalidOperationException.Void .ctor(System.String)
 0062: throw 
 0063: ldloca.s 0
 0065: ldc.i4.s 25
 0067: ldc.i4.2 
 0068: call method:System.Runtime.CompilerServices.DefaultInterpolatedStringHandler.Void .ctor(Int32, Int32)
 0073: ldloca.s 0
 0075: ldstr str:Action 
 0080: call method:System.Runtime.CompilerServices.DefaultInterpolatedStringHandler.Void AppendLiteral(System.String)
 0085: ldloca.s 0
 0087: ldarg.0 
 0088: call method:System.Runtime.CompilerServices.DefaultInterpolatedStringHandler.Void AppendFormatted[GameAction](MegaCrit.Sts2.Core.GameActions.GameAction)
 0093: ldloca.s 0
 0095: ldstr str: enqueued with id 
 0100: call method:System.Runtime.CompilerServices.DefaultInterpolatedStringHandler.Void AppendLiteral(System.String)
 0105: ldloca.s 0
 0107: ldarg.2 
 0108: call method:System.Runtime.CompilerServices.DefaultInterpolatedStringHandler.Void AppendFormatted[UInt32](UInt32)
 0113: ldloca.s 0
 0115: call method:System.Runtime.CompilerServices.DefaultInterpolatedStringHandler.System.String ToStringAndClear()
 0120: ldc.i4.2 
 0121: call method:MegaCrit.Sts2.Core.Logging.Log.Void VeryDebug(System.String, Int32)
 0126: ldarg.0 
 0127: ldarg.2 
 0128: newobj method:System.Nullable`1[System.UInt32].Void .ctor(UInt32)
 0133: call method:MegaCrit.Sts2.Core.GameActions.GameAction.Void set_Id(System.Nullable`1[System.UInt32])
 0138: ldarg.0 
 0139: ldarg.1 
 0140: call method:MegaCrit.Sts2.Core.GameActions.GameAction.Void add_AfterFinished(System.Action`1[MegaCrit.Sts2.Core.GameActions.GameAction])
 0145: ldarg.0 
 0146: ldc.i4.1 
 0147: call method:MegaCrit.Sts2.Core.GameActions.GameAction.Void set_State(MegaCrit.Sts2.Core.Entities.Actions.GameActionState)
 0152: ret 
METHOD Boolean <Cancel>b__50_0()
 0000: ldarg.0 
 0001: ldfld field:System.Threading.Tasks.TaskCompletionSource _completionSource
 0006: callvirt method:System.Threading.Tasks.TaskCompletionSource.Boolean TrySetCanceled()
 0011: ret 
METHOD System.Threading.Tasks.Task get_CompletionTask()
 0000: ldarg.0 
 0001: ldfld field:System.Threading.Tasks.TaskCompletionSource _completionSource
 0006: callvirt method:System.Threading.Tasks.TaskCompletionSource.System.Threading.Tasks.Task get_Task()
 0011: ret 
METHOD Void .ctor()
 0000: ldarg.0 
 0001: newobj method:System.Threading.Tasks.TaskCompletionSource.Void .ctor()
 0006: stfld field:System.Threading.Tasks.TaskCompletionSource _completionSource
 0011: ldarg.0 
 0012: call method:System.Object.Void .ctor()
 0017: ret 
