METHOD MegaCrit.Sts2.Core.GameActions.GameAction GetReadyAction()
 0000: ldnull 
 0001: stloc.0 
 0002: ldarg.0 
 0003: ldfld field:MegaCrit.Sts2.Core.Logging.Logger _logger
 0008: ldstr str:Attempting to find ready action
 0013: ldc.i4.1 
 0014: callvirt method:MegaCrit.Sts2.Core.Logging.Logger.Void VeryDebug(System.String, Int32)
 0019: ldarg.0 
 0020: ldfld field:System.Collections.Generic.List`1[MegaCrit.Sts2.Core.GameActions.Multiplayer.ActionQueueSet+ActionQueue] _actionQueues
 0025: callvirt method:System.Collections.Generic.List`1[MegaCrit.Sts2.Core.GameActions.Multiplayer.ActionQueueSet+ActionQueue].Enumerator GetEnumerator()
 0030: stloc.1 
 0031: br 1182
 0036: ldloca.s 1
 0038: call method:System.Collections.Generic.List`1+Enumerator[MegaCrit.Sts2.Core.GameActions.Multiplayer.ActionQueueSet+ActionQueue].ActionQueue get_Current()
 0043: stloc.2 
 0044: ldloc.2 
 0045: ldfld field:System.Collections.Generic.List`1[MegaCrit.Sts2.Core.GameActions.GameAction] actions
 0050: callvirt method:System.Collections.Generic.List`1[MegaCrit.Sts2.Core.GameActions.GameAction].Int32 get_Count()
 0055: ldc.i4.0 
 0056: bgt 229
 0061: ldarg.0 
 0062: ldfld field:MegaCrit.Sts2.Core.Logging.Logger _logger
 0067: ldc.i4.s 26
 0069: ldc.i4.1 
 0070: newobj method:System.Runtime.CompilerServices.DefaultInterpolatedStringHandler.Void .ctor(Int32, Int32)
 0075: stloc.s 4
 0077: ldloca.s 4
 0079: ldstr str:Queue for player 
 0084: call method:System.Runtime.CompilerServices.DefaultInterpolatedStringHandler.Void AppendLiteral(System.String)
 0089: ldloca.s 4
 0091: ldloc.2 
 0092: ldfld field:UInt64 ownerId
 0097: call method:System.Runtime.CompilerServices.DefaultInterpolatedStringHandler.Void AppendFormatted[UInt64](UInt64)
 0102: ldloca.s 4
 0104: ldstr str: is empty
 0109: call method:System.Runtime.CompilerServices.DefaultInterpolatedStringHandler.Void AppendLiteral(System.String)
 0114: ldloca.s 4
 0116: call method:System.Runtime.CompilerServices.DefaultInterpolatedStringHandler.System.String ToStringAndClear()
 0121: ldc.i4.1 
 0122: callvirt method:MegaCrit.Sts2.Core.Logging.Logger.Void VeryDebug(System.String, Int32)
 0127: br 1182
 0132: ldarg.0 
 0133: ldfld field:MegaCrit.Sts2.Core.Logging.Logger _logger
 0138: ldc.i4.s 53
 0140: ldc.i4.2 
 0141: newobj method:System.Runtime.CompilerServices.DefaultInterpolatedStringHandler.Void .ctor(Int32, Int32)
 0146: stloc.s 4
 0148: ldloca.s 4
 0150: ldstr str:Removing canceled action 
 0155: call method:System.Runtime.CompilerServices.DefaultInterpolatedStringHandler.Void AppendLiteral(System.String)
 0160: ldloca.s 4
 0162: ldloc.2 
 0163: ldfld field:System.Collections.Generic.List`1[MegaCrit.Sts2.Core.GameActions.GameAction] actions
 0168: ldc.i4.0 
 0169: callvirt method:System.Collections.Generic.List`1[MegaCrit.Sts2.Core.GameActions.GameAction].MegaCrit.Sts2.Core.GameActions.GameAction get_Item(Int32)
 0174: call method:System.Runtime.CompilerServices.DefaultInterpolatedStringHandler.Void AppendFormatted[GameAction](MegaCrit.Sts2.Core.GameActions.GameAction)
 0179: ldloca.s 4
 0181: ldstr str: from front of player queue 
 0186: call method:System.Runtime.CompilerServices.DefaultInterpolatedStringHandler.Void AppendLiteral(System.String)
 0191: ldloca.s 4
 0193: ldloc.2 
 0194: ldfld field:UInt64 ownerId
 0199: call method:System.Runtime.CompilerServices.DefaultInterpolatedStringHandler.Void AppendFormatted[UInt64](UInt64)
 0204: ldloca.s 4
 0206: call method:System.Runtime.CompilerServices.DefaultInterpolatedStringHandler.System.String ToStringAndClear()
 0211: ldc.i4.1 
 0212: callvirt method:MegaCrit.Sts2.Core.Logging.Logger.Void Warn(System.String, Int32)
 0217: ldloc.2 
 0218: ldfld field:System.Collections.Generic.List`1[MegaCrit.Sts2.Core.GameActions.GameAction] actions
 0223: ldc.i4.0 
 0224: callvirt method:System.Collections.Generic.List`1[MegaCrit.Sts2.Core.GameActions.GameAction].Void RemoveAt(Int32)
 0229: ldloc.2 
 0230: ldfld field:System.Collections.Generic.List`1[MegaCrit.Sts2.Core.GameActions.GameAction] actions
 0235: callvirt method:System.Collections.Generic.List`1[MegaCrit.Sts2.Core.GameActions.GameAction].Int32 get_Count()
 0240: ldc.i4.0 
 0241: ble.s 266
 0243: ldloc.2 
 0244: ldfld field:System.Collections.Generic.List`1[MegaCrit.Sts2.Core.GameActions.GameAction] actions
 0249: ldc.i4.0 
 0250: callvirt method:System.Collections.Generic.List`1[MegaCrit.Sts2.Core.GameActions.GameAction].MegaCrit.Sts2.Core.GameActions.GameAction get_Item(Int32)
 0255: callvirt method:MegaCrit.Sts2.Core.GameActions.GameAction.MegaCrit.Sts2.Core.Entities.Actions.GameActionState get_State()
 0260: ldc.i4.6 
 0261: beq 132
 0266: ldloc.2 
 0267: ldfld field:System.Collections.Generic.List`1[MegaCrit.Sts2.Core.GameActions.GameAction] actions
 0272: callvirt method:System.Collections.Generic.List`1[MegaCrit.Sts2.Core.GameActions.GameAction].Int32 get_Count()
 0277: ldc.i4.0 
 0278: ble 1182
 0283: ldloc.2 
 0284: ldfld field:System.Collections.Generic.List`1[MegaCrit.Sts2.Core.GameActions.GameAction] actions
 0289: ldc.i4.0 
 0290: callvirt method:System.Collections.Generic.List`1[MegaCrit.Sts2.Core.GameActions.GameAction].MegaCrit.Sts2.Core.GameActions.GameAction get_Item(Int32)
 0295: stloc.3 
 0296: ldarg.0 
 0297: ldfld field:Boolean _isInCombat
 0302: brfalse.s 392
 0304: ldloc.3 
 0305: callvirt method:MegaCrit.Sts2.Core.GameActions.GameAction.MegaCrit.Sts2.Core.Entities.Multiplayer.GameActionType get_ActionType()
 0310: ldc.i4.3 
 0311: bne.un.s 392
 0313: ldarg.0 
 0314: ldfld field:MegaCrit.Sts2.Core.Logging.Logger _logger
 0319: ldc.i4.s 58
 0321: ldc.i4.2 
 0322: newobj method:System.Runtime.CompilerServices.DefaultInterpolatedStringHandler.Void .ctor(Int32, Int32)
 0327: stloc.s 4
 0329: ldloca.s 4
 0331: ldstr str:We are currently in combat and candidate action 
 0336: call method:System.Runtime.CompilerServices.DefaultInterpolatedStringHandler.Void AppendLiteral(System.String)
 0341: ldloca.s 4
 0343: ldloc.3 
 0344: call method:System.Runtime.CompilerServices.DefaultInterpolatedStringHandler.Void AppendFormatted[GameAction](MegaCrit.Sts2.Core.GameActions.GameAction)
 0349: ldloca.s 4
 0351: ldstr str: has type 
 0356: call method:System.Runtime.CompilerServices.DefaultInterpolatedStringHandler.Void AppendLiteral(System.String)
 0361: ldloca.s 4
 0363: ldloc.3 
 0364: callvirt method:MegaCrit.Sts2.Core.GameActions.GameAction.MegaCrit.Sts2.Core.Entities.Multiplayer.GameActionType get_ActionType()
 0369: call method:System.Runtime.CompilerServices.DefaultInterpolatedStringHandler.Void AppendFormatted[GameActionType](MegaCrit.Sts2.Core.Entities.Multiplayer.GameActionType)
 0374: ldloca.s 4
 0376: call method:System.Runtime.CompilerServices.DefaultInterpolatedStringHandler.System.String ToStringAndClear()
 0381: ldc.i4.1 
 0382: callvirt method:MegaCrit.Sts2.Core.Logging.Logger.Void VeryDebug(System.String, Int32)
 0387: br 1182
 0392: ldarg.0 
 0393: ldfld field:Boolean _isInCombat
 0398: ldc.i4.0 
 0399: ceq 
 0401: stloc.s 5
 0403: ldloc.s 5
 0405: stloc.s 6
 0407: ldloc.s 6
 0409: brfalse.s 438
 0411: ldloc.3 
 0412: callvirt method:MegaCrit.Sts2.Core.GameActions.GameAction.MegaCrit.Sts2.Core.Entities.Multiplayer.GameActionType get_ActionType()
 0417: stloc.s 7
 0419: ldloc.s 7
 0421: ldc.i4.1 
 0422: sub 
 0423: ldc.i4.1 
 0424: bgt.un.s 431
 0426: ldc.i4.1 
 0427: stloc.s 8
 0429: br.s 434
 0431: ldc.i4.0 
 0432: stloc.s 8
 0434: ldloc.s 8
 0436: stloc.s 6
 0438: ldloc.s 6
 0440: brfalse.s 521
 0442: ldarg.0 
 0443: ldfld field:MegaCrit.Sts2.Core.Logging.Logger _logger
 0448: ldc.i4.s 62
 0450: ldc.i4.2 
 0451: newobj method:System.Runtime.CompilerServices.DefaultInterpolatedStringHandler.Void .ctor(Int32, Int32)
 0456: stloc.s 4
 0458: ldloca.s 4
 0460: ldstr str:We are currently not in combat and candidate action 
 0465: call method:System.Runtime.CompilerServices.DefaultInterpolatedStringHandler.Void AppendLiteral(System.String)
 0470: ldloca.s 4
 0472: ldloc.3 
 0473: call method:System.Runtime.CompilerServices.DefaultInterpolatedStringHandler.Void AppendFormatted[GameAction](MegaCrit.Sts2.Core.GameActions.GameAction)
 0478: ldloca.s 4
 0480: ldstr str: has type 
 0485: call method:System.Runtime.CompilerServices.DefaultInterpolatedStringHandler.Void AppendLiteral(System.String)
 0490: ldloca.s 4
 0492: ldloc.3 
 0493: callvirt method:MegaCrit.Sts2.Core.GameActions.GameAction.MegaCrit.Sts2.Core.Entities.Multiplayer.GameActionType get_ActionType()
 0498: call method:System.Runtime.CompilerServices.DefaultInterpolatedStringHandler.Void AppendFormatted[GameActionType](MegaCrit.Sts2.Core.Entities.Multiplayer.GameActionType)
 0503: ldloca.s 4
 0505: call method:System.Runtime.CompilerServices.DefaultInterpolatedStringHandler.System.String ToStringAndClear()
 0510: ldc.i4.1 
 0511: callvirt method:MegaCrit.Sts2.Core.Logging.Logger.Void VeryDebug(System.String, Int32)
 0516: br 1182
 0521: ldloc.2 
 0522: ldfld field:Boolean isPaused
 0527: brfalse.s 642
 0529: ldloc.3 
 0530: callvirt method:MegaCrit.Sts2.Core.GameActions.GameAction.MegaCrit.Sts2.Core.Entities.Multiplayer.GameActionType get_ActionType()
 0535: ldc.i4.2 
 0536: bne.un.s 642
 0538: ldarg.0 
 0539: ldfld field:MegaCrit.Sts2.Core.Logging.Logger _logger
 0544: ldc.i4.s 59
 0546: ldc.i4.3 
 0547: newobj method:System.Runtime.CompilerServices.DefaultInterpolatedStringHandler.Void .ctor(Int32, Int32)
 0552: stloc.s 4
 0554: ldloca.s 4
 0556: ldstr str:Queue for player 
 0561: call method:System.Runtime.CompilerServices.DefaultInterpolatedStringHandler.Void AppendLiteral(System.String)
 0566: ldloca.s 4
 0568: ldloc.2 
 0569: ldfld field:UInt64 ownerId
 0574: call method:System.Runtime.CompilerServices.DefaultInterpolatedStringHandler.Void AppendFormatted[UInt64](UInt64)
 0579: ldloca.s 4
 0581: ldstr str: is paused and candidate action 
 0586: call method:System.Runtime.CompilerServices.DefaultInterpolatedStringHandler.Void AppendLiteral(System.String)
 0591: ldloca.s 4
 0593: ldloc.3 
 0594: call method:System.Runtime.CompilerServices.DefaultInterpolatedStringHandler.Void AppendFormatted[GameAction](MegaCrit.Sts2.Core.GameActions.GameAction)
 0599: ldloca.s 4
 0601: ldstr str: has type 
 0606: call method:System.Runtime.CompilerServices.DefaultInterpolatedStringHandler.Void AppendLiteral(System.String)
 0611: ldloca.s 4
 0613: ldloc.3 
 0614: callvirt method:MegaCrit.Sts2.Core.GameActions.GameAction.MegaCrit.Sts2.Core.Entities.Multiplayer.GameActionType get_ActionType()
 0619: call method:System.Runtime.CompilerServices.DefaultInterpolatedStringHandler.Void AppendFormatted[GameActionType](MegaCrit.Sts2.Core.Entities.Multiplayer.GameActionType)
 0624: ldloca.s 4
 0626: call method:System.Runtime.CompilerServices.DefaultInterpolatedStringHandler.System.String ToStringAndClear()
 0631: ldc.i4.1 
 0632: callvirt method:MegaCrit.Sts2.Core.Logging.Logger.Void VeryDebug(System.String, Int32)
 0637: br 1182
 0642: ldloc.3 
 0643: callvirt method:MegaCrit.Sts2.Core.GameActions.GameAction.MegaCrit.Sts2.Core.Entities.Actions.GameActionState get_State()
 0648: ldc.i4.3 
 0649: bne.un.s 742
 0651: ldarg.0 
 0652: ldfld field:MegaCrit.Sts2.Core.Logging.Logger _logger
 0657: ldc.i4.s 62
 0659: ldc.i4.2 
 0660: newobj method:System.Runtime.CompilerServices.DefaultInterpolatedStringHandler.Void .ctor(Int32, Int32)
 0665: stloc.s 4
 0667: ldloca.s 4
 0669: ldstr str:Action 
 0674: call method:System.Runtime.CompilerServices.DefaultInterpolatedStringHandler.Void AppendLiteral(System.String)
 0679: ldloca.s 4
 0681: ldloc.3 
 0682: call method:System.Runtime.CompilerServices.DefaultInterpolatedStringHandler.Void AppendFormatted[GameAction](MegaCrit.Sts2.Core.GameActions.GameAction)
 0687: ldloca.s 4
 0689: ldstr str: at front of player queue 
 0694: call method:System.Runtime.CompilerServices.DefaultInterpolatedStringHandler.Void AppendLiteral(System.String)
 0699: ldloca.s 4
 0701: ldloc.2 
 0702: ldfld field:UInt64 ownerId
 0707: call method:System.Runtime.CompilerServices.DefaultInterpolatedStringHandler.Void AppendFormatted[UInt64](UInt64)
 0712: ldloca.s 4
 0714: ldstr str: is waiting for player choice
 0719: call method:System.Runtime.CompilerServices.DefaultInterpolatedStringHandler.Void AppendLiteral(System.String)
 0724: ldloca.s 4
 0726: call method:System.Runtime.CompilerServices.DefaultInterpolatedStringHandler.System.String ToStringAndClear()
 0731: ldc.i4.1 
 0732: callvirt method:MegaCrit.Sts2.Core.Logging.Logger.Void VeryDebug(System.String, Int32)
 0737: br 1182
 0742: ldloc.3 
 0743: callvirt method:MegaCrit.Sts2.Core.GameActions.GameAction.MegaCrit.Sts2.Core.Entities.Actions.GameActionState get_State()
 0748: ldc.i4.1 
 0749: beq.s 865
 0751: ldloc.3 
 0752: callvirt method:MegaCrit.Sts2.Core.GameActions.GameAction.MegaCrit.Sts2.Core.Entities.Actions.GameActionState get_State()
 0757: ldc.i4.4 
 0758: beq.s 865
 0760: ldc.i4.s 70
 0762: ldc.i4.3 
 0763: newobj method:System.Runtime.CompilerServices.DefaultInterpolatedStringHandler.Void .ctor(Int32, Int32)
 0768: stloc.s 4
 0770: ldloca.s 4
 0772: ldstr str:GameAction 
 0777: call method:System.Runtime.CompilerServices.DefaultInterpolatedStringHandler.Void AppendLiteral(System.String)
 0782: ldloca.s 4
 0784: ldloc.3 
 0785: call method:System.Runtime.CompilerServices.DefaultInterpolatedStringHandler.Void AppendFormatted[GameAction](MegaCrit.Sts2.Core.GameActions.GameAction)
 0790: ldloca.s 4
 0792: ldstr str: at the front of player action queue 
 0797: call method:System.Runtime.CompilerServices.DefaultInterpolatedStringHandler.Void AppendLiteral(System.String)
 0802: ldloca.s 4
 0804: ldloc.2 
 0805: ldfld field:UInt64 ownerId
 0810: call method:System.Runtime.CompilerServices.DefaultInterpolatedStringHandler.Void AppendFormatted[UInt64](UInt64)
 0815: ldloca.s 4
 0817: ldstr str: is in invalid state 
 0822: call method:System.Runtime.CompilerServices.DefaultInterpolatedStringHandler.Void AppendLiteral(System.String)
 0827: ldloca.s 4
 0829: ldloc.3 
 0830: callvirt method:MegaCrit.Sts2.Core.GameActions.GameAction.MegaCrit.Sts2.Core.Entities.Actions.GameActionState get_State()
 0835: call method:System.Runtime.CompilerServices.DefaultInterpolatedStringHandler.Void AppendFormatted[GameActionState](MegaCrit.Sts2.Core.Entities.Actions.GameActionState)
 0840: ldloca.s 4
 0842: ldstr str:!
 0847: call method:System.Runtime.CompilerServices.DefaultInterpolatedStringHandler.Void AppendLiteral(System.String)
 0852: ldloca.s 4
 0854: call method:System.Runtime.CompilerServices.DefaultInterpolatedStringHandler.System.String ToStringAndClear()
 0859: newobj method:System.InvalidOperationException.Void .ctor(System.String)
 0864: throw 
 0865: ldloc.0 
 0866: brfalse.s 918
 0868: ldloc.3 
 0869: callvirt method:MegaCrit.Sts2.Core.GameActions.GameAction.System.Nullable`1[System.UInt32] get_Id()
 0874: stloc.s 9
 0876: ldloc.0 
 0877: callvirt method:MegaCrit.Sts2.Core.GameActions.GameAction.System.Nullable`1[System.UInt32] get_Id()
 0882: stloc.s 10
 0884: ldloca.s 9
 0886: call method:System.Nullable`1[System.UInt32].UInt32 GetValueOrDefault()
 0891: ldloca.s 10
 0893: call method:System.Nullable`1[System.UInt32].UInt32 GetValueOrDefault()
 0898: clt.un 
 0900: ldloca.s 9
 0902: call method:System.Nullable`1[System.UInt32].Boolean get_HasValue()
 0907: ldloca.s 10
 0909: call method:System.Nullable`1[System.UInt32].Boolean get_HasValue()
 0914: and 
 0915: and 
 0916: brfalse.s 1045
 0918: ldarg.0 
 0919: ldfld field:MegaCrit.Sts2.Core.Logging.Logger _logger
 0924: ldc.i4.s 55
 0926: ldc.i4.3 
 0927: newobj method:System.Runtime.CompilerServices.DefaultInterpolatedStringHandler.Void .ctor(Int32, Int32)
 0932: stloc.s 4
 0934: ldloca.s 4
 0936: ldstr str:Action 
 0941: call method:System.Runtime.CompilerServices.DefaultInterpolatedStringHandler.Void AppendLiteral(System.String)
 0946: ldloca.s 4
 0948: ldloc.3 
 0949: call method:System.Runtime.CompilerServices.DefaultInterpolatedStringHandler.Void AppendFormatted[GameAction](MegaCrit.Sts2.Core.GameActions.GameAction)
 0954: ldloca.s 4
 0956: ldstr str: with id 
 0961: call method:System.Runtime.CompilerServices.DefaultInterpolatedStringHandler.Void AppendLiteral(System.String)
 0966: ldloca.s 4
 0968: ldloc.3 
 0969: callvirt method:MegaCrit.Sts2.Core.GameActions.GameAction.System.Nullable`1[System.UInt32] get_Id()
 0974: stloc.s 10
 0976: ldloca.s 10
 0978: call method:System.Nullable`1[System.UInt32].UInt32 get_Value()
 0983: call method:System.Runtime.CompilerServices.DefaultInterpolatedStringHandler.Void AppendFormatted[UInt32](UInt32)
 0988: ldloca.s 4
 0990: ldstr str: belonging to 
 0995: call method:System.Runtime.CompilerServices.DefaultInterpolatedStringHandler.Void AppendLiteral(System.String)
 1000: ldloca.s 4
 1002: ldloc.2 
 1003: ldfld field:UInt64 ownerId
 1008: call method:System.Runtime.CompilerServices.DefaultInterpolatedStringHandler.Void AppendFormatted[UInt64](UInt64)
 1013: ldloca.s 4
 1015: ldstr str: becomes new ready action
 1020: call method:System.Runtime.CompilerServices.DefaultInterpolatedStringHandler.Void AppendLiteral(System.String)
 1025: ldloca.s 4
 1027: call method:System.Runtime.CompilerServices.DefaultInterpolatedStringHandler.System.String ToStringAndClear()
 1032: ldc.i4.1 
 1033: callvirt method:MegaCrit.Sts2.Core.Logging.Logger.Void VeryDebug(System.String, Int32)
 1038: ldloc.3 
 1039: stloc.0 
 1040: br 1182
 1045: ldarg.0 
 1046: ldfld field:MegaCrit.Sts2.Core.Logging.Logger _logger
 1051: ldc.i4.s 59
 1053: ldc.i4.4 
 1054: newobj method:System.Runtime.CompilerServices.DefaultInterpolatedStringHandler.Void .ctor(Int32, Int32)
 1059: stloc.s 4
 1061: ldloca.s 4
 1063: ldstr str:Action 
 1068: call method:System.Runtime.CompilerServices.DefaultInterpolatedStringHandler.Void AppendLiteral(System.String)
 1073: ldloca.s 4
 1075: ldloc.3 
 1076: call method:System.Runtime.CompilerServices.DefaultInterpolatedStringHandler.Void AppendFormatted[GameAction](MegaCrit.Sts2.Core.GameActions.GameAction)
 1081: ldloca.s 4
 1083: ldstr str: has id 
 1088: call method:System.Runtime.CompilerServices.DefaultInterpolatedStringHandler.Void AppendLiteral(System.String)
 1093: ldloca.s 4
 1095: ldloc.3 
 1096: callvirt method:MegaCrit.Sts2.Core.GameActions.GameAction.System.Nullable`1[System.UInt32] get_Id()
 1101: stloc.s 10
 1103: ldloca.s 10
 1105: call method:System.Nullable`1[System.UInt32].UInt32 get_Value()
 1110: call method:System.Runtime.CompilerServices.DefaultInterpolatedStringHandler.Void AppendFormatted[UInt32](UInt32)
 1115: ldloca.s 4
 1117: ldstr str: greater than current ready action 
 1122: call method:System.Runtime.CompilerServices.DefaultInterpolatedStringHandler.Void AppendLiteral(System.String)
 1127: ldloca.s 4
 1129: ldloc.0 
 1130: call method:System.Runtime.CompilerServices.DefaultInterpolatedStringHandler.Void AppendFormatted[GameAction](MegaCrit.Sts2.Core.GameActions.GameAction)
 1135: ldloca.s 4
 1137: ldstr str: with ID 
 1142: call method:System.Runtime.CompilerServices.DefaultInterpolatedStringHandler.Void AppendLiteral(System.String)
 1147: ldloca.s 4
 1149: ldloc.0 
 1150: callvirt method:MegaCrit.Sts2.Core.GameActions.GameAction.System.Nullable`1[System.UInt32] get_Id()
 1155: stloc.s 10
 1157: ldloca.s 10
 1159: call method:System.Nullable`1[System.UInt32].UInt32 get_Value()
 1164: call method:System.Runtime.CompilerServices.DefaultInterpolatedStringHandler.Void AppendFormatted[UInt32](UInt32)
 1169: ldloca.s 4
 1171: call method:System.Runtime.CompilerServices.DefaultInterpolatedStringHandler.System.String ToStringAndClear()
 1176: ldc.i4.1 
 1177: callvirt method:MegaCrit.Sts2.Core.Logging.Logger.Void VeryDebug(System.String, Int32)
 1182: ldloca.s 1
 1184: call method:System.Collections.Generic.List`1+Enumerator[MegaCrit.Sts2.Core.GameActions.Multiplayer.ActionQueueSet+ActionQueue].Boolean MoveNext()
 1189: brtrue 36
 1194: leave.s 1210
 1196: ldloca.s 1
 1198: constrained. type:System.Collections.Generic.List`1+Enumerator[MegaCrit.Sts2.Core.GameActions.Multiplayer.ActionQueueSet+ActionQueue]
 1204: callvirt method:System.IDisposable.Void Dispose()
 1209: endfinally 
 1210: ldloc.0 
 1211: brfalse.s 1301
 1213: ldarg.0 
 1214: ldfld field:MegaCrit.Sts2.Core.Logging.Logger _logger
 1219: ldloca.s 4
 1221: ldc.i4.s 20
 1223: ldc.i4.2 
 1224: call method:System.Runtime.CompilerServices.DefaultInterpolatedStringHandler.Void .ctor(Int32, Int32)
 1229: ldloca.s 4
 1231: ldstr str:Got ready action 
 1236: call method:System.Runtime.CompilerServices.DefaultInterpolatedStringHandler.Void AppendLiteral(System.String)
 1241: ldloca.s 4
 1243: ldloc.0 
 1244: call method:System.Runtime.CompilerServices.DefaultInterpolatedStringHandler.Void AppendFormatted[GameAction](MegaCrit.Sts2.Core.GameActions.GameAction)
 1249: ldloca.s 4
 1251: ldstr str: (
 1256: call method:System.Runtime.CompilerServices.DefaultInterpolatedStringHandler.Void AppendLiteral(System.String)
 1261: ldloca.s 4
 1263: ldloc.0 
 1264: callvirt method:MegaCrit.Sts2.Core.GameActions.GameAction.System.Nullable`1[System.UInt32] get_Id()
 1269: call method:System.Runtime.CompilerServices.DefaultInterpolatedStringHandler.Void AppendFormatted[Nullable`1](System.Nullable`1[System.UInt32])
 1274: ldloca.s 4
 1276: ldstr str:)
 1281: call method:System.Runtime.CompilerServices.DefaultInterpolatedStringHandler.Void AppendLiteral(System.String)
 1286: ldloca.s 4
 1288: call method:System.Runtime.CompilerServices.DefaultInterpolatedStringHandler.System.String ToStringAndClear()
 1293: ldc.i4.1 
 1294: callvirt method:MegaCrit.Sts2.Core.Logging.Logger.Void VeryDebug(System.String, Int32)
 1299: br.s 1318
 1301: ldarg.0 
 1302: ldfld field:MegaCrit.Sts2.Core.Logging.Logger _logger
 1307: ldstr str:No action is ready
 1312: ldc.i4.1 
 1313: callvirt method:MegaCrit.Sts2.Core.Logging.Logger.Void VeryDebug(System.String, Int32)
 1318: ldloc.0 
 1319: ret 
METHOD Void PauseActionForPlayerChoice(MegaCrit.Sts2.Core.GameActions.GameAction, MegaCrit.Sts2.Core.Entities.Multiplayer.PlayerChoiceOptions)
 0000: ldarg.0 
 0001: ldarg.1 
 0002: callvirt method:MegaCrit.Sts2.Core.GameActions.GameAction.UInt64 get_OwnerId()
 0007: call method:MegaCrit.Sts2.Core.GameActions.Multiplayer.ActionQueueSet.ActionQueue GetQueue(UInt64)
 0012: stloc.0 
 0013: ldarg.1 
 0014: ldloc.0 
 0015: ldfld field:System.Collections.Generic.List`1[MegaCrit.Sts2.Core.GameActions.GameAction] actions
 0020: ldc.i4.0 
 0021: callvirt method:System.Collections.Generic.List`1[MegaCrit.Sts2.Core.GameActions.GameAction].MegaCrit.Sts2.Core.GameActions.GameAction get_Item(Int32)
 0026: beq.s 108
 0028: ldloca.s 2
 0030: ldc.i4.s 75
 0032: ldc.i4.2 
 0033: call method:System.Runtime.CompilerServices.DefaultInterpolatedStringHandler.Void .ctor(Int32, Int32)
 0038: ldloca.s 2
 0040: ldstr str:Attempting to pause action 
 0045: call method:System.Runtime.CompilerServices.DefaultInterpolatedStringHandler.Void AppendLiteral(System.String)
 0050: ldloca.s 2
 0052: ldarg.1 
 0053: call method:System.Runtime.CompilerServices.DefaultInterpolatedStringHandler.Void AppendFormatted[GameAction](MegaCrit.Sts2.Core.GameActions.GameAction)
 0058: ldloca.s 2
 0060: ldstr str: that is not at the front of the owner 
 0065: call method:System.Runtime.CompilerServices.DefaultInterpolatedStringHandler.Void AppendLiteral(System.String)
 0070: ldloca.s 2
 0072: ldarg.1 
 0073: callvirt method:MegaCrit.Sts2.Core.GameActions.GameAction.System.Nullable`1[System.UInt32] get_Id()
 0078: call method:System.Runtime.CompilerServices.DefaultInterpolatedStringHandler.Void AppendFormatted[Nullable`1](System.Nullable`1[System.UInt32])
 0083: ldloca.s 2
 0085: ldstr str:'s queue!
 0090: call method:System.Runtime.CompilerServices.DefaultInterpolatedStringHandler.Void AppendLiteral(System.String)
 0095: ldloca.s 2
 0097: call method:System.Runtime.CompilerServices.DefaultInterpolatedStringHandler.System.String ToStringAndClear()
 0102: newobj method:System.InvalidOperationException.Void .ctor(System.String)
 0107: throw 
 0108: ldarg.0 
 0109: ldfld field:MegaCrit.Sts2.Core.Logging.Logger _logger
 0114: ldloca.s 2
 0116: ldc.i4.s 33
 0118: ldc.i4.1 
 0119: call method:System.Runtime.CompilerServices.DefaultInterpolatedStringHandler.Void .ctor(Int32, Int32)
 0124: ldloca.s 2
 0126: ldstr str:Pausing action 
 0131: call method:System.Runtime.CompilerServices.DefaultInterpolatedStringHandler.Void AppendLiteral(System.String)
 0136: ldloca.s 2
 0138: ldarg.1 
 0139: call method:System.Runtime.CompilerServices.DefaultInterpolatedStringHandler.Void AppendFormatted[GameAction](MegaCrit.Sts2.Core.GameActions.GameAction)
 0144: ldloca.s 2
 0146: ldstr str: for player choice
 0151: call method:System.Runtime.CompilerServices.DefaultInterpolatedStringHandler.Void AppendLiteral(System.String)
 0156: ldloca.s 2
 0158: call method:System.Runtime.CompilerServices.DefaultInterpolatedStringHandler.System.String ToStringAndClear()
 0163: ldc.i4.1 
 0164: callvirt method:MegaCrit.Sts2.Core.Logging.Logger.Void Debug(System.String, Int32)
 0169: ldarg.1 
 0170: callvirt method:MegaCrit.Sts2.Core.GameActions.GameAction.Void PauseForPlayerChoice()
 0175: ldloca.s 1
 0177: initobj type:System.Nullable`1[MegaCrit.Sts2.Core.GameActions.Multiplayer.ActionQueueSet+ActionWaitingForResumption]
 0183: ldc.i4.0 
 0184: stloc.3 
 0185: br.s 268
 0187: ldarg.0 
 0188: ldfld field:System.Collections.Generic.List`1[MegaCrit.Sts2.Core.GameActions.Multiplayer.ActionQueueSet+ActionWaitingForResumption] _actionsWaitingForResumption
 0193: ldloc.3 
 0194: callvirt method:System.Collections.Generic.List`1[MegaCrit.Sts2.Core.GameActions.Multiplayer.ActionQueueSet+ActionWaitingForResumption].ActionWaitingForResumption get_Item(Int32)
 0199: ldfld field:UInt32 oldId
 0204: ldarg.1 
 0205: callvirt method:MegaCrit.Sts2.Core.GameActions.GameAction.System.Nullable`1[System.UInt32] get_Id()
 0210: stloc.s 4
 0212: ldloca.s 4
 0214: call method:System.Nullable`1[System.UInt32].UInt32 GetValueOrDefault()
 0219: ceq 
 0221: ldloca.s 4
 0223: call method:System.Nullable`1[System.UInt32].Boolean get_HasValue()
 0228: and 
 0229: brfalse.s 264
 0231: ldloca.s 1
 0233: ldarg.0 
 0234: ldfld field:System.Collections.Generic.List`1[MegaCrit.Sts2.Core.GameActions.Multiplayer.ActionQueueSet+ActionWaitingForResumption] _actionsWaitingForResumption
 0239: ldloc.3 
 0240: callvirt method:System.Collections.Generic.List`1[MegaCrit.Sts2.Core.GameActions.Multiplayer.ActionQueueSet+ActionWaitingForResumption].ActionWaitingForResumption get_Item(Int32)
 0245: call method:System.Nullable`1[MegaCrit.Sts2.Core.GameActions.Multiplayer.ActionQueueSet+ActionWaitingForResumption].Void .ctor(ActionWaitingForResumption)
 0250: ldarg.0 
 0251: ldfld field:System.Collections.Generic.List`1[MegaCrit.Sts2.Core.GameActions.Multiplayer.ActionQueueSet+ActionWaitingForResumption] _actionsWaitingForResumption
 0256: ldloc.3 
 0257: callvirt method:System.Collections.Generic.List`1[MegaCrit.Sts2.Core.GameActions.Multiplayer.ActionQueueSet+ActionWaitingForResumption].Void RemoveAt(Int32)
 0262: br.s 282
 0264: ldloc.3 
 0265: ldc.i4.1 
 0266: add 
 0267: stloc.3 
 0268: ldloc.3 
 0269: ldarg.0 
 0270: ldfld field:System.Collections.Generic.List`1[MegaCrit.Sts2.Core.GameActions.Multiplayer.ActionQueueSet+ActionWaitingForResumption] _actionsWaitingForResumption
 0275: callvirt method:System.Collections.Generic.List`1[MegaCrit.Sts2.Core.GameActions.Multiplayer.ActionQueueSet+ActionWaitingForResumption].Int32 get_Count()
 0280: blt.s 187
 0282: ldarg.2 
 0283: box type:MegaCrit.Sts2.Core.Entities.Multiplayer.PlayerChoiceOptions
 0288: ldc.i4.1 
 0289: box type:MegaCrit.Sts2.Core.Entities.Multiplayer.PlayerChoiceOptions
 0294: call method:System.Enum.Boolean HasFlag(System.Enum)
 0299: brfalse.s 358
 0301: ldarg.0 
 0302: ldarg.1 
 0303: callvirt method:MegaCrit.Sts2.Core.GameActions.GameAction.UInt64 get_OwnerId()
 0308: ldloca.s 1
 0310: call method:System.Nullable`1[MegaCrit.Sts2.Core.GameActions.Multiplayer.ActionQueueSet+ActionWaitingForResumption].Boolean get_HasValue()
 0315: brtrue.s 329
 0317: ldloca.s 4
 0319: initobj type:System.Nullable`1[System.UInt32]
 0325: ldloc.s 4
 0327: br.s 346
 0329: ldloca.s 1
 0331: call method:System.Nullable`1[MegaCrit.Sts2.Core.GameActions.Multiplayer.ActionQueueSet+ActionWaitingForResumption].ActionWaitingForResumption GetValueOrDefault()
 0336: ldfld field:UInt32 newId
 0341: newobj method:System.Nullable`1[System.UInt32].Void .ctor(UInt32)
 0346: call method:MegaCrit.Sts2.Core.GameActions.Multiplayer.ActionQueueSet.Void CancelNonExecutingActionsOfType[PlayCardAction](UInt64, System.Nullable`1[System.UInt32])
 0351: ldloc.0 
 0352: ldarg.1 
 0353: stfld field:MegaCrit.Sts2.Core.GameActions.GameAction actionCancellingPlayCardActions
 0358: ldarg.0 
 0359: ldfld field:System.Action ActionQueueChanged
 0364: dup 
 0365: brtrue.s 370
 0367: pop 
 0368: br.s 375
 0370: callvirt method:System.Action.Void Invoke()
 0375: ldloca.s 1
 0377: call method:System.Nullable`1[MegaCrit.Sts2.Core.GameActions.Multiplayer.ActionQueueSet+ActionWaitingForResumption].Boolean get_HasValue()
 0382: brfalse.s 486
 0384: ldarg.0 
 0385: ldfld field:MegaCrit.Sts2.Core.Logging.Logger _logger
 0390: ldloca.s 2
 0392: ldc.i4.s 61
 0394: ldc.i4.1 
 0395: call method:System.Runtime.CompilerServices.DefaultInterpolatedStringHandler.Void .ctor(Int32, Int32)
 0400: ldloca.s 2
 0402: ldstr str:Immediately resuming action 
 0407: call method:System.Runtime.CompilerServices.DefaultInterpolatedStringHandler.Void AppendLiteral(System.String)
 0412: ldloca.s 2
 0414: ldarg.1 
 0415: call method:System.Runtime.CompilerServices.DefaultInterpolatedStringHandler.Void AppendFormatted[GameAction](MegaCrit.Sts2.Core.GameActions.GameAction)
 0420: ldloca.s 2
 0422: ldstr str: - already had resumption waiting
 0427: call method:System.Runtime.CompilerServices.DefaultInterpolatedStringHandler.Void AppendLiteral(System.String)
 0432: ldloca.s 2
 0434: call method:System.Runtime.CompilerServices.DefaultInterpolatedStringHandler.System.String ToStringAndClear()
 0439: ldc.i4.1 
 0440: callvirt method:MegaCrit.Sts2.Core.Logging.Logger.Void Debug(System.String, Int32)
 0445: ldarg.1 
 0446: ldloca.s 1
 0448: call method:System.Nullable`1[MegaCrit.Sts2.Core.GameActions.Multiplayer.ActionQueueSet+ActionWaitingForResumption].ActionWaitingForResumption get_Value()
 0453: ldfld field:UInt32 newId
 0458: callvirt method:MegaCrit.Sts2.Core.GameActions.GameAction.Void ResumeAfterGatheringPlayerChoice(UInt32)
 0463: ldloc.0 
 0464: ldnull 
 0465: stfld field:MegaCrit.Sts2.Core.GameActions.GameAction actionCancellingPlayCardActions
 0470: ldarg.0 
 0471: ldfld field:System.Action ActionQueueChanged
 0476: dup 
 0477: brtrue.s 481
 0479: pop 
 0480: ret 
 0481: callvirt method:System.Action.Void Invoke()
 0486: ret 
METHOD Void ResumeActionWithoutSynchronizing(UInt32)
 0000: ldarg.0 
 0001: ldfld field:System.Action`1[System.UInt32] ActionResumed
 0006: dup 
 0007: brtrue.s 12
 0009: pop 
 0010: br.s 18
 0012: ldarg.1 
 0013: callvirt method:System.Action`1[System.UInt32].Void Invoke(UInt32)
 0018: ldarg.0 
 0019: call method:MegaCrit.Sts2.Core.GameActions.Multiplayer.ActionQueueSet.UInt32 GetAndIncrementActionId()
 0024: stloc.0 
 0025: ldarg.0 
 0026: ldarg.1 
 0027: ldloca.s 1
 0029: ldloca.s 2
 0031: call method:MegaCrit.Sts2.Core.GameActions.Multiplayer.ActionQueueSet.Boolean TryGetAction(UInt32, MegaCrit.Sts2.Core.GameActions.GameAction ByRef, ActionQueue ByRef)
 0036: brfalse.s 139
 0038: ldloc.1 
 0039: callvirt method:MegaCrit.Sts2.Core.GameActions.GameAction.MegaCrit.Sts2.Core.Entities.Actions.GameActionState get_State()
 0044: ldc.i4.3 
 0045: bne.un.s 139
 0047: ldarg.0 
 0048: ldfld field:MegaCrit.Sts2.Core.Logging.Logger _logger
 0053: ldloca.s 3
 0055: ldc.i4.s 36
 0057: ldc.i4.1 
 0058: call method:System.Runtime.CompilerServices.DefaultInterpolatedStringHandler.Void .ctor(Int32, Int32)
 0063: ldloca.s 3
 0065: ldstr str:Resuming action 
 0070: call method:System.Runtime.CompilerServices.DefaultInterpolatedStringHandler.Void AppendLiteral(System.String)
 0075: ldloca.s 3
 0077: ldloc.1 
 0078: call method:System.Runtime.CompilerServices.DefaultInterpolatedStringHandler.Void AppendFormatted[GameAction](MegaCrit.Sts2.Core.GameActions.GameAction)
 0083: ldloca.s 3
 0085: ldstr str: after player choice
 0090: call method:System.Runtime.CompilerServices.DefaultInterpolatedStringHandler.Void AppendLiteral(System.String)
 0095: ldloca.s 3
 0097: call method:System.Runtime.CompilerServices.DefaultInterpolatedStringHandler.System.String ToStringAndClear()
 0102: ldc.i4.1 
 0103: callvirt method:MegaCrit.Sts2.Core.Logging.Logger.Void Debug(System.String, Int32)
 0108: ldloc.2 
 0109: ldnull 
 0110: stfld field:MegaCrit.Sts2.Core.GameActions.GameAction actionCancellingPlayCardActions
 0115: ldloc.1 
 0116: ldloc.0 
 0117: callvirt method:MegaCrit.Sts2.Core.GameActions.GameAction.Void ResumeAfterGatheringPlayerChoice(UInt32)
 0122: ldarg.0 
 0123: ldfld field:System.Action ActionQueueChanged
 0128: dup 
 0129: brtrue.s 133
 0131: pop 
 0132: ret 
 0133: callvirt method:System.Action.Void Invoke()
 0138: ret 
 0139: ldarg.0 
 0140: ldfld field:MegaCrit.Sts2.Core.Logging.Logger _logger
 0145: ldloca.s 3
 0147: ldc.i4.s 61
 0149: ldc.i4.1 
 0150: call method:System.Runtime.CompilerServices.DefaultInterpolatedStringHandler.Void .ctor(Int32, Int32)
 0155: ldloca.s 3
 0157: ldstr str:Action with id 
 0162: call method:System.Runtime.CompilerServices.DefaultInterpolatedStringHandler.Void AppendLiteral(System.String)
 0167: ldloca.s 3
 0169: ldarg.1 
 0170: call method:System.Runtime.CompilerServices.DefaultInterpolatedStringHandler.Void AppendFormatted[UInt32](UInt32)
 0175: ldloca.s 3
 0177: ldstr str: is not ready to resume, enqueueing resumption
 0182: call method:System.Runtime.CompilerServices.DefaultInterpolatedStringHandler.Void AppendLiteral(System.String)
 0187: ldloca.s 3
 0189: call method:System.Runtime.CompilerServices.DefaultInterpolatedStringHandler.System.String ToStringAndClear()
 0194: ldc.i4.1 
 0195: callvirt method:MegaCrit.Sts2.Core.Logging.Logger.Void Debug(System.String, Int32)
 0200: ldloca.s 5
 0202: initobj type:MegaCrit.Sts2.Core.GameActions.Multiplayer.ActionQueueSet+ActionWaitingForResumption
 0208: ldloca.s 5
 0210: ldarg.1 
 0211: stfld field:UInt32 oldId
 0216: ldloca.s 5
 0218: ldloc.0 
 0219: stfld field:UInt32 newId
 0224: ldloc.s 5
 0226: stloc.s 4
 0228: ldarg.0 
 0229: ldfld field:System.Collections.Generic.List`1[MegaCrit.Sts2.Core.GameActions.Multiplayer.ActionQueueSet+ActionWaitingForResumption] _actionsWaitingForResumption
 0234: ldloc.s 4
 0236: callvirt method:System.Collections.Generic.List`1[MegaCrit.Sts2.Core.GameActions.Multiplayer.ActionQueueSet+ActionWaitingForResumption].Void Add(ActionWaitingForResumption)
 0241: ret 
METHOD Void PopAction(MegaCrit.Sts2.Core.GameActions.GameAction)
 0000: ldarg.0 
 0001: ldfld field:Boolean _wasReset
 0006: brfalse.s 9
 0008: ret 
 0009: ldc.i4.0 
 0010: stloc.0 
 0011: ldarg.0 
 0012: ldfld field:System.Collections.Generic.List`1[MegaCrit.Sts2.Core.GameActions.Multiplayer.ActionQueueSet+ActionQueue] _actionQueues
 0017: callvirt method:System.Collections.Generic.List`1[MegaCrit.Sts2.Core.GameActions.Multiplayer.ActionQueueSet+ActionQueue].Enumerator GetEnumerator()
 0022: stloc.1 
 0023: br 298
 0028: ldloca.s 1
 0030: call method:System.Collections.Generic.List`1+Enumerator[MegaCrit.Sts2.Core.GameActions.Multiplayer.ActionQueueSet+ActionQueue].ActionQueue get_Current()
 0035: stloc.2 
 0036: ldloc.2 
 0037: ldfld field:System.Collections.Generic.List`1[MegaCrit.Sts2.Core.GameActions.GameAction] actions
 0042: callvirt method:System.Collections.Generic.List`1[MegaCrit.Sts2.Core.GameActions.GameAction].Int32 get_Count()
 0047: brfalse 298
 0052: ldloc.2 
 0053: ldfld field:System.Collections.Generic.List`1[MegaCrit.Sts2.Core.GameActions.GameAction] actions
 0058: ldc.i4.0 
 0059: callvirt method:System.Collections.Generic.List`1[MegaCrit.Sts2.Core.GameActions.GameAction].MegaCrit.Sts2.Core.GameActions.GameAction get_Item(Int32)
 0064: ldarg.1 
 0065: bne.un.s 165
 0067: ldc.i4.1 
 0068: stloc.0 
 0069: ldloc.2 
 0070: ldfld field:System.Collections.Generic.List`1[MegaCrit.Sts2.Core.GameActions.GameAction] actions
 0075: ldc.i4.0 
 0076: callvirt method:System.Collections.Generic.List`1[MegaCrit.Sts2.Core.GameActions.GameAction].Void RemoveAt(Int32)
 0081: ldloc.2 
 0082: ldfld field:MegaCrit.Sts2.Core.GameActions.GameAction actionCancellingPlayCardActions
 0087: ldarg.1 
 0088: bne.un 298
 0093: ldarg.0 
 0094: ldfld field:MegaCrit.Sts2.Core.Logging.Logger _logger
 0099: ldc.i4.s 91
 0101: ldc.i4.1 
 0102: newobj method:System.Runtime.CompilerServices.DefaultInterpolatedStringHandler.Void .ctor(Int32, Int32)
 0107: stloc.3 
 0108: ldloca.s 3
 0110: ldstr str:Action 
 0115: call method:System.Runtime.CompilerServices.DefaultInterpolatedStringHandler.Void AppendLiteral(System.String)
 0120: ldloca.s 3
 0122: ldarg.1 
 0123: call method:System.Runtime.CompilerServices.DefaultInterpolatedStringHandler.Void AppendFormatted[GameAction](MegaCrit.Sts2.Core.GameActions.GameAction)
 0128: ldloca.s 3
 0130: ldstr str: left the queue while still cancelling play card actions. No longer cancelling them.
 0135: call method:System.Runtime.CompilerServices.DefaultInterpolatedStringHandler.Void AppendLiteral(System.String)
 0140: ldloca.s 3
 0142: call method:System.Runtime.CompilerServices.DefaultInterpolatedStringHandler.System.String ToStringAndClear()
 0147: ldc.i4.1 
 0148: callvirt method:MegaCrit.Sts2.Core.Logging.Logger.Void Debug(System.String, Int32)
 0153: ldloc.2 
 0154: ldnull 
 0155: stfld field:MegaCrit.Sts2.Core.GameActions.GameAction actionCancellingPlayCardActions
 0160: br 298
 0165: ldloc.2 
 0166: ldfld field:System.Collections.Generic.List`1[MegaCrit.Sts2.Core.GameActions.GameAction] actions
 0171: callvirt method:System.Collections.Generic.List`1[MegaCrit.Sts2.Core.GameActions.GameAction].Enumerator GetEnumerator()
 0176: stloc.s 4
 0178: br.s 273
 0180: ldloca.s 4
 0182: call method:System.Collections.Generic.List`1+Enumerator[MegaCrit.Sts2.Core.GameActions.GameAction].MegaCrit.Sts2.Core.GameActions.GameAction get_Current()
 0187: stloc.s 5
 0189: ldloc.s 5
 0191: ldarg.1 
 0192: bne.un.s 273
 0194: ldc.i4.s 68
 0196: ldc.i4.2 
 0197: newobj method:System.Runtime.CompilerServices.DefaultInterpolatedStringHandler.Void .ctor(Int32, Int32)
 0202: stloc.3 
 0203: ldloca.s 3
 0205: ldstr str:Tried to pop action 
 0210: call method:System.Runtime.CompilerServices.DefaultInterpolatedStringHandler.Void AppendLiteral(System.String)
 0215: ldloca.s 3
 0217: ldarg.1 
 0218: call method:System.Runtime.CompilerServices.DefaultInterpolatedStringHandler.Void AppendFormatted[GameAction](MegaCrit.Sts2.Core.GameActions.GameAction)
 0223: ldloca.s 3
 0225: ldstr str:, but it is not the top-most action for player 
 0230: call method:System.Runtime.CompilerServices.DefaultInterpolatedStringHandler.Void AppendLiteral(System.String)
 0235: ldloca.s 3
 0237: ldloc.2 
 0238: ldfld field:UInt64 ownerId
 0243: call method:System.Runtime.CompilerServices.DefaultInterpolatedStringHandler.Void AppendFormatted[UInt64](UInt64)
 0248: ldloca.s 3
 0250: ldstr str:!
 0255: call method:System.Runtime.CompilerServices.DefaultInterpolatedStringHandler.Void AppendLiteral(System.String)
 0260: ldloca.s 3
 0262: call method:System.Runtime.CompilerServices.DefaultInterpolatedStringHandler.System.String ToStringAndClear()
 0267: newobj method:System.InvalidOperationException.Void .ctor(System.String)
 0272: throw 
 0273: ldloca.s 4
 0275: call method:System.Collections.Generic.List`1+Enumerator[MegaCrit.Sts2.Core.GameActions.GameAction].Boolean MoveNext()
 0280: brtrue.s 180
 0282: leave.s 298
 0284: ldloca.s 4
 0286: constrained. type:System.Collections.Generic.List`1+Enumerator[MegaCrit.Sts2.Core.GameActions.GameAction]
 0292: callvirt method:System.IDisposable.Void Dispose()
 0297: endfinally 
 0298: ldloca.s 1
 0300: call method:System.Collections.Generic.List`1+Enumerator[MegaCrit.Sts2.Core.GameActions.Multiplayer.ActionQueueSet+ActionQueue].Boolean MoveNext()
 0305: brtrue 28
 0310: leave.s 326
 0312: ldloca.s 1
 0314: constrained. type:System.Collections.Generic.List`1+Enumerator[MegaCrit.Sts2.Core.GameActions.Multiplayer.ActionQueueSet+ActionQueue]
 0320: callvirt method:System.IDisposable.Void Dispose()
 0325: endfinally 
 0326: ldloc.0 
 0327: brfalse.s 348
 0329: ldarg.0 
 0330: ldfld field:System.Action ActionQueueChanged
 0335: dup 
 0336: brtrue.s 341
 0338: pop 
 0339: br.s 403
 0341: callvirt method:System.Action.Void Invoke()
 0346: br.s 403
 0348: ldloca.s 3
 0350: ldc.i4.s 57
 0352: ldc.i4.1 
 0353: call method:System.Runtime.CompilerServices.DefaultInterpolatedStringHandler.Void .ctor(Int32, Int32)
 0358: ldloca.s 3
 0360: ldstr str:Tried to pop action 
 0365: call method:System.Runtime.CompilerServices.DefaultInterpolatedStringHandler.Void AppendLiteral(System.String)
 0370: ldloca.s 3
 0372: ldarg.1 
 0373: call method:System.Runtime.CompilerServices.DefaultInterpolatedStringHandler.Void AppendFormatted[GameAction](MegaCrit.Sts2.Core.GameActions.GameAction)
 0378: ldloca.s 3
 0380: ldstr str:, but we didn't find it in any queue!
 0385: call method:System.Runtime.CompilerServices.DefaultInterpolatedStringHandler.Void AppendLiteral(System.String)
 0390: ldloca.s 3
 0392: call method:System.Runtime.CompilerServices.DefaultInterpolatedStringHandler.System.String ToStringAndClear()
 0397: newobj method:System.InvalidOperationException.Void .ctor(System.String)
 0402: throw 
 0403: ldarg.1 
 0404: callvirt method:MegaCrit.Sts2.Core.GameActions.GameAction.System.Exception get_Exception()
 0409: brfalse.s 434
 0411: ldarg.0 
 0412: ldfld field:System.Threading.Tasks.TaskCompletionSource _queuesEmptyCompletionSource
 0417: dup 
 0418: brtrue.s 422
 0420: pop 
 0421: ret 
 0422: ldarg.1 
 0423: callvirt method:MegaCrit.Sts2.Core.GameActions.GameAction.System.Exception get_Exception()
 0428: call method:System.Threading.Tasks.TaskCompletionSource.Void SetException(System.Exception)
 0433: ret 
 0434: ldarg.0 
 0435: call method:MegaCrit.Sts2.Core.GameActions.Multiplayer.ActionQueueSet.Void CheckIfQueuesEmpty()
 0440: ret 
METHOD Void EnqueueWithoutSynchronizing(MegaCrit.Sts2.Core.GameActions.GameAction)
 0000: ldarg.0 
 0001: ldfld field:System.Threading.Tasks.TaskCompletionSource _queuesEmptyCompletionSource
 0006: brfalse.s 26
 0008: ldarg.0 
 0009: ldfld field:System.Threading.Tasks.TaskCompletionSource _queuesEmptyCompletionSource
 0014: callvirt method:System.Threading.Tasks.TaskCompletionSource.System.Threading.Tasks.Task get_Task()
 0019: callvirt method:System.Threading.Tasks.Task.Boolean get_IsCompleted()
 0024: brfalse.s 37
 0026: ldarg.0 
 0027: newobj method:System.Threading.Tasks.TaskCompletionSource.Void .ctor()
 0032: stfld field:System.Threading.Tasks.TaskCompletionSource _queuesEmptyCompletionSource
 0037: ldarg.1 
 0038: callvirt method:MegaCrit.Sts2.Core.GameActions.GameAction.System.Nullable`1[System.UInt32] get_Id()
 0043: stloc.1 
 0044: ldloca.s 1
 0046: call method:System.Nullable`1[System.UInt32].Boolean get_HasValue()
 0051: brfalse.s 133
 0053: ldloca.s 2
 0055: ldc.i4.s 111
 0057: ldc.i4.2 
 0058: call method:System.Runtime.CompilerServices.DefaultInterpolatedStringHandler.Void .ctor(Int32, Int32)
 0063: ldloca.s 2
 0065: ldstr str:Attempting to enqueue GameAction 
 0070: call method:System.Runtime.CompilerServices.DefaultInterpolatedStringHandler.Void AppendLiteral(System.String)
 0075: ldloca.s 2
 0077: ldarg.1 
 0078: call method:System.Runtime.CompilerServices.DefaultInterpolatedStringHandler.Void AppendFormatted[GameAction](MegaCrit.Sts2.Core.GameActions.GameAction)
 0083: ldloca.s 2
 0085: ldstr str: which already has an ID 
 0090: call method:System.Runtime.CompilerServices.DefaultInterpolatedStringHandler.Void AppendLiteral(System.String)
 0095: ldloca.s 2
 0097: ldarg.1 
 0098: callvirt method:MegaCrit.Sts2.Core.GameActions.GameAction.System.Nullable`1[System.UInt32] get_Id()
 0103: call method:System.Runtime.CompilerServices.DefaultInterpolatedStringHandler.Void AppendFormatted[Nullable`1](System.Nullable`1[System.UInt32])
 0108: ldloca.s 2
 0110: ldstr str:, indicating it was previously enqueued to the queue!
 0115: call method:System.Runtime.CompilerServices.DefaultInterpolatedStringHandler.Void AppendLiteral(System.String)
 0120: ldloca.s 2
 0122: call method:System.Runtime.CompilerServices.DefaultInterpolatedStringHandler.System.String ToStringAndClear()
 0127: newobj method:System.InvalidOperationException.Void .ctor(System.String)
 0132: throw 
 0133: ldarg.1 
 0134: ldarg.0 
 0135: ldftn method:MegaCrit.Sts2.Core.GameActions.Multiplayer.ActionQueueSet.Void PopAction(MegaCrit.Sts2.Core.GameActions.GameAction)
 0141: newobj method:System.Action`1[MegaCrit.Sts2.Core.GameActions.GameAction].Void .ctor(System.Object, IntPtr)
 0146: ldarg.0 
 0147: call method:MegaCrit.Sts2.Core.GameActions.Multiplayer.ActionQueueSet.UInt32 GetAndIncrementActionId()
 0152: callvirt method:MegaCrit.Sts2.Core.GameActions.GameAction.Void OnEnqueued(System.Action`1[MegaCrit.Sts2.Core.GameActions.GameAction], UInt32)
 0157: ldarg.0 
 0158: ldarg.1 
 0159: callvirt method:MegaCrit.Sts2.Core.GameActions.GameAction.UInt64 get_OwnerId()
 0164: call method:MegaCrit.Sts2.Core.GameActions.Multiplayer.ActionQueueSet.ActionQueue GetQueue(UInt64)
 0169: stloc.0 
 0170: ldarg.0 
 0171: ldfld field:System.Action`1[MegaCrit.Sts2.Core.GameActions.GameAction] ActionEnqueued
 0176: dup 
 0177: brtrue.s 182
 0179: pop 
 0180: br.s 188
 0182: ldarg.1 
 0183: callvirt method:System.Action`1[MegaCrit.Sts2.Core.GameActions.GameAction].Void Invoke(MegaCrit.Sts2.Core.GameActions.GameAction)
 0188: leave.s 262
 0190: stloc.3 
 0191: ldloca.s 2
 0193: ldc.i4.s 53
 0195: ldc.i4.2 
 0196: call method:System.Runtime.CompilerServices.DefaultInterpolatedStringHandler.Void .ctor(Int32, Int32)
 0201: ldloca.s 2
 0203: ldstr str:Exception encountered in ActionEnqueued for action 
 0208: call method:System.Runtime.CompilerServices.DefaultInterpolatedStringHandler.Void AppendLiteral(System.String)
 0213: ldloca.s 2
 0215: ldarg.1 
 0216: call method:System.Runtime.CompilerServices.DefaultInterpolatedStringHandler.Void AppendFormatted[GameAction](MegaCrit.Sts2.Core.GameActions.GameAction)
 0221: ldloca.s 2
 0223: ldstr str:: 
 0228: call method:System.Runtime.CompilerServices.DefaultInterpolatedStringHandler.Void AppendLiteral(System.String)
 0233: ldloca.s 2
 0235: ldloc.3 
 0236: call method:System.Runtime.CompilerServices.DefaultInterpolatedStringHandler.Void AppendFormatted[Exception](System.Exception)
 0241: ldloca.s 2
 0243: call method:System.Runtime.CompilerServices.DefaultInterpolatedStringHandler.System.String ToStringAndClear()
 0248: ldc.i4.2 
 0249: call method:MegaCrit.Sts2.Core.Logging.Log.Void Error(System.String, Int32)
 0254: ldloc.3 
 0255: call method:MegaCrit.Sts2.Core.Debug.SentryService.Void CaptureException(System.Exception)
 0260: leave.s 262
 0262: ldloc.0 
 0263: callvirt method:MegaCrit.Sts2.Core.GameActions.Multiplayer.ActionQueueSet+ActionQueue.Boolean get_IsCancellingPlayCardActions()
 0268: brfalse.s 374
 0270: ldarg.1 
 0271: isinst type:MegaCrit.Sts2.Core.GameActions.PlayCardAction
 0276: brfalse.s 374
 0278: ldarg.0 
 0279: ldfld field:MegaCrit.Sts2.Core.Logging.Logger _logger
 0284: ldloca.s 2
 0286: ldc.i4 136
 0291: ldc.i4.2 
 0292: call method:System.Runtime.CompilerServices.DefaultInterpolatedStringHandler.Void .ctor(Int32, Int32)
 0297: ldloca.s 2
 0299: ldstr str:Attempted to enqueue PlayCardAction 
 0304: call method:System.Runtime.CompilerServices.DefaultInterpolatedStringHandler.Void AppendLiteral(System.String)
 0309: ldloca.s 2
 0311: ldarg.1 
 0312: call method:System.Runtime.CompilerServices.DefaultInterpolatedStringHandler.Void AppendFormatted[GameAction](MegaCrit.Sts2.Core.GameActions.GameAction)
 0317: ldloca.s 2
 0319: ldstr str: to player queue owned by 
 0324: call method:System.Runtime.CompilerServices.DefaultInterpolatedStringHandler.Void AppendLiteral(System.String)
 0329: ldloca.s 2
 0331: ldarg.1 
 0332: callvirt method:MegaCrit.Sts2.Core.GameActions.GameAction.UInt64 get_OwnerId()
 0337: call method:System.Runtime.CompilerServices.DefaultInterpolatedStringHandler.Void AppendFormatted[UInt64](UInt64)
 0342: ldloca.s 2
 0344: ldstr str:, but it's currently cancelling all play card actions due to player choice
 0349: call method:System.Runtime.CompilerServices.DefaultInterpolatedStringHandler.Void AppendLiteral(System.String)
 0354: ldloca.s 2
 0356: call method:System.Runtime.CompilerServices.DefaultInterpolatedStringHandler.System.String ToStringAndClear()
 0361: ldc.i4.1 
 0362: callvirt method:MegaCrit.Sts2.Core.Logging.Logger.Void Debug(System.String, Int32)
 0367: ldarg.1 
 0368: callvirt method:MegaCrit.Sts2.Core.GameActions.GameAction.Void Cancel()
 0373: ret 
 0374: ldloc.0 
 0375: ldfld field:Boolean isCancellingPlayerDrivenCombatActions
 0380: brfalse.s 504
 0382: ldarg.1 
 0383: call method:MegaCrit.Sts2.Core.GameActions.Multiplayer.ActionQueueSet.Boolean IsGameActionPlayerDriven(MegaCrit.Sts2.Core.GameActions.GameAction)
 0388: brfalse.s 504
 0390: ldarg.1 
 0391: callvirt method:MegaCrit.Sts2.Core.GameActions.GameAction.MegaCrit.Sts2.Core.Entities.Multiplayer.GameActionType get_ActionType()
 0396: ldc.i4.3 
 0397: beq.s 504
 0399: ldarg.1 
 0400: callvirt method:MegaCrit.Sts2.Core.GameActions.GameAction.MegaCrit.Sts2.Core.Entities.Multiplayer.GameActionType get_ActionType()
 0405: ldc.i4.4 
 0406: beq.s 504
 0408: ldarg.0 
 0409: ldfld field:MegaCrit.Sts2.Core.Logging.Logger _logger
 0414: ldloca.s 2
 0416: ldc.i4 129
 0421: ldc.i4.2 
 0422: call method:System.Runtime.CompilerServices.DefaultInterpolatedStringHandler.Void .ctor(Int32, Int32)
 0427: ldloca.s 2
 0429: ldstr str:Attempted to enqueue GameAction 
 0434: call method:System.Runtime.CompilerServices.DefaultInterpolatedStringHandler.Void AppendLiteral(System.String)
 0439: ldloca.s 2
 0441: ldarg.1 
 0442: call method:System.Runtime.CompilerServices.DefaultInterpolatedStringHandler.Void AppendFormatted[GameAction](MegaCrit.Sts2.Core.GameActions.GameAction)
 0447: ldloca.s 2
 0449: ldstr str: to player queue owned by 
 0454: call method:System.Runtime.CompilerServices.DefaultInterpolatedStringHandler.Void AppendLiteral(System.String)
 0459: ldloca.s 2
 0461: ldarg.1 
 0462: callvirt method:MegaCrit.Sts2.Core.GameActions.GameAction.UInt64 get_OwnerId()
 0467: call method:System.Runtime.CompilerServices.DefaultInterpolatedStringHandler.Void AppendFormatted[UInt64](UInt64)
 0472: ldloca.s 2
 0474: ldstr str:, but it's currently cancelling all non-hook actions due to end of turn
 0479: call method:System.Runtime.CompilerServices.DefaultInterpolatedStringHandler.Void AppendLiteral(System.String)
 0484: ldloca.s 2
 0486: call method:System.Runtime.CompilerServices.DefaultInterpolatedStringHandler.System.String ToStringAndClear()
 0491: ldc.i4.1 
 0492: callvirt method:MegaCrit.Sts2.Core.Logging.Logger.Void Debug(System.String, Int32)
 0497: ldarg.1 
 0498: callvirt method:MegaCrit.Sts2.Core.GameActions.GameAction.Void Cancel()
 0503: ret 
 0504: ldloc.0 
 0505: ldfld field:Boolean isCancellingCombatActions
 0510: stloc.s 4
 0512: ldloc.s 4
 0514: stloc.s 5
 0516: ldloc.s 5
 0518: brfalse.s 547
 0520: ldarg.1 
 0521: callvirt method:MegaCrit.Sts2.Core.GameActions.GameAction.MegaCrit.Sts2.Core.Entities.Multiplayer.GameActionType get_ActionType()
 0526: stloc.s 6
 0528: ldloc.s 6
 0530: ldc.i4.1 
 0531: sub 
 0532: ldc.i4.1 
 0533: bgt.un.s 540
 0535: ldc.i4.1 
 0536: stloc.s 7
 0538: br.s 543
 0540: ldc.i4.0 
 0541: stloc.s 7
 0543: ldloc.s 7
 0545: stloc.s 5
 0547: ldloc.s 5
 0549: brfalse.s 644
 0551: ldarg.0 
 0552: ldfld field:MegaCrit.Sts2.Core.Logging.Logger _logger
 0557: ldloca.s 2
 0559: ldc.i4.s 108
 0561: ldc.i4.2 
 0562: call method:System.Runtime.CompilerServices.DefaultInterpolatedStringHandler.Void .ctor(Int32, Int32)
 0567: ldloca.s 2
 0569: ldstr str:Attempted to enqueue GameAction 
 0574: call method:System.Runtime.CompilerServices.DefaultInterpolatedStringHandler.Void AppendLiteral(System.String)
 0579: ldloca.s 2
 0581: ldarg.1 
 0582: call method:System.Runtime.CompilerServices.DefaultInterpolatedStringHandler.Void AppendFormatted[GameAction](MegaCrit.Sts2.Core.GameActions.GameAction)
 0587: ldloca.s 2
 0589: ldstr str: to player queue owned by 
 0594: call method:System.Runtime.CompilerServices.DefaultInterpolatedStringHandler.Void AppendLiteral(System.String)
 0599: ldloca.s 2
 0601: ldarg.1 
 0602: callvirt method:MegaCrit.Sts2.Core.GameActions.GameAction.UInt64 get_OwnerId()
 0607: call method:System.Runtime.CompilerServices.DefaultInterpolatedStringHandler.Void AppendFormatted[UInt64](UInt64)
 0612: ldloca.s 2
 0614: ldstr str:, but it's currently cancelling all combat actions
 0619: call method:System.Runtime.CompilerServices.DefaultInterpolatedStringHandler.Void AppendLiteral(System.String)
 0624: ldloca.s 2
 0626: call method:System.Runtime.CompilerServices.DefaultInterpolatedStringHandler.System.String ToStringAndClear()
 0631: ldc.i4.1 
 0632: callvirt method:MegaCrit.Sts2.Core.Logging.Logger.Void Debug(System.String, Int32)
 0637: ldarg.1 
 0638: callvirt method:MegaCrit.Sts2.Core.GameActions.GameAction.Void Cancel()
 0643: ret 
 0644: ldarg.0 
 0645: ldfld field:MegaCrit.Sts2.Core.Logging.Logger _logger
 0650: ldloca.s 2
 0652: ldc.i4.s 44
 0654: ldc.i4.2 
 0655: call method:System.Runtime.CompilerServices.DefaultInterpolatedStringHandler.Void .ctor(Int32, Int32)
 0660: ldloca.s 2
 0662: ldstr str:Enqueueing action 
 0667: call method:System.Runtime.CompilerServices.DefaultInterpolatedStringHandler.Void AppendLiteral(System.String)
 0672: ldloca.s 2
 0674: ldarg.1 
 0675: call method:System.Runtime.CompilerServices.DefaultInterpolatedStringHandler.Void AppendFormatted[GameAction](MegaCrit.Sts2.Core.GameActions.GameAction)
 0680: ldloca.s 2
 0682: ldstr str: to player queue owned by 
 0687: call method:System.Runtime.CompilerServices.DefaultInterpolatedStringHandler.Void AppendLiteral(System.String)
 0692: ldloca.s 2
 0694: ldarg.1 
 0695: callvirt method:MegaCrit.Sts2.Core.GameActions.GameAction.UInt64 get_OwnerId()
 0700: call method:System.Runtime.CompilerServices.DefaultInterpolatedStringHandler.Void AppendFormatted[UInt64](UInt64)
 0705: ldloca.s 2
 0707: call method:System.Runtime.CompilerServices.DefaultInterpolatedStringHandler.System.String ToStringAndClear()
 0712: ldc.i4.1 
 0713: callvirt method:MegaCrit.Sts2.Core.Logging.Logger.Void Debug(System.String, Int32)
 0718: ldloc.0 
 0719: ldfld field:System.Collections.Generic.List`1[MegaCrit.Sts2.Core.GameActions.GameAction] actions
 0724: ldarg.1 
 0725: callvirt method:System.Collections.Generic.List`1[MegaCrit.Sts2.Core.GameActions.GameAction].Void Add(MegaCrit.Sts2.Core.GameActions.GameAction)
 0730: ldarg.0 
 0731: ldfld field:System.Action ActionQueueChanged
 0736: dup 
 0737: brtrue.s 741
 0739: pop 
 0740: ret 
 0741: callvirt method:System.Action.Void Invoke()
 0746: ret 
METHOD Void CheckIfQueuesEmpty()
 0000: ldarg.0 
 0001: ldfld field:System.Collections.Generic.List`1[MegaCrit.Sts2.Core.GameActions.Multiplayer.ActionQueueSet+ActionQueue] _actionQueues
 0006: ldsfld field:System.Func`2[MegaCrit.Sts2.Core.GameActions.Multiplayer.ActionQueueSet+ActionQueue,System.Boolean] <>9__43_0
 0011: dup 
 0012: brtrue.s 37
 0014: pop 
 0015: ldsfld field:<>c <>9
 0020: ldftn method:MegaCrit.Sts2.Core.GameActions.Multiplayer.ActionQueueSet+<>c.Boolean <CheckIfQueuesEmpty>b__43_0(ActionQueue)
 0026: newobj method:System.Func`2[MegaCrit.Sts2.Core.GameActions.Multiplayer.ActionQueueSet+ActionQueue,System.Boolean].Void .ctor(System.Object, IntPtr)
 0031: dup 
 0032: stsfld field:System.Func`2[MegaCrit.Sts2.Core.GameActions.Multiplayer.ActionQueueSet+ActionQueue,System.Boolean] <>9__43_0
 0037: call method:System.Linq.Enumerable.Boolean All[ActionQueue](System.Collections.Generic.IEnumerable`1[MegaCrit.Sts2.Core.GameActions.Multiplayer.ActionQueueSet+ActionQueue], System.Func`2[MegaCrit.Sts2.Core.GameActions.Multiplayer.ActionQueueSet+ActionQueue,System.Boolean])
 0042: brfalse.s 88
 0044: ldarg.0 
 0045: ldfld field:System.Threading.Tasks.TaskCompletionSource _queuesEmptyCompletionSource
 0050: stloc.0 
 0051: ldloc.0 
 0052: brfalse.s 88
 0054: ldloc.0 
 0055: callvirt method:System.Threading.Tasks.TaskCompletionSource.System.Threading.Tasks.Task get_Task()
 0060: stloc.1 
 0061: ldloc.1 
 0062: brfalse.s 88
 0064: ldloc.1 
 0065: callvirt method:System.Threading.Tasks.Task.Boolean get_IsCompleted()
 0070: brtrue.s 88
 0072: ldarg.0 
 0073: ldfld field:System.Threading.Tasks.TaskCompletionSource _queuesEmptyCompletionSource
 0078: dup 
 0079: brtrue.s 83
 0081: pop 
 0082: ret 
 0083: call method:System.Threading.Tasks.TaskCompletionSource.Void SetResult()
 0088: ret 
