METHOD Godot.Control get_VfxContainer()
METHOD Void set_VfxContainer(Godot.Control)
METHOD System.Collections.Generic.IEnumerable`1[MegaCrit.Sts2.Core.Nodes.Events.NEventOptionButton] get_OptionButtons()
METHOD Void _Ready()
METHOD Void _EnterTree()
METHOD Void _ExitTree()
METHOD Void SetEvent(MegaCrit.Sts2.Core.Models.EventModel)
METHOD Void InitializeVisuals()
METHOD Void UpdatePhobiaMode()
METHOD Void SetPortrait(Godot.Texture2D, Godot.Texture2D)
METHOD Void AddVfxAnchoredToPortrait(Godot.Node)
METHOD Void RemoveNodesOnPortrait()
METHOD Void SetTitle(System.String)
METHOD Void SetDescription(System.String)
METHOD Void AnimateIn()
METHOD Void ClearOptions()
METHOD Void AddOptions(System.Collections.Generic.IEnumerable`1[MegaCrit.Sts2.Core.Events.EventOption])
METHOD Void OnSetupComplete()
METHOD Void AnimateButtonsIn()
METHOD System.Threading.Tasks.Task BeforeSharedOptionChosen(MegaCrit.Sts2.Core.Events.EventOption)
METHOD Void OnPlayerVoteChanged(MegaCrit.Sts2.Core.Entities.Players.Player)
METHOD Void DisableEventOptions()
METHOD Void _Input(Godot.InputEvent)
METHOD Void ApplyDebugUiVisibility()
METHOD Godot.Control get_DefaultFocusedControl()
METHOD System.Collections.Generic.List`1[Godot.Bridge.MethodInfo] GetGodotMethodList()
METHOD Boolean InvokeGodotClassMethod(Godot.NativeInterop.godot_string_name ByRef, Godot.NativeInterop.NativeVariantPtrArgs, Godot.NativeInterop.godot_variant ByRef)
METHOD Boolean HasGodotClassMethod(Godot.NativeInterop.godot_string_name ByRef)
METHOD Boolean SetGodotClassPropertyValue(Godot.NativeInterop.godot_string_name ByRef, Godot.NativeInterop.godot_variant ByRef)
METHOD Boolean GetGodotClassPropertyValue(Godot.NativeInterop.godot_string_name ByRef, Godot.NativeInterop.godot_variant ByRef)
METHOD System.Collections.Generic.List`1[Godot.Bridge.PropertyInfo] GetGodotPropertyList()
METHOD Void SaveGodotObjectData(Godot.Bridge.GodotSerializationInfo)
METHOD Void RestoreGodotObjectData(Godot.Bridge.GodotSerializationInfo)
