TYPE MegaCrit.Sts2.Core.Multiplayer.Game.INetGameService
PROP UInt64 NetId get=UInt64 get_NetId()
PROP Boolean IsConnected get=Boolean get_IsConnected()
PROP Boolean IsGameLoading get=Boolean get_IsGameLoading()
PROP MegaCrit.Sts2.Core.Multiplayer.Game.NetGameType Type get=MegaCrit.Sts2.Core.Multiplayer.Game.NetGameType get_Type()
PROP MegaCrit.Sts2.Core.Platform.PlatformType Platform get=MegaCrit.Sts2.Core.Platform.PlatformType get_Platform()
PROP MegaCrit.Sts2.Core.Multiplayer.PeerVersionInfo LocalVersion get=MegaCrit.Sts2.Core.Multiplayer.PeerVersionInfo get_LocalVersion()
METHOD UInt64 get_NetId()
METHOD Boolean get_IsConnected()
METHOD Boolean get_IsGameLoading()
METHOD Void add_Disconnected(System.Action`1[MegaCrit.Sts2.Core.Entities.Multiplayer.NetErrorInfo])
METHOD Void remove_Disconnected(System.Action`1[MegaCrit.Sts2.Core.Entities.Multiplayer.NetErrorInfo])
METHOD MegaCrit.Sts2.Core.Multiplayer.Game.NetGameType get_Type()
METHOD MegaCrit.Sts2.Core.Platform.PlatformType get_Platform()
METHOD MegaCrit.Sts2.Core.Multiplayer.PeerVersionInfo get_LocalVersion()
METHOD Void SendMessage[T](T, UInt64)
METHOD Void SendMessage[T](T)
METHOD Void RegisterMessageHandler[T](MegaCrit.Sts2.Core.Multiplayer.Game.MessageHandlerDelegate`1[T])
METHOD Void UnregisterMessageHandler[T](MegaCrit.Sts2.Core.Multiplayer.Game.MessageHandlerDelegate`1[T])
METHOD Void Update()
METHOD Void Disconnect(MegaCrit.Sts2.Core.Entities.Multiplayer.NetError, Boolean)
METHOD MegaCrit.Sts2.Core.Multiplayer.Quality.ConnectionStats GetStatsForPeer(UInt64)
METHOD Void SetGameLoading(Boolean)
METHOD Void SetBufferMessages(Boolean)
METHOD System.String GetRawLobbyIdentifier()
