METHOD Void MoveNext()
 0000: ldarg.0 
 0001: ldfld field:Int32 <>1__state
 0006: stloc.0 
 0007: ldarg.0 
 0008: ldfld field:MegaCrit.Sts2.Core.Nodes.Rooms.NEventRoom <>4__this
 0013: stloc.1 
 0014: ldloc.0 
 0015: brfalse.s 143
 0017: ldloc.1 
 0018: ldfld field:MegaCrit.Sts2.Core.Models.EventModel _event
 0023: callvirt method:MegaCrit.Sts2.Core.Models.EventModel.MegaCrit.Sts2.Core.Entities.Players.Player get_Owner()
 0028: callvirt method:MegaCrit.Sts2.Core.Entities.Players.Player.MegaCrit.Sts2.Core.Runs.IRunState get_RunState()
 0033: callvirt method:MegaCrit.Sts2.Core.Runs.IPlayerCollection.System.Collections.Generic.IReadOnlyList`1[MegaCrit.Sts2.Core.Entities.Players.Player] get_Players()
 0038: callvirt method:System.Collections.Generic.IReadOnlyCollection`1[MegaCrit.Sts2.Core.Entities.Players.Player].Int32 get_Count()
 0043: ldc.i4.1 
 0044: ble 180
 0049: call method:MegaCrit.Sts2.Core.Runs.RunManager.MegaCrit.Sts2.Core.Runs.RunManager get_Instance()
 0054: callvirt method:MegaCrit.Sts2.Core.Runs.RunManager.MegaCrit.Sts2.Core.Multiplayer.Game.EventSynchronizer get_EventSynchronizer()
 0059: callvirt method:MegaCrit.Sts2.Core.Multiplayer.Game.EventSynchronizer.Boolean get_IsShared()
 0064: brfalse.s 180
 0066: ldarg.0 
 0067: ldfld field:MegaCrit.Sts2.Core.Events.EventOption option
 0072: callvirt method:MegaCrit.Sts2.Core.Events.EventOption.Boolean get_IsProceed()
 0077: brtrue.s 180
 0079: ldloc.1 
 0080: call method:MegaCrit.Sts2.Core.Nodes.Rooms.NEventRoom.MegaCrit.Sts2.Core.Nodes.Events.NEventLayout get_Layout()
 0085: ldarg.0 
 0086: ldfld field:MegaCrit.Sts2.Core.Events.EventOption option
 0091: callvirt method:MegaCrit.Sts2.Core.Nodes.Events.NEventLayout.System.Threading.Tasks.Task BeforeSharedOptionChosen(MegaCrit.Sts2.Core.Events.EventOption)
 0096: callvirt method:System.Threading.Tasks.Task.System.Runtime.CompilerServices.TaskAwaiter GetAwaiter()
 0101: stloc.2 
 0102: ldloca.s 2
 0104: call method:System.Runtime.CompilerServices.TaskAwaiter.Boolean get_IsCompleted()
 0109: brtrue.s 171
 0111: ldarg.0 
 0112: ldc.i4.0 
 0113: dup 
 0114: stloc.0 
 0115: stfld field:Int32 <>1__state
 0120: ldarg.0 
 0121: ldloc.2 
 0122: stfld field:System.Runtime.CompilerServices.TaskAwaiter <>u__1
 0127: ldarg.0 
 0128: ldflda field:System.Runtime.CompilerServices.AsyncTaskMethodBuilder <>t__builder
 0133: ldloca.s 2
 0135: ldarg.0 
 0136: call method:System.Runtime.CompilerServices.AsyncTaskMethodBuilder.Void AwaitUnsafeOnCompleted[TaskAwaiter,<BeforeOptionChosen>d__31](System.Runtime.CompilerServices.TaskAwaiter ByRef, <BeforeOptionChosen>d__31 ByRef)
 0141: leave.s 243
 0143: ldarg.0 
 0144: ldfld field:System.Runtime.CompilerServices.TaskAwaiter <>u__1
 0149: stloc.2 
 0150: ldarg.0 
 0151: ldflda field:System.Runtime.CompilerServices.TaskAwaiter <>u__1
 0156: initobj type:System.Runtime.CompilerServices.TaskAwaiter
 0162: ldarg.0 
 0163: ldc.i4.m1 
 0164: dup 
 0165: stloc.0 
 0166: stfld field:Int32 <>1__state
 0171: ldloca.s 2
 0173: call method:System.Runtime.CompilerServices.TaskAwaiter.Void GetResult()
 0178: br.s 199
 0180: ldarg.0 
 0181: ldfld field:MegaCrit.Sts2.Core.Events.EventOption option
 0186: callvirt method:MegaCrit.Sts2.Core.Events.EventOption.Boolean get_IsProceed()
 0191: brtrue.s 199
 0193: ldloc.1 
 0194: call method:MegaCrit.Sts2.Core.Nodes.Rooms.NEventRoom.Void DisableOptionButtons()
 0199: leave.s 224
 0201: stloc.3 
 0202: ldarg.0 
 0203: ldc.i4.s -2
 0205: stfld field:Int32 <>1__state
 0210: ldarg.0 
 0211: ldflda field:System.Runtime.CompilerServices.AsyncTaskMethodBuilder <>t__builder
 0216: ldloc.3 
 0217: call method:System.Runtime.CompilerServices.AsyncTaskMethodBuilder.Void SetException(System.Exception)
 0222: leave.s 243
 0224: ldarg.0 
 0225: ldc.i4.s -2
 0227: stfld field:Int32 <>1__state
 0232: ldarg.0 
 0233: ldflda field:System.Runtime.CompilerServices.AsyncTaskMethodBuilder <>t__builder
 0238: call method:System.Runtime.CompilerServices.AsyncTaskMethodBuilder.Void SetResult()
 0243: ret 
