CALLER MegaCrit.Sts2.Core.Models.CardModel+<OnPlayWrapper>d__339.MoveNext IL 1624 -> MegaCrit.Sts2.Core.GameActions.Multiplayer.BranchingPlayerChoiceContext.AssignTaskAndWaitForPauseOrCompletion
CALLER MegaCrit.Sts2.Core.Models.PotionModel+<OnUseWrapper>d__75.MoveNext IL 918 -> MegaCrit.Sts2.Core.GameActions.Multiplayer.BranchingPlayerChoiceContext.AssignTaskAndWaitForPauseOrCompletion
CALLER MegaCrit.Sts2.Core.Hooks.Hook+<AfterDeath>d__28.MoveNext IL 170 -> MegaCrit.Sts2.Core.GameActions.Multiplayer.HookPlayerChoiceContext.AssignTaskAndWaitForPauseOrCompletion
CALLER MegaCrit.Sts2.Core.Hooks.Hook+<AfterDiedToDoom>d__30.MoveNext IL 141 -> MegaCrit.Sts2.Core.GameActions.Multiplayer.HookPlayerChoiceContext.AssignTaskAndWaitForPauseOrCompletion
CALLER MegaCrit.Sts2.Core.Hooks.Hook+<AfterSideTurnEnd>d__81.MoveNext IL 177 -> MegaCrit.Sts2.Core.GameActions.Multiplayer.HookPlayerChoiceContext.AssignTaskAndWaitForPauseOrCompletion
CALLER MegaCrit.Sts2.Core.Hooks.Hook+<AfterSideTurnEnd>d__81.MoveNext IL 570 -> MegaCrit.Sts2.Core.GameActions.Multiplayer.HookPlayerChoiceContext.AssignTaskAndWaitForPauseOrCompletion
CALLER MegaCrit.Sts2.Core.Hooks.Hook+<BeforeFlush>d__33.MoveNext IL 167 -> MegaCrit.Sts2.Core.GameActions.Multiplayer.HookPlayerChoiceContext.AssignTaskAndWaitForPauseOrCompletion
CALLER MegaCrit.Sts2.Core.Hooks.Hook+<BeforeFlush>d__33.MoveNext IL 444 -> MegaCrit.Sts2.Core.GameActions.Multiplayer.HookPlayerChoiceContext.AssignTaskAndWaitForPauseOrCompletion
CALLER MegaCrit.Sts2.Core.Hooks.Hook+<BeforeSideTurnEnd>d__80.MoveNext IL 177 -> MegaCrit.Sts2.Core.GameActions.Multiplayer.HookPlayerChoiceContext.AssignTaskAndWaitForPauseOrCompletion
CALLER MegaCrit.Sts2.Core.Hooks.Hook+<BeforeSideTurnEnd>d__80.MoveNext IL 460 -> MegaCrit.Sts2.Core.GameActions.Multiplayer.HookPlayerChoiceContext.AssignTaskAndWaitForPauseOrCompletion
CALLER MegaCrit.Sts2.Core.Hooks.Hook+<BeforeSideTurnEnd>d__80.MoveNext IL 746 -> MegaCrit.Sts2.Core.GameActions.Multiplayer.HookPlayerChoiceContext.AssignTaskAndWaitForPauseOrCompletion
CALLER MegaCrit.Sts2.Core.Hooks.Hook+<BeforeSideTurnStart>d__74.MoveNext IL 153 -> MegaCrit.Sts2.Core.GameActions.Multiplayer.HookPlayerChoiceContext.AssignTaskAndWaitForPauseOrCompletion
CALLER MegaCrit.Sts2.Core.GameActions.Multiplayer.BranchingPlayerChoiceContext+<AssignTaskAndWaitForPauseOrCompletion>d__16.MoveNext IL 173 -> MegaCrit.Sts2.Core.GameActions.Multiplayer.HookPlayerChoiceContext.AssignTaskAndWaitForPauseOrCompletion
CALLER MegaCrit.Sts2.Core.DevConsole.ConsoleCommands.DrawConsoleCmd+<DrawTask>d__9.MoveNext IL 63 -> MegaCrit.Sts2.Core.GameActions.Multiplayer.HookPlayerChoiceContext.AssignTaskAndWaitForPauseOrCompletion
CALLER MegaCrit.Sts2.Core.Commands.CardPileCmd.DrawWithoutBlockingOnOtherPlayers IL 35 -> MegaCrit.Sts2.Core.GameActions.Multiplayer.BranchingPlayerChoiceContext.AssignTaskAndWaitForPauseOrCompletion
CALLER MegaCrit.Sts2.Core.Combat.CombatManager+<EndPlayerTurnPhaseOneInternal>d__130.MoveNext IL 560 -> MegaCrit.Sts2.Core.GameActions.Multiplayer.HookPlayerChoiceContext.AssignTaskAndWaitForPauseOrCompletion
CALLER MegaCrit.Sts2.Core.Combat.CombatManager+<EndPlayerTurnPhaseOneInternal>d__130.MoveNext IL 1411 -> MegaCrit.Sts2.Core.GameActions.Multiplayer.HookPlayerChoiceContext.AssignTaskAndWaitForPauseOrCompletion
CALLER MegaCrit.Sts2.Core.Combat.CombatManager+<EndPlayerTurnPhaseTwoInternal>d__139.MoveNext IL 391 -> MegaCrit.Sts2.Core.GameActions.Multiplayer.HookPlayerChoiceContext.AssignTaskAndWaitForPauseOrCompletion
CALLER MegaCrit.Sts2.Core.Combat.CombatManager+<StartTurn>d__100.MoveNext IL 2228 -> MegaCrit.Sts2.Core.GameActions.Multiplayer.HookPlayerChoiceContext.AssignTaskAndWaitForPauseOrCompletion
CALLER MegaCrit.Sts2.Core.Combat.CombatManager+<StartTurn>d__100.MoveNext IL 2845 -> MegaCrit.Sts2.Core.GameActions.Multiplayer.HookPlayerChoiceContext.AssignTaskAndWaitForPauseOrCompletion
