{
  "summary": {
    "type": "summary",
    "ts": "2026-09-21T00:33:36.569Z",
    "outcome": "terminal",
    "dispatched": 176,
    "model_calls": 122,
    "forced": 55,
    "seed": "3GS28H63P9HY",
    "last_state_type": "game_over",
    "visible_text": "",
    "input_tokens": 392409,
    "output_tokens": 10389,
    "wall_ms": 471629
  },
  "all_dispatches_accepted_once": true,
  "decision_sources": {
    "model": 121,
    "singleton_only": 55
  },
  "decision_states": {
    "event": 4,
    "bundle_select": 2,
    "map": 16,
    "monster": 109,
    "rewards": 7,
    "shop": 2,
    "rest_site": 8,
    "treasure": 3,
    "boss": 25
  },
  "action_families": {
    "choose_event_option": 4,
    "select_bundle": 1,
    "confirm_bundle_selection": 1,
    "choose_map_node": 16,
    "play_card": 100,
    "end_turn": 34,
    "proceed": 14,
    "choose_rest_option": 4,
    "open_treasure": 1,
    "claim_treasure_relic": 1
  },
  "failed_inferences": [
    {
      "type": "inference",
      "ts": "2026-09-21T00:25:54.259Z",
      "state_version": "43630b553cd442ecb688d074c3b832d1:20",
      "attempt": 1,
      "ok": false,
      "latency_ms": 277,
      "error": "effect/ai/AiError/AiError: JevGateway.evaluate: Invalid output: Question \"action\" did not select a highest-probability option."
    }
  ]
}
