CALLER MegaCrit.Sts2.Core.Multiplayer.Game.OneOffSynchronizer+<OfferCrystalSphereRewards>d__17.MoveNext IL 81 -> MegaCrit.Sts2.Core.Commands.RewardsCmd.OfferCustom
CALLER MegaCrit.Sts2.Core.Models.Relics.CallingBell+<AfterObtained>d__9.MoveNext IL 237 -> MegaCrit.Sts2.Core.Commands.RewardsCmd.OfferCustom
CALLER MegaCrit.Sts2.Core.Models.Relics.Cauldron+<AfterObtained>d__8.MoveNext IL 29 -> MegaCrit.Sts2.Core.Commands.RewardsCmd.OfferCustom
CALLER MegaCrit.Sts2.Core.Models.Relics.GlassEye+<AfterObtained>d__2.MoveNext IL 160 -> MegaCrit.Sts2.Core.Commands.RewardsCmd.OfferCustom
CALLER MegaCrit.Sts2.Core.Models.Relics.Kaleidoscope+<AfterObtained>d__7.MoveNext IL 285 -> MegaCrit.Sts2.Core.Commands.RewardsCmd.OfferCustom
CALLER MegaCrit.Sts2.Core.Models.Relics.LostCoffer+<AfterObtained>d__4.MoveNext IL 100 -> MegaCrit.Sts2.Core.Commands.RewardsCmd.OfferCustom
CALLER MegaCrit.Sts2.Core.Models.Relics.Orrery+<AfterObtained>d__6.MoveNext IL 114 -> MegaCrit.Sts2.Core.Commands.RewardsCmd.OfferCustom
CALLER MegaCrit.Sts2.Core.Models.Relics.SmallCapsule+<AfterObtained>d__2.MoveNext IL 46 -> MegaCrit.Sts2.Core.Commands.RewardsCmd.OfferCustom
CALLER MegaCrit.Sts2.Core.Models.Relics.ToyBox+<AfterObtained>d__24.MoveNext IL 110 -> MegaCrit.Sts2.Core.Commands.RewardsCmd.OfferCustom
CALLER MegaCrit.Sts2.Core.Models.Events.BattlewornDummy+<Resume>d__11.MoveNext IL 493 -> MegaCrit.Sts2.Core.Commands.RewardsCmd.OfferCustom
CALLER MegaCrit.Sts2.Core.Models.Events.BrainLeech+<Rip>d__8.MoveNext IL 227 -> MegaCrit.Sts2.Core.Commands.RewardsCmd.OfferCustom
CALLER MegaCrit.Sts2.Core.Models.Events.ColorfulPhilosophers+<OfferRewards>d__6.MoveNext IL 310 -> MegaCrit.Sts2.Core.Commands.RewardsCmd.OfferCustom
CALLER MegaCrit.Sts2.Core.Models.Events.DrowningBeacon+<BottleOption>d__5.MoveNext IL 56 -> MegaCrit.Sts2.Core.Commands.RewardsCmd.OfferCustom
CALLER MegaCrit.Sts2.Core.Models.Events.EndlessConveyor+<SuspiciousCondiment>d__24.MoveNext IL 140 -> MegaCrit.Sts2.Core.Commands.RewardsCmd.OfferCustom
CALLER MegaCrit.Sts2.Core.Models.Events.PotionCourier+<GrabPotions>d__5.MoveNext IL 89 -> MegaCrit.Sts2.Core.Commands.RewardsCmd.OfferCustom
CALLER MegaCrit.Sts2.Core.Models.Events.PotionCourier+<Ransack>d__6.MoveNext IL 176 -> MegaCrit.Sts2.Core.Commands.RewardsCmd.OfferCustom
CALLER MegaCrit.Sts2.Core.Models.Events.PunchOff+<Nab>d__14.MoveNext IL 308 -> MegaCrit.Sts2.Core.Commands.RewardsCmd.OfferCustom
CALLER MegaCrit.Sts2.Core.Models.Events.TheFutureOfPotions+<Trade>d__17.MoveNext IL 344 -> MegaCrit.Sts2.Core.Commands.RewardsCmd.OfferCustom
CALLER MegaCrit.Sts2.Core.Models.Events.TheLegendsWereTrue+<SlowlyFindAnExit>d__5.MoveNext IL 268 -> MegaCrit.Sts2.Core.Commands.RewardsCmd.OfferCustom
CALLER MegaCrit.Sts2.Core.Models.Events.Trial+<NondescriptGuilty>d__20.MoveNext IL 196 -> MegaCrit.Sts2.Core.Commands.RewardsCmd.OfferCustom
CALLER MegaCrit.Sts2.Core.Models.Events.WarHistorianRepy+<UnlockChest>d__10.MoveNext IL 101 -> MegaCrit.Sts2.Core.Commands.RewardsCmd.OfferCustom
CALLER MegaCrit.Sts2.Core.Models.Events.Wellspring+<Bottle>d__4.MoveNext IL 140 -> MegaCrit.Sts2.Core.Commands.RewardsCmd.OfferCustom
CALLER MegaCrit.Sts2.Core.Models.Events.WhisperingHollow+<Gold>d__7.MoveNext IL 188 -> MegaCrit.Sts2.Core.Commands.RewardsCmd.OfferCustom
CALLER MegaCrit.Sts2.Core.Entities.RestSite.HealRestSiteOption+<ExecuteRestSiteHeal>d__13.MoveNext IL 294 -> MegaCrit.Sts2.Core.Commands.RewardsCmd.OfferCustom
