CALLER MegaCrit.Sts2.Core.Nodes.Screens.TreasureRoomRelic.NHandImage+<DoLoseShake>d__43.MoveNext IL 370 -> System.Runtime.CompilerServices.AsyncTaskMethodBuilder.SetResult
CALLER MegaCrit.Sts2.Core.Nodes.Screens.TreasureRoomRelic.NHandImage+<GrabRelic>d__44.MoveNext IL 578 -> System.Runtime.CompilerServices.AsyncTaskMethodBuilder.SetResult
CALLER MegaCrit.Sts2.Core.Nodes.Screens.TreasureRoomRelic.NHandImageCollection+<DoFight>d__20.MoveNext IL 1354 -> System.Runtime.CompilerServices.AsyncTaskMethodBuilder.SetResult
CALLER MegaCrit.Sts2.Core.Nodes.Screens.TreasureRoomRelic.NHandImageCollection+<DoLoseShake>d__21.MoveNext IL 204 -> System.Runtime.CompilerServices.AsyncTaskMethodBuilder.SetResult
CALLER MegaCrit.Sts2.Core.Nodes.Screens.TreasureRoomRelic.NTreasureRoomRelicCollection+<AnimateRelicAwards>d__31.MoveNext IL 117 -> System.Threading.Tasks.TaskCompletionSource.SetResult
CALLER MegaCrit.Sts2.Core.Nodes.Screens.TreasureRoomRelic.NTreasureRoomRelicCollection+<AnimateRelicAwards>d__31.MoveNext IL 2264 -> System.Threading.Tasks.TaskCompletionSource.SetResult
CALLER MegaCrit.Sts2.Core.Nodes.Screens.TreasureRoomRelic.NTreasureRoomRelicCollection+<AnimateRelicAwards>d__31.MoveNext IL 2324 -> System.Runtime.CompilerServices.AsyncTaskMethodBuilder.SetResult
CALLER MegaCrit.Sts2.Core.Nodes.Rooms.NTreasureRoom+<OpenChest>d__26.MoveNext IL 498 -> MegaCrit.Sts2.Core.Nodes.Screens.TreasureRoomRelic.NTreasureRoomRelicCollection.RelicPickingBegan
CALLER MegaCrit.Sts2.Core.Nodes.Rooms.NTreasureRoom+<OpenChest>d__26.MoveNext IL 707 -> MegaCrit.Sts2.Core.Nodes.Screens.TreasureRoomRelic.NTreasureRoomRelicCollection.RelicPickingFinished
CALLER MegaCrit.Sts2.Core.Rooms.TreasureRoom.Exit IL 10 -> MegaCrit.Sts2.Core.Multiplayer.Game.TreasureRoomRelicSynchronizer.OnRoomExited
CALLER MegaCrit.Sts2.Core.Models.Events.PunchOff.AfterEventStarted IL 6 -> MegaCrit.Sts2.Core.Models.Events.PunchOff.OnRoomExited
CALLER MegaCrit.Sts2.Core.Models.Events.PunchOff.OnRoomExited IL 6 -> MegaCrit.Sts2.Core.Models.Events.PunchOff.OnRoomExited
CALLER MegaCrit.Sts2.Core.Nodes.Screens.TreasureRoomRelic.NTreasureRoomRelicCollection+<>c.<AnimIn>b__27_0 IL 10 -> MegaCrit.Sts2.Core.Multiplayer.Game.TreasureRoomRelicSynchronizer.CompleteWithNoRelics
CALLER MegaCrit.Sts2.Core.Multiplayer.Game.TreasureRoomRelicSynchronizer.BeginRelicPicking IL 395 -> MegaCrit.Sts2.Core.Multiplayer.Game.TreasureRoomRelicSynchronizer.EndRelicVoting
CALLER MegaCrit.Sts2.Core.Multiplayer.Game.TreasureRoomRelicSynchronizer.OnPicked IL 596 -> MegaCrit.Sts2.Core.Multiplayer.Game.TreasureRoomRelicSynchronizer.EndRelicVoting
CALLER MegaCrit.Sts2.Core.Multiplayer.Game.TreasureRoomRelicSynchronizer.OnRoomExited IL 9 -> MegaCrit.Sts2.Core.Multiplayer.Game.TreasureRoomRelicSynchronizer.EndRelicVoting
CALLER MegaCrit.Sts2.Core.Nodes.Rooms.NTreasureRoom.InvokeGodotClassMethod IL 236 -> MegaCrit.Sts2.Core.Nodes.Rooms.NTreasureRoom.OnProceedButtonReleased
CALLER MegaCrit.Sts2.Core.GameActions.ActionExecutor+<ExecuteActions>d__28.MoveNext IL 70 -> MegaCrit.Sts2.Core.GameActions.Multiplayer.ActionQueueSet.GetReadyAction
CALLER MegaCrit.Sts2.Core.GameActions.ActionExecutor+<ExecuteActions>d__28.MoveNext IL 197 -> MegaCrit.Sts2.Core.GameActions.Multiplayer.ActionQueueSet.GetReadyAction
CALLER MegaCrit.Sts2.Core.GameActions.ActionExecutor+<ExecuteActions>d__28.MoveNext IL 1131 -> MegaCrit.Sts2.Core.GameActions.Multiplayer.ActionQueueSet.GetReadyAction
CALLER MegaCrit.Sts2.Core.Combat.CombatManager+<>c__DisplayClass128_0.<WaitUntilQueueIsEmptyOrWaitingOnNonPlayerDrivenAction>g__AfterActionExecuted|0 IL 10 -> MegaCrit.Sts2.Core.GameActions.Multiplayer.ActionQueueSet.GetReadyAction
CALLER MegaCrit.Sts2.Core.GameActions.ActionExecutor.ActionQueueChanged IL 26 -> MegaCrit.Sts2.Core.GameActions.ActionExecutor.ExecuteActions
