POST 202 {'status': 'dispatched', 'state_version': 'c8a9facc8e01492790c35b596ab1970a:39', 'label': 'claim_reward:2'}
GET 200 {
  "state_type": "card_reward",
  "card_reward": {
    "cards": [
      {
        "id": "BREAKTHROUGH",
        "name": "Breakthrough",
        "type": "Attack",
        "cost": "1",
        "star_cost": null,
        "description": "Lose 1 HP.\nDeal 9 damage to ALL enemies.",
        "rarity": "Common",
        "is_upgraded": false,
        "keywords": [],
        "index": 0
      },
      {
        "id": "SETUP_STRIKE",
        "name": "Setup Strike",
        "type": "Attack",
        "cost": "1",
        "star_cost": null,
        "description": "Deal 7 damage.\nGain 3 Strength this turn.",
        "rarity": "Common",
        "is_upgraded": false,
        "keywords": [
          {
            "name": "Strength",
            "description": "Strength adds additional damage to Attacks."
          }
        ],
        "index": 1
      },
      {
        "id": "TWIN_STRIKE",
        "name": "Twin Strike",
        "type": "Attack",
        "cost": "1",
        "star_cost": null,
        "description": "Deal 5 damage twice.",
        "rarity": "Common",
        "is_upgraded": false,
        "keywords": [],
        "index": 2
      }
    ],
    "can_skip": true
  },
  "run": {
    "act": 1,
    "floor": 2,
    "ascension": 0
  },
  "seed": "YXRKN2F6AQHC",
  "terminal": false,
  "waiting": true,
  "legal_actions_complete": false,
  "legal_actions": [],
  "state_version": "c8a9facc8e01492790c35b596ab1970a:40",
  "mutation_pending": true
}
player {'hp': 75, 'energy': None, 'gold': 99, 'hand': None}
