POST 202 {'status': 'dispatched', 'state_version': 'c8a9facc8e01492790c35b596ab1970a:41', 'label': 'card_reward_alternative:0'}
GET 200 {
  "state_type": "rewards",
  "rewards": {
    "items": [
      {
        "index": 0,
        "type": "gold",
        "description": "14 Gold",
        "gold_amount": 14
      },
      {
        "index": 1,
        "type": "potion",
        "description": "Strength Potion",
        "potion_id": "STRENGTH_POTION",
        "potion_name": "Strength Potion",
        "potion_description": "Gain 2 Strength."
      },
      {
        "index": 2,
        "type": "card",
        "description": "Add a card to your deck."
      }
    ],
    "can_proceed": true
  },
  "run": {
    "act": 1,
    "floor": 2,
    "ascension": 0
  },
  "seed": "YXRKN2F6AQHC",
  "terminal": false,
  "waiting": false,
  "legal_actions_complete": true,
  "legal_actions": [
    {
      "label": "claim_reward:0",
      "description": "14 Gold"
    },
    {
      "label": "claim_reward:1",
      "description": "Strength Potion"
    },
    {
      "label": "claim_reward:2",
      "description": "Add a card to your deck."
    },
    {
      "label": "proceed",
      "description": "Leave rewards"
    }
  ],
  "state_version": "c8a9facc8e01492790c35b596ab1970a:42",
  "mutation_pending": true
}
player {'hp': 75, 'energy': None, 'gold': 99, 'hand': None}
