bridge=http://127.0.0.1:15526/api/v1/singleplayer model=typesafe-ai/jev max-actions=unlimited log=/tmp/jev-autonomous-2026-09-20/run-3.jsonl
observed: event 5d5fb3ecc3024cc8b97f36e52a0f2424:1 act 1 floor 1 actions=3
[action 1] legal actions:
  choose_event_option:0  Scroll Boxes: Choose 1 of 2 packs of cards to add to your Deck.
  choose_event_option:1  Neow's Talisman: Upgrade 1 of your Strikes and 1 of your Defends.
  choose_event_option:2  Silken Tress: Lose all Gold. Enchant all cards in your first card reward with Glam.
Jev (typesafe-ai/jev): choose_event_option:0  confidence=not returned
  distribution: choose_event_option:0=0.49 choose_event_option:1=0.49 choose_event_option:2=0.02
POST 202 {"status":"dispatched","state_version":"5d5fb3ecc3024cc8b97f36e52a0f2424:1","label":"choose_event_option:0"}
observed: bundle_select 5d5fb3ecc3024cc8b97f36e52a0f2424:2 act 1 floor 1 actions=2
[action 2] legal actions:
  select_bundle:0  Select bundle[0]: Armaments
Skill
1
Taunt
Skill
1
Flame Barrier
Skill
2
Gain 5 Block.
Upgrade a card in your Hand.
Gain 6 Block.
Apply 1 Vulnerable.
Gain 12 Block.
Whenever you are attacked this turn, deal 4 damage back.
  select_bundle:1  Select bundle[1]: Iron Wave
Attack
1
Anger
Attack
0
Whirlwind
Attack
X
Gain 5 Block.
Deal 5 damage.
Deal 6 damage.
Add a copy of this card into your Discard Pile.
Deal 5 damage to ALL enemies X times.
Jev (typesafe-ai/jev): select_bundle:0  confidence=not returned
  distribution: select_bundle:0=0.66 select_bundle:1=0.34
POST 202 {"status":"dispatched","state_version":"5d5fb3ecc3024cc8b97f36e52a0f2424:2","label":"select_bundle:0"}
observed: bundle_select 5d5fb3ecc3024cc8b97f36e52a0f2424:3 act 1 floor 1 actions=2
[action 3] legal actions:
  confirm_bundle_selection  Take selected bundle
  cancel_bundle_selection  Cancel bundle preview
Jev (typesafe-ai/jev): confirm_bundle_selection  confidence=not returned
  distribution: confirm_bundle_selection=0.9 cancel_bundle_selection=0.1
POST 202 {"status":"dispatched","state_version":"5d5fb3ecc3024cc8b97f36e52a0f2424:3","label":"confirm_bundle_selection"}
observed: event 5d5fb3ecc3024cc8b97f36e52a0f2424:5 act 1 floor 1 actions=1
singleton legal set: choose_event_option:0  Proceed:  (no inference)
POST 202 {"status":"dispatched","state_version":"5d5fb3ecc3024cc8b97f36e52a0f2424:5","label":"choose_event_option:0"}
observed: map 5d5fb3ecc3024cc8b97f36e52a0f2424:7 act 1 floor 1 actions=4
[action 5] legal actions:
  choose_map_node:0  Travel to Monster at (1,1)
  choose_map_node:1  Travel to Monster at (3,1)
  choose_map_node:2  Travel to Monster at (4,1)
  choose_map_node:3  Travel to Monster at (6,1)
Jev (typesafe-ai/jev): choose_map_node:0  confidence=not returned
  distribution: choose_map_node:0=0.55 choose_map_node:1=0.36 choose_map_node:2=0.06 choose_map_node:3=0.03
POST 202 {"status":"dispatched","state_version":"5d5fb3ecc3024cc8b97f36e52a0f2424:7","label":"choose_map_node:0"}
waiting: waiting 5d5fb3ecc3024cc8b97f36e52a0f2424:8 actions=0
waiting: monster 5d5fb3ecc3024cc8b97f36e52a0f2424:10 actions=0
waiting: monster 5d5fb3ecc3024cc8b97f36e52a0f2424:11 actions=0
waiting: monster 5d5fb3ecc3024cc8b97f36e52a0f2424:12 actions=0
waiting: monster 5d5fb3ecc3024cc8b97f36e52a0f2424:13 actions=0
observed: monster 5d5fb3ecc3024cc8b97f36e52a0f2424:14 act 1 floor 2 actions=6
[action 6] legal actions:
  play_card:0:none  Play hand[0] Defend
  play_card:1:1  Play hand[1] Strike targeting Fuzzy Wurm Crawler (1)
  play_card:2:1  Play hand[2] Bash targeting Fuzzy Wurm Crawler (1)
  play_card:3:1  Play hand[3] Strike targeting Fuzzy Wurm Crawler (1)
  play_card:4:none  Play hand[4] Defend
  end_turn  End turn
Jev (typesafe-ai/jev): play_card:2:1  confidence=not returned
  distribution: play_card:2:1=0.58 play_card:1:1=0.2 play_card:0:none=0.13 end_turn=0.06 play_card:3:1=0.02 play_card:4:none=0.01
POST 202 {"status":"dispatched","state_version":"5d5fb3ecc3024cc8b97f36e52a0f2424:14","label":"play_card:2:1"}
waiting: waiting 5d5fb3ecc3024cc8b97f36e52a0f2424:15 actions=0
observed: monster 5d5fb3ecc3024cc8b97f36e52a0f2424:17 act 1 floor 2 actions=5
[action 7] legal actions:
  play_card:0:none  Play hand[0] Defend
  play_card:1:1  Play hand[1] Strike targeting Fuzzy Wurm Crawler (1)
  play_card:2:1  Play hand[2] Strike targeting Fuzzy Wurm Crawler (1)
  play_card:3:none  Play hand[3] Defend
  end_turn  End turn
Jev (typesafe-ai/jev): play_card:1:1  confidence=not returned
  distribution: play_card:1:1=0.81 play_card:0:none=0.09 end_turn=0.05 play_card:2:1=0.04 play_card:3:none=0.01
POST 202 {"status":"dispatched","state_version":"5d5fb3ecc3024cc8b97f36e52a0f2424:17","label":"play_card:1:1"}
waiting: waiting 5d5fb3ecc3024cc8b97f36e52a0f2424:18 actions=0
observed: monster 5d5fb3ecc3024cc8b97f36e52a0f2424:20 act 1 floor 2 actions=1
singleton legal set: end_turn  End turn (no inference)
POST 202 {"status":"dispatched","state_version":"5d5fb3ecc3024cc8b97f36e52a0f2424:20","label":"end_turn"}
waiting: waiting 5d5fb3ecc3024cc8b97f36e52a0f2424:21 actions=0
observed: monster 5d5fb3ecc3024cc8b97f36e52a0f2424:23 act 1 floor 2 actions=6
[action 9] legal actions:
  play_card:0:1  Play hand[0] Strike targeting Fuzzy Wurm Crawler (1)
  play_card:1:none  Play hand[1] Flame Barrier
  play_card:2:none  Play hand[2] Armaments
  play_card:3:none  Play hand[3] Defend
  play_card:4:none  Play hand[4] Defend
  end_turn  End turn
Jev (typesafe-ai/jev): play_card:0:1  confidence=not returned
  distribution: play_card:0:1=0.79 play_card:1:none=0.1 end_turn=0.04 play_card:2:none=0.03 play_card:3:none=0.03 play_card:4:none=0.01
POST 202 {"status":"dispatched","state_version":"5d5fb3ecc3024cc8b97f36e52a0f2424:23","label":"play_card:0:1"}
waiting: waiting 5d5fb3ecc3024cc8b97f36e52a0f2424:24 actions=0
observed: monster 5d5fb3ecc3024cc8b97f36e52a0f2424:26 act 1 floor 2 actions=5
[action 10] legal actions:
  play_card:0:none  Play hand[0] Flame Barrier
  play_card:1:none  Play hand[1] Armaments
  play_card:2:none  Play hand[2] Defend
  play_card:3:none  Play hand[3] Defend
  end_turn  End turn
Jev (typesafe-ai/jev): play_card:0:none  confidence=not returned
  distribution: play_card:0:none=0.63 play_card:1:none=0.15 end_turn=0.11 play_card:2:none=0.09 play_card:3:none=0.02
POST 202 {"status":"dispatched","state_version":"5d5fb3ecc3024cc8b97f36e52a0f2424:26","label":"play_card:0:none"}
waiting: waiting 5d5fb3ecc3024cc8b97f36e52a0f2424:27 actions=0
observed: monster 5d5fb3ecc3024cc8b97f36e52a0f2424:29 act 1 floor 2 actions=1
singleton legal set: end_turn  End turn (no inference)
POST 202 {"status":"dispatched","state_version":"5d5fb3ecc3024cc8b97f36e52a0f2424:29","label":"end_turn"}
waiting: waiting 5d5fb3ecc3024cc8b97f36e52a0f2424:30 actions=0
observed: monster 5d5fb3ecc3024cc8b97f36e52a0f2424:32 act 1 floor 2 actions=6
[action 12] legal actions:
  play_card:0:1  Play hand[0] Strike targeting Fuzzy Wurm Crawler (1)
  play_card:1:1  Play hand[1] Strike targeting Fuzzy Wurm Crawler (1)
  play_card:2:1  Play hand[2] Taunt targeting Fuzzy Wurm Crawler (1)
  play_card:3:none  Play hand[3] Defend
  play_card:4:none  Play hand[4] Armaments
  end_turn  End turn
Jev (typesafe-ai/jev): play_card:2:1  confidence=not returned
  distribution: play_card:2:1=0.47000000000000003 play_card:0:1=0.26 play_card:3:none=0.13 end_turn=0.06 play_card:4:none=0.05 play_card:1:1=0.03
POST 202 {"status":"dispatched","state_version":"5d5fb3ecc3024cc8b97f36e52a0f2424:32","label":"play_card:2:1"}
waiting: waiting 5d5fb3ecc3024cc8b97f36e52a0f2424:33 actions=0
observed: monster 5d5fb3ecc3024cc8b97f36e52a0f2424:35 act 1 floor 2 actions=5
[action 13] legal actions:
  play_card:0:1  Play hand[0] Strike targeting Fuzzy Wurm Crawler (1)
  play_card:1:1  Play hand[1] Strike targeting Fuzzy Wurm Crawler (1)
  play_card:2:none  Play hand[2] Defend
  play_card:3:none  Play hand[3] Armaments
  end_turn  End turn
Jev (typesafe-ai/jev): play_card:0:1  confidence=not returned
  distribution: play_card:0:1=0.46 play_card:1:1=0.24 end_turn=0.13 play_card:3:none=0.11 play_card:2:none=0.06
POST 202 {"status":"dispatched","state_version":"5d5fb3ecc3024cc8b97f36e52a0f2424:35","label":"play_card:0:1"}
waiting: waiting 5d5fb3ecc3024cc8b97f36e52a0f2424:36 actions=0
observed: monster 5d5fb3ecc3024cc8b97f36e52a0f2424:38 act 1 floor 2 actions=4
[action 14] legal actions:
  play_card:0:1  Play hand[0] Strike targeting Fuzzy Wurm Crawler (1)
  play_card:1:none  Play hand[1] Defend
  play_card:2:none  Play hand[2] Armaments
  end_turn  End turn
Jev (typesafe-ai/jev): play_card:0:1  confidence=not returned
  distribution: play_card:0:1=0.75 end_turn=0.14 play_card:1:none=0.07 play_card:2:none=0.04
POST 202 {"status":"dispatched","state_version":"5d5fb3ecc3024cc8b97f36e52a0f2424:38","label":"play_card:0:1"}
waiting: waiting 5d5fb3ecc3024cc8b97f36e52a0f2424:39 actions=0
observed: monster 5d5fb3ecc3024cc8b97f36e52a0f2424:41 act 1 floor 2 actions=1
singleton legal set: end_turn  End turn (no inference)
POST 202 {"status":"dispatched","state_version":"5d5fb3ecc3024cc8b97f36e52a0f2424:41","label":"end_turn"}
waiting: waiting 5d5fb3ecc3024cc8b97f36e52a0f2424:42 actions=0
observed: monster 5d5fb3ecc3024cc8b97f36e52a0f2424:44 act 1 floor 2 actions=6
[action 16] legal actions:
  play_card:0:1  Play hand[0] Strike targeting Fuzzy Wurm Crawler (1)
  play_card:1:none  Play hand[1] Defend
  play_card:2:1  Play hand[2] Strike targeting Fuzzy Wurm Crawler (1)
  play_card:3:none  Play hand[3] Defend
  play_card:4:1  Play hand[4] Strike targeting Fuzzy Wurm Crawler (1)
  end_turn  End turn
Jev (typesafe-ai/jev): play_card:0:1  confidence=not returned
  distribution: play_card:0:1=0.45 play_card:1:none=0.2 end_turn=0.12 play_card:4:1=0.1 play_card:2:1=0.09 play_card:3:none=0.04
POST 202 {"status":"dispatched","state_version":"5d5fb3ecc3024cc8b97f36e52a0f2424:44","label":"play_card:0:1"}
waiting: waiting 5d5fb3ecc3024cc8b97f36e52a0f2424:45 actions=0
observed: monster 5d5fb3ecc3024cc8b97f36e52a0f2424:47 act 1 floor 2 actions=5
[action 17] legal actions:
  play_card:0:none  Play hand[0] Defend
  play_card:1:1  Play hand[1] Strike targeting Fuzzy Wurm Crawler (1)
  play_card:2:none  Play hand[2] Defend
  play_card:3:1  Play hand[3] Strike targeting Fuzzy Wurm Crawler (1)
  end_turn  End turn
Jev (typesafe-ai/jev): play_card:1:1  confidence=not returned
  distribution: play_card:1:1=0.65 play_card:0:none=0.15 play_card:3:1=0.1 end_turn=0.08 play_card:2:none=0.02
POST 202 {"status":"dispatched","state_version":"5d5fb3ecc3024cc8b97f36e52a0f2424:47","label":"play_card:1:1"}
waiting: waiting 5d5fb3ecc3024cc8b97f36e52a0f2424:48 actions=0
observed: rewards 5d5fb3ecc3024cc8b97f36e52a0f2424:49 act 1 floor 2 actions=3
[action 18] legal actions:
  claim_reward:0  20 Gold
  claim_reward:1  Add a card to your deck.
  proceed  Leave rewards
Jev (typesafe-ai/jev): proceed  confidence=not returned
  distribution: proceed=0.39 claim_reward:0=0.35 claim_reward:1=0.26
POST 202 {"status":"dispatched","state_version":"5d5fb3ecc3024cc8b97f36e52a0f2424:49","label":"proceed"}
waiting: map 5d5fb3ecc3024cc8b97f36e52a0f2424:50 actions=0
observed: map 5d5fb3ecc3024cc8b97f36e52a0f2424:51 act 1 floor 2 actions=1
singleton legal set: choose_map_node:0  Travel to Monster at (0,2) (no inference)
POST 202 {"status":"dispatched","state_version":"5d5fb3ecc3024cc8b97f36e52a0f2424:51","label":"choose_map_node:0"}
waiting: waiting 5d5fb3ecc3024cc8b97f36e52a0f2424:52 actions=0
waiting: monster 5d5fb3ecc3024cc8b97f36e52a0f2424:54 actions=0
waiting: monster 5d5fb3ecc3024cc8b97f36e52a0f2424:55 actions=0
waiting: monster 5d5fb3ecc3024cc8b97f36e52a0f2424:56 actions=0
waiting: monster 5d5fb3ecc3024cc8b97f36e52a0f2424:57 actions=0
observed: monster 5d5fb3ecc3024cc8b97f36e52a0f2424:58 act 1 floor 3 actions=12
[action 20] legal actions:
  play_card:0:1  Play hand[0] Strike targeting Twig Slime (S) (1)
  play_card:0:2  Play hand[0] Strike targeting Twig Slime (M) (2)
  play_card:0:3  Play hand[0] Strike targeting Leaf Slime (S) (3)
  play_card:1:none  Play hand[1] Defend
  play_card:2:1  Play hand[2] Strike targeting Twig Slime (S) (1)
  play_card:2:2  Play hand[2] Strike targeting Twig Slime (M) (2)
  play_card:2:3  Play hand[2] Strike targeting Leaf Slime (S) (3)
  play_card:3:none  Play hand[3] Flame Barrier
  play_card:4:1  Play hand[4] Taunt targeting Twig Slime (S) (1)
  play_card:4:2  Play hand[4] Taunt targeting Twig Slime (M) (2)
  play_card:4:3  Play hand[4] Taunt targeting Leaf Slime (S) (3)
  end_turn  End turn
Jev (typesafe-ai/jev): play_card:0:1  confidence=not returned
  distribution: play_card:0:1=0.35000000000000003 play_card:3:none=0.22 play_card:0:2=0.11 play_card:1:none=0.07 play_card:4:1=0.07 play_card:4:2=0.06 end_turn=0.05 play_card:2:1=0.03 play_card:2:2=0.02 play_card:0:3=0.01 play_card:4:3=0.01 play_card:2:3=0
POST 202 {"status":"dispatched","state_version":"5d5fb3ecc3024cc8b97f36e52a0f2424:58","label":"play_card:0:1"}
waiting: waiting 5d5fb3ecc3024cc8b97f36e52a0f2424:59 actions=0
observed: monster 5d5fb3ecc3024cc8b97f36e52a0f2424:61 act 1 floor 3 actions=9
[action 21] legal actions:
  play_card:0:none  Play hand[0] Defend
  play_card:1:1  Play hand[1] Strike targeting Twig Slime (S) (1)
  play_card:1:2  Play hand[1] Strike targeting Twig Slime (M) (2)
  play_card:1:3  Play hand[1] Strike targeting Leaf Slime (S) (3)
  play_card:2:none  Play hand[2] Flame Barrier
  play_card:3:1  Play hand[3] Taunt targeting Twig Slime (S) (1)
  play_card:3:2  Play hand[3] Taunt targeting Twig Slime (M) (2)
  play_card:3:3  Play hand[3] Taunt targeting Leaf Slime (S) (3)
  end_turn  End turn
Jev (typesafe-ai/jev): play_card:2:none  confidence=not returned
  distribution: play_card:2:none=0.35 play_card:1:1=0.19 play_card:1:2=0.15 play_card:3:1=0.09 end_turn=0.08 play_card:0:none=0.06 play_card:3:2=0.04 play_card:1:3=0.02 play_card:3:3=0.02
POST 202 {"status":"dispatched","state_version":"5d5fb3ecc3024cc8b97f36e52a0f2424:61","label":"play_card:2:none"}
waiting: waiting 5d5fb3ecc3024cc8b97f36e52a0f2424:62 actions=0
observed: monster 5d5fb3ecc3024cc8b97f36e52a0f2424:64 act 1 floor 3 actions=1
singleton legal set: end_turn  End turn (no inference)
POST 202 {"status":"dispatched","state_version":"5d5fb3ecc3024cc8b97f36e52a0f2424:64","label":"end_turn"}
waiting: waiting 5d5fb3ecc3024cc8b97f36e52a0f2424:65 actions=0
observed: monster 5d5fb3ecc3024cc8b97f36e52a0f2424:67 act 1 floor 3 actions=10
[action 23] legal actions:
  play_card:0:none  Play hand[0] Armaments
  play_card:1:1  Play hand[1] Bash targeting Twig Slime (S) (1)
  play_card:1:2  Play hand[1] Bash targeting Twig Slime (M) (2)
  play_card:1:3  Play hand[1] Bash targeting Leaf Slime (S) (3)
  play_card:2:none  Play hand[2] Defend
  play_card:3:1  Play hand[3] Strike targeting Twig Slime (S) (1)
  play_card:3:2  Play hand[3] Strike targeting Twig Slime (M) (2)
  play_card:3:3  Play hand[3] Strike targeting Leaf Slime (S) (3)
  play_card:4:none  Play hand[4] Defend
  end_turn  End turn
Jev (typesafe-ai/jev): play_card:1:2  confidence=not returned
  distribution: play_card:1:2=0.28 play_card:1:1=0.18 play_card:3:1=0.17 play_card:0:none=0.1 play_card:2:none=0.09 end_turn=0.08 play_card:1:3=0.03 play_card:3:2=0.03 play_card:3:3=0.02 play_card:4:none=0.02
POST 202 {"status":"dispatched","state_version":"5d5fb3ecc3024cc8b97f36e52a0f2424:67","label":"play_card:1:2"}
waiting: waiting 5d5fb3ecc3024cc8b97f36e52a0f2424:68 actions=0
observed: monster 5d5fb3ecc3024cc8b97f36e52a0f2424:70 act 1 floor 3 actions=7
[action 24] legal actions:
  play_card:0:none  Play hand[0] Armaments
  play_card:1:none  Play hand[1] Defend
  play_card:2:1  Play hand[2] Strike targeting Twig Slime (S) (1)
  play_card:2:2  Play hand[2] Strike targeting Twig Slime (M) (2)
  play_card:2:3  Play hand[2] Strike targeting Leaf Slime (S) (3)
  play_card:3:none  Play hand[3] Defend
  end_turn  End turn
Jev (typesafe-ai/jev): play_card:2:1  confidence=not returned
  distribution: play_card:2:1=0.34 play_card:2:2=0.33 play_card:1:none=0.09 play_card:2:3=0.09 play_card:0:none=0.07 end_turn=0.06 play_card:3:none=0.02
POST 202 {"status":"dispatched","state_version":"5d5fb3ecc3024cc8b97f36e52a0f2424:70","label":"play_card:2:1"}
waiting: waiting 5d5fb3ecc3024cc8b97f36e52a0f2424:71 actions=0
observed: monster 5d5fb3ecc3024cc8b97f36e52a0f2424:73 act 1 floor 3 actions=1
singleton legal set: end_turn  End turn (no inference)
POST 202 {"status":"dispatched","state_version":"5d5fb3ecc3024cc8b97f36e52a0f2424:73","label":"end_turn"}
waiting: waiting 5d5fb3ecc3024cc8b97f36e52a0f2424:74 actions=0
observed: monster 5d5fb3ecc3024cc8b97f36e52a0f2424:76 act 1 floor 3 actions=10
[action 26] legal actions:
  play_card:0:2  Play hand[0] Strike targeting Twig Slime (M) (2)
  play_card:0:3  Play hand[0] Strike targeting Leaf Slime (S) (3)
  play_card:1:none  Play hand[1] Defend
  play_card:2:2  Play hand[2] Strike targeting Twig Slime (M) (2)
  play_card:2:3  Play hand[2] Strike targeting Leaf Slime (S) (3)
  play_card:3:2  Play hand[3] Bash targeting Twig Slime (M) (2)
  play_card:3:3  Play hand[3] Bash targeting Leaf Slime (S) (3)
  play_card:4:2  Play hand[4] Strike targeting Twig Slime (M) (2)
  play_card:4:3  Play hand[4] Strike targeting Leaf Slime (S) (3)
  end_turn  End turn
invalid answer, re-asking once: effect/ai/AiError/AiError: DecisionModel.decide: Invalid output: Provider returned probabilities that do not sum to 1 for decision "action"
summary: {"outcome":"halted","halt_reason":"effect/ai/AiError/AiError: DecisionModel.decide: Invalid output: Provider returned probabilities that do not sum to 1 for decision \"action\"","dispatched":25,"model_calls":20,"forced":7,"seed":"FFJPM9TD41CV","act":1,"floor":3,"last_state_type":"monster","input_tokens":57856,"output_tokens":1474,"wall_ms":68713}
