METHOD Void Reset()
METHOD MegaCrit.Sts2.Core.TestSupport.ICardSelector get_Selector()
METHOD MegaCrit.Sts2.Core.TestSupport.ICardSelector get_LocalSelector()
METHOD System.IDisposable UseSelector(MegaCrit.Sts2.Core.TestSupport.ICardSelector, Boolean)
METHOD System.IDisposable PushSelector(MegaCrit.Sts2.Core.TestSupport.ICardSelector, Boolean)
METHOD System.IDisposable SuspendSelectorForTest(Boolean)
METHOD Boolean ShouldSelectLocalCard(MegaCrit.Sts2.Core.Entities.Players.Player)
METHOD Void ReportSoftlock()
METHOD System.Threading.Tasks.Task`1[MegaCrit.Sts2.Core.Models.CardModel] FromChooseACardScreen(MegaCrit.Sts2.Core.GameActions.Multiplayer.PlayerChoiceContext, System.Collections.Generic.IReadOnlyList`1[MegaCrit.Sts2.Core.Models.CardModel], MegaCrit.Sts2.Core.Entities.Players.Player, Boolean)
METHOD System.Threading.Tasks.Task`1[System.Collections.Generic.IEnumerable`1[MegaCrit.Sts2.Core.Models.CardModel]] FromSimpleGridForRewards(MegaCrit.Sts2.Core.GameActions.Multiplayer.PlayerChoiceContext, System.Collections.Generic.List`1[MegaCrit.Sts2.Core.Entities.Cards.CardCreationResult], MegaCrit.Sts2.Core.Entities.Players.Player, MegaCrit.Sts2.Core.CardSelection.CardSelectorPrefs)
METHOD System.Threading.Tasks.Task`1[System.Collections.Generic.IEnumerable`1[MegaCrit.Sts2.Core.Models.CardModel]] FromSimpleGrid(MegaCrit.Sts2.Core.GameActions.Multiplayer.PlayerChoiceContext, System.Collections.Generic.IReadOnlyList`1[MegaCrit.Sts2.Core.Models.CardModel], MegaCrit.Sts2.Core.Entities.Players.Player, MegaCrit.Sts2.Core.CardSelection.CardSelectorPrefs)
METHOD System.Threading.Tasks.Task`1[System.Collections.Generic.IEnumerable`1[MegaCrit.Sts2.Core.Models.CardModel]] FromCombatPile(MegaCrit.Sts2.Core.GameActions.Multiplayer.PlayerChoiceContext, MegaCrit.Sts2.Core.Entities.Cards.CardPile, MegaCrit.Sts2.Core.Entities.Players.Player, MegaCrit.Sts2.Core.CardSelection.CardSelectorPrefs)
METHOD System.Threading.Tasks.Task`1[System.Collections.Generic.IEnumerable`1[MegaCrit.Sts2.Core.Models.CardModel]] FromCombatPile(MegaCrit.Sts2.Core.GameActions.Multiplayer.PlayerChoiceContext, MegaCrit.Sts2.Core.Entities.Cards.CardPile, MegaCrit.Sts2.Core.Entities.Players.Player, MegaCrit.Sts2.Core.CardSelection.CardSelectorPrefs, System.Func`2[MegaCrit.Sts2.Core.Models.CardModel,System.Boolean])
METHOD System.Threading.Tasks.Task`1[System.Collections.Generic.IEnumerable`1[MegaCrit.Sts2.Core.Models.CardModel]] FromDeckForUpgrade(MegaCrit.Sts2.Core.Entities.Players.Player, MegaCrit.Sts2.Core.CardSelection.CardSelectorPrefs)
METHOD System.Threading.Tasks.Task`1[System.Collections.Generic.IEnumerable`1[MegaCrit.Sts2.Core.Models.CardModel]] FromDeckForTransformation(MegaCrit.Sts2.Core.Entities.Players.Player, MegaCrit.Sts2.Core.CardSelection.CardSelectorPrefs, System.Func`2[MegaCrit.Sts2.Core.Models.CardModel,MegaCrit.Sts2.Core.Entities.Cards.CardTransformation])
METHOD System.Threading.Tasks.Task`1[System.Collections.Generic.IEnumerable`1[MegaCrit.Sts2.Core.Models.CardModel]] FromDeckForEnchantment(MegaCrit.Sts2.Core.Entities.Players.Player, MegaCrit.Sts2.Core.Models.EnchantmentModel, Int32, MegaCrit.Sts2.Core.CardSelection.CardSelectorPrefs)
METHOD System.Threading.Tasks.Task`1[System.Collections.Generic.IEnumerable`1[MegaCrit.Sts2.Core.Models.CardModel]] FromDeckForEnchantment(MegaCrit.Sts2.Core.Entities.Players.Player, MegaCrit.Sts2.Core.Models.EnchantmentModel, Int32, System.Func`2[MegaCrit.Sts2.Core.Models.CardModel,System.Boolean], MegaCrit.Sts2.Core.CardSelection.CardSelectorPrefs)
METHOD System.Threading.Tasks.Task`1[System.Collections.Generic.IEnumerable`1[MegaCrit.Sts2.Core.Models.CardModel]] FromDeckForEnchantment(System.Collections.Generic.IReadOnlyList`1[MegaCrit.Sts2.Core.Models.CardModel], MegaCrit.Sts2.Core.Models.EnchantmentModel, Int32, MegaCrit.Sts2.Core.CardSelection.CardSelectorPrefs)
METHOD System.Threading.Tasks.Task`1[System.Collections.Generic.IEnumerable`1[MegaCrit.Sts2.Core.Models.CardModel]] FromDeckForRemoval(MegaCrit.Sts2.Core.Entities.Players.Player, MegaCrit.Sts2.Core.CardSelection.CardSelectorPrefs, System.Func`2[MegaCrit.Sts2.Core.Models.CardModel,System.Boolean])
METHOD System.Threading.Tasks.Task`1[System.Collections.Generic.IEnumerable`1[MegaCrit.Sts2.Core.Models.CardModel]] FromDeckGeneric(MegaCrit.Sts2.Core.Entities.Players.Player, MegaCrit.Sts2.Core.CardSelection.CardSelectorPrefs, System.Func`2[MegaCrit.Sts2.Core.Models.CardModel,System.Boolean], System.Func`2[MegaCrit.Sts2.Core.Models.CardModel,System.Int32])
METHOD System.Threading.Tasks.Task`1[System.Collections.Generic.IEnumerable`1[MegaCrit.Sts2.Core.Models.CardModel]] FromHand(MegaCrit.Sts2.Core.GameActions.Multiplayer.PlayerChoiceContext, MegaCrit.Sts2.Core.Entities.Players.Player, MegaCrit.Sts2.Core.CardSelection.CardSelectorPrefs, System.Func`2[MegaCrit.Sts2.Core.Models.CardModel,System.Boolean], MegaCrit.Sts2.Core.Models.AbstractModel)
METHOD System.Threading.Tasks.Task`1[System.Collections.Generic.IEnumerable`1[MegaCrit.Sts2.Core.Models.CardModel]] FromHandForDiscard(MegaCrit.Sts2.Core.GameActions.Multiplayer.PlayerChoiceContext, MegaCrit.Sts2.Core.Entities.Players.Player, MegaCrit.Sts2.Core.CardSelection.CardSelectorPrefs, System.Func`2[MegaCrit.Sts2.Core.Models.CardModel,System.Boolean], MegaCrit.Sts2.Core.Models.AbstractModel)
METHOD System.Threading.Tasks.Task`1[MegaCrit.Sts2.Core.Models.CardModel] FromHandForUpgrade(MegaCrit.Sts2.Core.GameActions.Multiplayer.PlayerChoiceContext, MegaCrit.Sts2.Core.Entities.Players.Player, MegaCrit.Sts2.Core.Models.AbstractModel)
METHOD System.Threading.Tasks.Task`1[System.Collections.Generic.IEnumerable`1[MegaCrit.Sts2.Core.Models.CardModel]] FromChooseABundleScreen(MegaCrit.Sts2.Core.Entities.Players.Player, System.Collections.Generic.IReadOnlyList`1[System.Collections.Generic.IReadOnlyList`1[MegaCrit.Sts2.Core.Models.CardModel]])
METHOD Void LogChoice(MegaCrit.Sts2.Core.Entities.Players.Player, System.Collections.Generic.IEnumerable`1[MegaCrit.Sts2.Core.Models.CardModel])
METHOD Void UndoEndTurnIfNecessary(MegaCrit.Sts2.Core.Entities.Players.Player)
