BlockingPlayerChoiceContext <- MegaCrit.Sts2.Core.DevConsole.ConsoleCommands.ApplyPowerConsoleCmd.Process
BlockingPlayerChoiceContext <- MegaCrit.Sts2.Core.Models.EventModel+<SelectCardsToAddToDeckFromGrid>d__113.MoveNext
BlockingPlayerChoiceContext <- MegaCrit.Sts2.Core.Models.Relics.CrackedCore+<BeforeSideTurnStart>d__7.MoveNext
BlockingPlayerChoiceContext <- MegaCrit.Sts2.Core.Models.Relics.HeftyTablet+<AfterObtained>d__8.MoveNext
BlockingPlayerChoiceContext <- MegaCrit.Sts2.Core.Models.Relics.InfusedCore+<AfterSideTurnStart>d__8.MoveNext
BlockingPlayerChoiceContext <- MegaCrit.Sts2.Core.Models.Relics.LeadPaperweight+<AfterObtained>d__2.MoveNext
BlockingPlayerChoiceContext <- MegaCrit.Sts2.Core.Models.Relics.MassiveScroll+<AfterObtained>d__3.MoveNext
BlockingPlayerChoiceContext <- MegaCrit.Sts2.Core.Models.Relics.SeaGlass+<AfterObtained>d__15.MoveNext
BlockingPlayerChoiceContext <- MegaCrit.Sts2.Core.Models.Relics.SturdyClamp+<AfterPreventingBlockClear>d__8.MoveNext
BlockingPlayerChoiceContext <- MegaCrit.Sts2.Core.Models.Relics.SymbioticVirus+<AfterSideTurnStart>d__7.MoveNext
BlockingPlayerChoiceContext <- MegaCrit.Sts2.Core.Models.Powers.BlackHolePower+<DealDamageToAllEnemies>d__6.MoveNext
BlockingPlayerChoiceContext <- MegaCrit.Sts2.Core.Models.Powers.BurrowedPower+<AfterRemoved>d__6.MoveNext
BlockingPlayerChoiceContext <- MegaCrit.Sts2.Core.Models.Monsters.KnowledgeDemon+<ChooseCurse>d__39.MoveNext
BlockingPlayerChoiceContext <- MegaCrit.Sts2.Core.Models.Modifiers.SealedDeck+<ChooseCards>d__3.MoveNext
BlockingPlayerChoiceContext <- MegaCrit.Sts2.Core.DevConsole.ConsoleCommands.DamageConsoleCmd+<DamageAndCheckWinCondition>d__9.MoveNext
BlockingPlayerChoiceContext <- MegaCrit.Sts2.Core.Commands.Builders.AttackCommand+<Execute>d__90.MoveNext
BlockingPlayerChoiceContext <- MegaCrit.Sts2.Core.Commands.Builders.AttackCommand+<Execute>d__90.MoveNext
BlockingPlayerChoiceContext <- MegaCrit.Sts2.Core.AutoSlay.Handlers.Rooms.CombatRoomHandler+<HandleAsync>d__4.MoveNext
BlockingPlayerChoiceContext total newobj sites (byte-scan, may include false positives): 18
ThrowingPlayerChoiceContext <- MegaCrit.Sts2.Core.Models.Relics.PhilosophersStone.AfterCreatureAddedToCombat
ThrowingPlayerChoiceContext <- MegaCrit.Sts2.Core.Models.Powers.IllusionPower.AfterApplied
ThrowingPlayerChoiceContext <- MegaCrit.Sts2.Core.Models.Modifiers.Murderous.AfterCreatureAddedToCombat
ThrowingPlayerChoiceContext <- MegaCrit.Sts2.Core.Models.Relics.Akabeko+<AfterSideTurnStart>d__6.MoveNext
ThrowingPlayerChoiceContext <- MegaCrit.Sts2.Core.Models.Relics.BeltBuckle+<ApplyDexterity>d__17.MoveNext
ThrowingPlayerChoiceContext <- MegaCrit.Sts2.Core.Models.Relics.BeltBuckle+<RemoveDexterity>d__18.MoveNext
ThrowingPlayerChoiceContext <- MegaCrit.Sts2.Core.Models.Relics.BoundPhylactery+<SummonPet>d__10.MoveNext
ThrowingPlayerChoiceContext <- MegaCrit.Sts2.Core.Models.Relics.Brimstone+<AfterSideTurnStart>d__8.MoveNext
ThrowingPlayerChoiceContext <- MegaCrit.Sts2.Core.Models.Relics.Brimstone+<AfterSideTurnStart>d__8.MoveNext
ThrowingPlayerChoiceContext <- MegaCrit.Sts2.Core.Models.Relics.BronzeScales+<AfterRoomEntered>d__6.MoveNext
ThrowingPlayerChoiceContext <- MegaCrit.Sts2.Core.Models.Relics.DataDisk+<AfterRoomEntered>d__6.MoveNext
ThrowingPlayerChoiceContext <- MegaCrit.Sts2.Core.Models.Relics.DiamondDiadem+<AfterSideTurnStart>d__6.MoveNext
ThrowingPlayerChoiceContext <- MegaCrit.Sts2.Core.Models.Relics.EmberTea+<AfterRoomEntered>d__17.MoveNext
ThrowingPlayerChoiceContext <- MegaCrit.Sts2.Core.Models.Relics.FakeSneckoEye+<ApplyPower>d__9.MoveNext
ThrowingPlayerChoiceContext <- MegaCrit.Sts2.Core.Models.Relics.FragrantMushroom+<AfterObtained>d__7.MoveNext
ThrowingPlayerChoiceContext <- MegaCrit.Sts2.Core.Models.Relics.Girya+<AfterRoomEntered>d__14.MoveNext
ThrowingPlayerChoiceContext <- MegaCrit.Sts2.Core.Models.Relics.Gorget+<AfterRoomEntered>d__6.MoveNext
ThrowingPlayerChoiceContext <- MegaCrit.Sts2.Core.Models.Relics.LeafyPoultice+<AfterObtained>d__6.MoveNext
ThrowingPlayerChoiceContext <- MegaCrit.Sts2.Core.Models.Relics.MiniRegent+<AfterStarsSpent>d__10.MoveNext
ThrowingPlayerChoiceContext <- MegaCrit.Sts2.Core.Models.Relics.OddlySmoothStone+<AfterRoomEntered>d__6.MoveNext
ThrowingPlayerChoiceContext <- MegaCrit.Sts2.Core.Models.Relics.PhilosophersStone+<AfterRoomEntered>d__8.MoveNext
ThrowingPlayerChoiceContext <- MegaCrit.Sts2.Core.Models.Relics.PhylacteryUnbound+<AfterSideTurnStart>d__11.MoveNext
ThrowingPlayerChoiceContext <- MegaCrit.Sts2.Core.Models.Relics.PhylacteryUnbound+<BeforeCombatStart>d__10.MoveNext
ThrowingPlayerChoiceContext <- MegaCrit.Sts2.Core.Models.Relics.PrecariousShears+<AfterObtained>d__6.MoveNext
ThrowingPlayerChoiceContext <- MegaCrit.Sts2.Core.Models.Relics.RedSkull+<ModifyStrengthIfNecessary>d__14.MoveNext
ThrowingPlayerChoiceContext <- MegaCrit.Sts2.Core.Models.Relics.RedSkull+<ModifyStrengthIfNecessary>d__14.MoveNext
ThrowingPlayerChoiceContext <- MegaCrit.Sts2.Core.Models.Relics.ReptileTrinket+<AfterPotionUsed>d__6.MoveNext
ThrowingPlayerChoiceContext <- MegaCrit.Sts2.Core.Models.Relics.SereTalon+<AfterObtained>d__10.MoveNext
ThrowingPlayerChoiceContext <- MegaCrit.Sts2.Core.Models.Relics.SlingOfCourage+<AfterRoomEntered>d__6.MoveNext
ThrowingPlayerChoiceContext <- MegaCrit.Sts2.Core.Models.Relics.SneckoEye+<ApplyPower>d__10.MoveNext
ThrowingPlayerChoiceContext <- MegaCrit.Sts2.Core.Models.Relics.SparklingRouge+<AfterBlockCleared>d__6.MoveNext
ThrowingPlayerChoiceContext <- MegaCrit.Sts2.Core.Models.Relics.SparklingRouge+<AfterBlockCleared>d__6.MoveNext
ThrowingPlayerChoiceContext <- MegaCrit.Sts2.Core.Models.Relics.SwordOfJade+<AfterRoomEntered>d__6.MoveNext
ThrowingPlayerChoiceContext <- MegaCrit.Sts2.Core.Models.Relics.Vajra+<AfterRoomEntered>d__6.MoveNext
ThrowingPlayerChoiceContext <- MegaCrit.Sts2.Core.Models.Powers.ArsenalPower+<AfterCardGeneratedForCombat>d__6.MoveNext
ThrowingPlayerChoiceContext <- MegaCrit.Sts2.Core.Models.Powers.BiasedCognitionPower+<AfterSideTurnStart>d__6.MoveNext
ThrowingPlayerChoiceContext <- MegaCrit.Sts2.Core.Models.Powers.CountdownPower+<AfterSideTurnStart>d__6.MoveNext
ThrowingPlayerChoiceContext <- MegaCrit.Sts2.Core.Models.Powers.CoveredPower+<AfterApplied>d__9.MoveNext
ThrowingPlayerChoiceContext <- MegaCrit.Sts2.Core.Models.Powers.DemonFormPower+<AfterSideTurnStart>d__12.MoveNext
ThrowingPlayerChoiceContext <- MegaCrit.Sts2.Core.Models.Powers.JuggernautPower+<AfterBlockGained>d__4.MoveNext
ThrowingPlayerChoiceContext <- MegaCrit.Sts2.Core.Models.Powers.LightningRodPower+<AfterEnergyReset>d__6.MoveNext
ThrowingPlayerChoiceContext <- MegaCrit.Sts2.Core.Models.Powers.NecroMasteryPower+<AfterCurrentHpChanged>d__4.MoveNext
ThrowingPlayerChoiceContext <- MegaCrit.Sts2.Core.Models.Powers.NeurosurgePower+<AfterSideTurnStart>d__6.MoveNext
ThrowingPlayerChoiceContext <- MegaCrit.Sts2.Core.Models.Powers.NoxiousFumesPower+<AfterSideTurnStart>d__6.MoveNext
ThrowingPlayerChoiceContext <- MegaCrit.Sts2.Core.Models.Powers.PlatingPower+<AfterSideTurnStart>d__14.MoveNext
ThrowingPlayerChoiceContext <- MegaCrit.Sts2.Core.Models.Powers.PoisonPower+<Trigger>d__10.MoveNext
ThrowingPlayerChoiceContext <- MegaCrit.Sts2.Core.Models.Powers.PrepTimePower+<AfterSideTurnStart>d__4.MoveNext
ThrowingPlayerChoiceContext <- MegaCrit.Sts2.Core.Models.Powers.ShadowStepPower+<AfterSideTurnStart>d__4.MoveNext
ThrowingPlayerChoiceContext <- MegaCrit.Sts2.Core.Models.Powers.SmokestackPower+<AfterCardGeneratedForCombat>d__4.MoveNext
ThrowingPlayerChoiceContext <- MegaCrit.Sts2.Core.Models.Powers.SpinnerPower+<AfterEnergyReset>d__6.MoveNext
ThrowingPlayerChoiceContext <- MegaCrit.Sts2.Core.Models.Powers.TankPower+<AfterApplied>d__10.MoveNext
ThrowingPlayerChoiceContext <- MegaCrit.Sts2.Core.Models.Powers.TemporaryDexterityPower+<BeforeApplied>d__20.MoveNext
ThrowingPlayerChoiceContext <- MegaCrit.Sts2.Core.Models.Powers.TemporaryFocusPower+<BeforeApplied>d__20.MoveNext
ThrowingPlayerChoiceContext <- MegaCrit.Sts2.Core.Models.Powers.TemporaryStrengthPower+<BeforeApplied>d__20.MoveNext
ThrowingPlayerChoiceContext <- MegaCrit.Sts2.Core.Models.Powers.TrashToTreasurePower+<AfterCardGeneratedForCombat>d__4.MoveNext
ThrowingPlayerChoiceContext <- MegaCrit.Sts2.Core.Models.Powers.WraithFormPower+<AfterSideTurnStart>d__6.MoveNext
ThrowingPlayerChoiceContext <- MegaCrit.Sts2.Core.Models.Potions.FairyInABottle+<AfterPreventingDeath>d__10.MoveNext
ThrowingPlayerChoiceContext <- MegaCrit.Sts2.Core.Models.Monsters.Aeonglass+<AfterAddedToRoom>d__31.MoveNext
ThrowingPlayerChoiceContext <- MegaCrit.Sts2.Core.Models.Monsters.Aeonglass+<AfterAddedToRoom>d__31.MoveNext
ThrowingPlayerChoiceContext <- MegaCrit.Sts2.Core.Models.Monsters.Aeonglass+<IncreasingIntensityMove>d__36.MoveNext
ThrowingPlayerChoiceContext <- MegaCrit.Sts2.Core.Models.Monsters.Axebot+<AfterAddedToRoom>d__34.MoveNext
ThrowingPlayerChoiceContext <- MegaCrit.Sts2.Core.Models.Monsters.Axebot+<BootUpMove>d__36.MoveNext
ThrowingPlayerChoiceContext <- MegaCrit.Sts2.Core.Models.Monsters.Axebot+<HammerUppercutMove>d__38.MoveNext
ThrowingPlayerChoiceContext <- MegaCrit.Sts2.Core.Models.Monsters.Axebot+<HammerUppercutMove>d__38.MoveNext
ThrowingPlayerChoiceContext <- MegaCrit.Sts2.Core.Models.Monsters.BattleFriendV1+<AfterAddedToRoom>d__6.MoveNext
ThrowingPlayerChoiceContext <- MegaCrit.Sts2.Core.Models.Monsters.BattleFriendV2+<AfterAddedToRoom>d__6.MoveNext
ThrowingPlayerChoiceContext <- MegaCrit.Sts2.Core.Models.Monsters.BattleFriendV3+<AfterAddedToRoom>d__6.MoveNext
ThrowingPlayerChoiceContext <- MegaCrit.Sts2.Core.Models.Monsters.BowlbugNectar+<BuffMove>d__18.MoveNext
ThrowingPlayerChoiceContext <- MegaCrit.Sts2.Core.Models.Monsters.BowlbugRock+<AfterAddedToRoom>d__22.MoveNext
ThrowingPlayerChoiceContext <- MegaCrit.Sts2.Core.Models.Monsters.BowlbugSilk+<SpitMove>d__14.MoveNext
ThrowingPlayerChoiceContext <- MegaCrit.Sts2.Core.Models.Monsters.BruteRubyRaider+<RoarMove>d__12.MoveNext
ThrowingPlayerChoiceContext <- MegaCrit.Sts2.Core.Models.Monsters.BygoneEffigy+<AfterAddedToRoom>d__8.MoveNext
ThrowingPlayerChoiceContext <- MegaCrit.Sts2.Core.Models.Monsters.BygoneEffigy+<WakeMove>d__12.MoveNext
ThrowingPlayerChoiceContext <- MegaCrit.Sts2.Core.Models.Monsters.Byrdonis+<AfterAddedToRoom>d__15.MoveNext
ThrowingPlayerChoiceContext <- MegaCrit.Sts2.Core.Models.Monsters.CalcifiedCultist+<IncantationMove>d__24.MoveNext
ThrowingPlayerChoiceContext <- MegaCrit.Sts2.Core.Models.Monsters.CeremonialBeast+<BeastCryMove>d__57.MoveNext
ThrowingPlayerChoiceContext <- MegaCrit.Sts2.Core.Models.Monsters.CeremonialBeast+<CrushMove>d__59.MoveNext
ThrowingPlayerChoiceContext <- MegaCrit.Sts2.Core.Models.Monsters.CeremonialBeast+<PlowMove>d__54.MoveNext
ThrowingPlayerChoiceContext <- MegaCrit.Sts2.Core.Models.Monsters.CeremonialBeast+<StampMove>d__53.MoveNext
ThrowingPlayerChoiceContext <- MegaCrit.Sts2.Core.Models.Monsters.Chomper+<AfterAddedToRoom>d__15.MoveNext
ThrowingPlayerChoiceContext <- MegaCrit.Sts2.Core.Models.Monsters.CorpseSlug+<AfterAddedToRoom>d__35.MoveNext
ThrowingPlayerChoiceContext <- MegaCrit.Sts2.Core.Models.Monsters.CorpseSlug+<GoopMove>d__39.MoveNext
ThrowingPlayerChoiceContext <- MegaCrit.Sts2.Core.Models.Monsters.Crusher+<AdaptMove>d__41.MoveNext
ThrowingPlayerChoiceContext <- MegaCrit.Sts2.Core.Models.Monsters.Crusher+<AfterAddedToRoom>d__36.MoveNext
ThrowingPlayerChoiceContext <- MegaCrit.Sts2.Core.Models.Monsters.Crusher+<AfterAddedToRoom>d__36.MoveNext
ThrowingPlayerChoiceContext <- MegaCrit.Sts2.Core.Models.Monsters.Crusher+<BugStingMove>d__40.MoveNext
ThrowingPlayerChoiceContext <- MegaCrit.Sts2.Core.Models.Monsters.Crusher+<BugStingMove>d__40.MoveNext
ThrowingPlayerChoiceContext <- MegaCrit.Sts2.Core.Models.Monsters.CubexConstruct+<AfterAddedToRoom>d__27.MoveNext
ThrowingPlayerChoiceContext <- MegaCrit.Sts2.Core.Models.Monsters.CubexConstruct+<ChargeUpMove>d__31.MoveNext
ThrowingPlayerChoiceContext <- MegaCrit.Sts2.Core.Models.Monsters.CubexConstruct+<RepeaterBlastMove>d__32.MoveNext
ThrowingPlayerChoiceContext <- MegaCrit.Sts2.Core.Models.Monsters.DampCultist+<IncantationMove>d__24.MoveNext
ThrowingPlayerChoiceContext <- MegaCrit.Sts2.Core.Models.Monsters.DecimillipedeSegment+<AfterAddedToRoom>d__46.MoveNext
ThrowingPlayerChoiceContext <- MegaCrit.Sts2.Core.Models.Monsters.DecimillipedeSegment+<BulkMove>d__49.MoveNext
ThrowingPlayerChoiceContext <- MegaCrit.Sts2.Core.Models.Monsters.DecimillipedeSegment+<ConstrictMove>d__50.MoveNext
ThrowingPlayerChoiceContext <- MegaCrit.Sts2.Core.Models.Monsters.DevotedSculptor+<ForbiddenIncantationMove>d__11.MoveNext
ThrowingPlayerChoiceContext <- MegaCrit.Sts2.Core.Models.Monsters.Entomancer+<AfterAddedToRoom>d__14.MoveNext
ThrowingPlayerChoiceContext <- MegaCrit.Sts2.Core.Models.Monsters.Entomancer+<SpitMove>d__16.MoveNext
ThrowingPlayerChoiceContext <- MegaCrit.Sts2.Core.Models.Monsters.Entomancer+<SpitMove>d__16.MoveNext
ThrowingPlayerChoiceContext <- MegaCrit.Sts2.Core.Models.Monsters.Entomancer+<SpitMove>d__16.MoveNext
ThrowingPlayerChoiceContext <- MegaCrit.Sts2.Core.Models.Monsters.Exoskeleton+<AfterAddedToRoom>d__21.MoveNext
ThrowingPlayerChoiceContext <- MegaCrit.Sts2.Core.Models.Monsters.Exoskeleton+<EnrageMove>d__25.MoveNext
ThrowingPlayerChoiceContext <- MegaCrit.Sts2.Core.Models.Monsters.EyeWithTeeth+<AfterAddedToRoom>d__9.MoveNext
ThrowingPlayerChoiceContext <- MegaCrit.Sts2.Core.Models.Monsters.Fabricator+<SpawnBot>d__25.MoveNext
ThrowingPlayerChoiceContext <- MegaCrit.Sts2.Core.Models.Monsters.FakeMerchantMonster+<EnrageMove>d__23.MoveNext
ThrowingPlayerChoiceContext <- MegaCrit.Sts2.Core.Models.Monsters.FakeMerchantMonster+<ThrowRelicMove>d__22.MoveNext
ThrowingPlayerChoiceContext <- MegaCrit.Sts2.Core.Models.Monsters.FlailKnight+<WarChantMove>d__17.MoveNext
ThrowingPlayerChoiceContext <- MegaCrit.Sts2.Core.Models.Monsters.Flyconid+<FrailSporesMove>d__10.MoveNext
ThrowingPlayerChoiceContext <- MegaCrit.Sts2.Core.Models.Monsters.Flyconid+<VulnerableSporesMove>d__9.MoveNext
ThrowingPlayerChoiceContext <- MegaCrit.Sts2.Core.Models.Monsters.Fogmog+<SwipeMove>d__16.MoveNext
ThrowingPlayerChoiceContext <- MegaCrit.Sts2.Core.Models.Monsters.FossilStalker+<AfterAddedToRoom>d__22.MoveNext
ThrowingPlayerChoiceContext <- MegaCrit.Sts2.Core.Models.Monsters.FossilStalker+<TackleMove>d__24.MoveNext
ThrowingPlayerChoiceContext <- MegaCrit.Sts2.Core.Models.Monsters.FrogKnight+<AfterAddedToRoom>d__24.MoveNext
ThrowingPlayerChoiceContext <- MegaCrit.Sts2.Core.Models.Monsters.FrogKnight+<ForTheQueenMove>d__26.MoveNext
ThrowingPlayerChoiceContext <- MegaCrit.Sts2.Core.Models.Monsters.FrogKnight+<TongueLashMove>d__28.MoveNext
ThrowingPlayerChoiceContext <- MegaCrit.Sts2.Core.Models.Monsters.FuzzyWurmCrawler+<Inhale>d__14.MoveNext
ThrowingPlayerChoiceContext <- MegaCrit.Sts2.Core.Models.Monsters.GasBomb+<AfterAddedToRoom>d__9.MoveNext
ThrowingPlayerChoiceContext <- MegaCrit.Sts2.Core.Models.Monsters.GlobeHead+<AfterAddedToRoom>d__20.MoveNext
ThrowingPlayerChoiceContext <- MegaCrit.Sts2.Core.Models.Monsters.GlobeHead+<GalvanicBurstMove>d__24.MoveNext
ThrowingPlayerChoiceContext <- MegaCrit.Sts2.Core.Models.Monsters.GlobeHead+<ShockingSlap>d__23.MoveNext
ThrowingPlayerChoiceContext <- MegaCrit.Sts2.Core.Models.Monsters.GremlinMerc+<AfterAddedToRoom>d__21.MoveNext
ThrowingPlayerChoiceContext <- MegaCrit.Sts2.Core.Models.Monsters.GremlinMerc+<AfterAddedToRoom>d__21.MoveNext
ThrowingPlayerChoiceContext <- MegaCrit.Sts2.Core.Models.Monsters.GremlinMerc+<DoubleSmashMove>d__24.MoveNext
ThrowingPlayerChoiceContext <- MegaCrit.Sts2.Core.Models.Monsters.GremlinMerc+<HeheMove>d__25.MoveNext
ThrowingPlayerChoiceContext <- MegaCrit.Sts2.Core.Models.Monsters.HauntedShip+<HauntMove>d__20.MoveNext
ThrowingPlayerChoiceContext <- MegaCrit.Sts2.Core.Models.Monsters.HunterKiller+<GoopMove>d__15.MoveNext
ThrowingPlayerChoiceContext <- MegaCrit.Sts2.Core.Models.Monsters.InfestedPrism+<AfterAddedToRoom>d__31.MoveNext
ThrowingPlayerChoiceContext <- MegaCrit.Sts2.Core.Models.Monsters.InfestedPrism+<PulsateMove>d__36.MoveNext
ThrowingPlayerChoiceContext <- MegaCrit.Sts2.Core.Models.Monsters.Inklet+<AfterAddedToRoom>d__24.MoveNext
ThrowingPlayerChoiceContext <- MegaCrit.Sts2.Core.Models.Monsters.KinFollower+<AfterAddedToRoom>d__31.MoveNext
ThrowingPlayerChoiceContext <- MegaCrit.Sts2.Core.Models.Monsters.KinFollower+<PowerDanceMove>d__34.MoveNext
ThrowingPlayerChoiceContext <- MegaCrit.Sts2.Core.Models.Monsters.KinPriest+<OrbOfFrailtyMove>d__37.MoveNext
ThrowingPlayerChoiceContext <- MegaCrit.Sts2.Core.Models.Monsters.KinPriest+<OrbOfWeaknessMove>d__38.MoveNext
ThrowingPlayerChoiceContext <- MegaCrit.Sts2.Core.Models.Monsters.KinPriest+<RitualMove>d__40.MoveNext
ThrowingPlayerChoiceContext <- MegaCrit.Sts2.Core.Models.Monsters.KnowledgeDemon+<PonderMove>d__42.MoveNext
ThrowingPlayerChoiceContext <- MegaCrit.Sts2.Core.Models.Monsters.LagavulinMatriarch+<Sleep>d__40.MoveNext
ThrowingPlayerChoiceContext <- MegaCrit.Sts2.Core.Models.Monsters.LagavulinMatriarch+<Sleep>d__40.MoveNext
ThrowingPlayerChoiceContext <- MegaCrit.Sts2.Core.Models.Monsters.LagavulinMatriarch+<SoulSiphonMove>d__49.MoveNext
ThrowingPlayerChoiceContext <- MegaCrit.Sts2.Core.Models.Monsters.LagavulinMatriarch+<SoulSiphonMove>d__49.MoveNext
ThrowingPlayerChoiceContext <- MegaCrit.Sts2.Core.Models.Monsters.LagavulinMatriarch+<SoulSiphonMove>d__49.MoveNext
ThrowingPlayerChoiceContext <- MegaCrit.Sts2.Core.Models.Monsters.LivingFog+<AdvancedGasMove>d__25.MoveNext
ThrowingPlayerChoiceContext <- MegaCrit.Sts2.Core.Models.Monsters.LivingShield+<AfterAddedToRoom>d__14.MoveNext
ThrowingPlayerChoiceContext <- MegaCrit.Sts2.Core.Models.Monsters.LivingShield+<SmashMove>d__17.MoveNext
ThrowingPlayerChoiceContext <- MegaCrit.Sts2.Core.Models.Monsters.LouseProgenitor+<AfterAddedToRoom>d__29.MoveNext
ThrowingPlayerChoiceContext <- MegaCrit.Sts2.Core.Models.Monsters.LouseProgenitor+<CurlAndGrowMove>d__32.MoveNext
ThrowingPlayerChoiceContext <- MegaCrit.Sts2.Core.Models.Monsters.LouseProgenitor+<WebMove>d__31.MoveNext
ThrowingPlayerChoiceContext <- MegaCrit.Sts2.Core.Models.Monsters.MagiKnight+<DampenMove>d__25.MoveNext
ThrowingPlayerChoiceContext <- MegaCrit.Sts2.Core.Models.Monsters.Mawler+<RoarMove>d__11.MoveNext
ThrowingPlayerChoiceContext <- MegaCrit.Sts2.Core.Models.Monsters.MechaKnight+<AfterAddedToRoom>d__27.MoveNext
ThrowingPlayerChoiceContext <- MegaCrit.Sts2.Core.Models.Monsters.MechaKnight+<WindupMove>d__31.MoveNext
ThrowingPlayerChoiceContext <- MegaCrit.Sts2.Core.Models.Monsters.MysteriousKnight+<AfterAddedToRoom>d__0.MoveNext
ThrowingPlayerChoiceContext <- MegaCrit.Sts2.Core.Models.Monsters.MysteriousKnight+<AfterAddedToRoom>d__0.MoveNext
ThrowingPlayerChoiceContext <- MegaCrit.Sts2.Core.Models.Monsters.Myte+<SuckMove>d__20.MoveNext
ThrowingPlayerChoiceContext <- MegaCrit.Sts2.Core.Models.Monsters.Nibbit+<HissMove>d__28.MoveNext
ThrowingPlayerChoiceContext <- MegaCrit.Sts2.Core.Models.Monsters.Ovicopter+<LayEggsMove>d__26.MoveNext
ThrowingPlayerChoiceContext <- MegaCrit.Sts2.Core.Models.Monsters.Ovicopter+<NutritionalPasteMove>d__27.MoveNext
ThrowingPlayerChoiceContext <- MegaCrit.Sts2.Core.Models.Monsters.Ovicopter+<TenderizerMove>d__29.MoveNext
ThrowingPlayerChoiceContext <- MegaCrit.Sts2.Core.Models.Monsters.OwlMagistrate+<JudicialFlightMove>d__31.MoveNext
ThrowingPlayerChoiceContext <- MegaCrit.Sts2.Core.Models.Monsters.OwlMagistrate+<VerdictMove>d__32.MoveNext
ThrowingPlayerChoiceContext <- MegaCrit.Sts2.Core.Models.Monsters.Parafright+<AfterAddedToRoom>d__15.MoveNext
ThrowingPlayerChoiceContext <- MegaCrit.Sts2.Core.Models.Monsters.PhantasmalGardener+<AfterAddedToRoom>d__37.MoveNext
ThrowingPlayerChoiceContext <- MegaCrit.Sts2.Core.Models.Monsters.PhantasmalGardener+<EnlargeMove>d__42.MoveNext
ThrowingPlayerChoiceContext <- MegaCrit.Sts2.Core.Models.Monsters.PhrogParasite+<AfterAddedToRoom>d__10.MoveNext
ThrowingPlayerChoiceContext <- MegaCrit.Sts2.Core.Models.Monsters.PunchConstruct+<AfterAddedToRoom>d__24.MoveNext
ThrowingPlayerChoiceContext <- MegaCrit.Sts2.Core.Models.Monsters.PunchConstruct+<FastPunchMove>d__28.MoveNext
ThrowingPlayerChoiceContext <- MegaCrit.Sts2.Core.Models.Monsters.Queen+<BurnBrightForMeMove>d__43.MoveNext
ThrowingPlayerChoiceContext <- MegaCrit.Sts2.Core.Models.Monsters.Queen+<EnrageMove>d__46.MoveNext
ThrowingPlayerChoiceContext <- MegaCrit.Sts2.Core.Models.Monsters.Queen+<PuppetStringsMove>d__41.MoveNext
ThrowingPlayerChoiceContext <- MegaCrit.Sts2.Core.Models.Monsters.Queen+<YoureMineMove>d__42.MoveNext
ThrowingPlayerChoiceContext <- MegaCrit.Sts2.Core.Models.Monsters.Queen+<YoureMineMove>d__42.MoveNext
ThrowingPlayerChoiceContext <- MegaCrit.Sts2.Core.Models.Monsters.Queen+<YoureMineMove>d__42.MoveNext
ThrowingPlayerChoiceContext <- MegaCrit.Sts2.Core.Models.Monsters.Rocket+<AfterAddedToRoom>d__29.MoveNext
ThrowingPlayerChoiceContext <- MegaCrit.Sts2.Core.Models.Monsters.Rocket+<AfterAddedToRoom>d__29.MoveNext
ThrowingPlayerChoiceContext <- MegaCrit.Sts2.Core.Models.Monsters.Rocket+<AfterAddedToRoom>d__29.MoveNext
ThrowingPlayerChoiceContext <- MegaCrit.Sts2.Core.Models.Monsters.Rocket+<ChargeUpMove>d__35.MoveNext
ThrowingPlayerChoiceContext <- MegaCrit.Sts2.Core.Models.Monsters.ScrollOfBiting+<AfterAddedToRoom>d__26.MoveNext
ThrowingPlayerChoiceContext <- MegaCrit.Sts2.Core.Models.Monsters.ScrollOfBiting+<MoreTeethMove>d__30.MoveNext
ThrowingPlayerChoiceContext <- MegaCrit.Sts2.Core.Models.Monsters.Seapunk+<BubbleBurpMove>d__26.MoveNext
ThrowingPlayerChoiceContext <- MegaCrit.Sts2.Core.Models.Monsters.SewerClam+<AfterAddedToRoom>d__9.MoveNext
ThrowingPlayerChoiceContext <- MegaCrit.Sts2.Core.Models.Monsters.SewerClam+<PressurizeMove>d__11.MoveNext
ThrowingPlayerChoiceContext <- MegaCrit.Sts2.Core.Models.Monsters.ShrinkerBeetle+<ShrinkMove>d__12.MoveNext
ThrowingPlayerChoiceContext <- MegaCrit.Sts2.Core.Models.Monsters.SkulkingColony+<AfterAddedToRoom>d__27.MoveNext
ThrowingPlayerChoiceContext <- MegaCrit.Sts2.Core.Models.Monsters.SkulkingColony+<InertiaMove>d__29.MoveNext
ThrowingPlayerChoiceContext <- MegaCrit.Sts2.Core.Models.Monsters.SlimedBerserker+<LeechingHugMove>d__24.MoveNext
ThrowingPlayerChoiceContext <- MegaCrit.Sts2.Core.Models.Monsters.SlimedBerserker+<LeechingHugMove>d__24.MoveNext
ThrowingPlayerChoiceContext <- MegaCrit.Sts2.Core.Models.Monsters.SlitheringStrangler+<ConstrictMove>d__15.MoveNext
ThrowingPlayerChoiceContext <- MegaCrit.Sts2.Core.Models.Monsters.SludgeSpinner+<OilSprayMove>d__16.MoveNext
ThrowingPlayerChoiceContext <- MegaCrit.Sts2.Core.Models.Monsters.SludgeSpinner+<RageMove>d__18.MoveNext
ThrowingPlayerChoiceContext <- MegaCrit.Sts2.Core.Models.Monsters.SlumberingBeetle+<AfterAddedToRoom>d__22.MoveNext
ThrowingPlayerChoiceContext <- MegaCrit.Sts2.Core.Models.Monsters.SlumberingBeetle+<AfterAddedToRoom>d__22.MoveNext
ThrowingPlayerChoiceContext <- MegaCrit.Sts2.Core.Models.Monsters.SlumberingBeetle+<RolloutMove>d__27.MoveNext
ThrowingPlayerChoiceContext <- MegaCrit.Sts2.Core.Models.Monsters.SnappingJaxfruit+<EnergyOrb>d__12.MoveNext
ThrowingPlayerChoiceContext <- MegaCrit.Sts2.Core.Models.Monsters.SoulFysh+<FadeMove>d__41.MoveNext
ThrowingPlayerChoiceContext <- MegaCrit.Sts2.Core.Models.Monsters.SoulFysh+<ScreamMove>d__40.MoveNext
ThrowingPlayerChoiceContext <- MegaCrit.Sts2.Core.Models.Monsters.SoulNexus+<DrainLifeMove>d__24.MoveNext
ThrowingPlayerChoiceContext <- MegaCrit.Sts2.Core.Models.Monsters.SoulNexus+<DrainLifeMove>d__24.MoveNext
ThrowingPlayerChoiceContext <- MegaCrit.Sts2.Core.Models.Monsters.SpectralKnight+<HexMove>d__17.MoveNext
ThrowingPlayerChoiceContext <- MegaCrit.Sts2.Core.Models.Monsters.SpinyToad+<ExplosionMove>d__24.MoveNext
ThrowingPlayerChoiceContext <- MegaCrit.Sts2.Core.Models.Monsters.SpinyToad+<SpikesMove>d__23.MoveNext
ThrowingPlayerChoiceContext <- MegaCrit.Sts2.Core.Models.Monsters.Stabbot+<StabMove>d__10.MoveNext
ThrowingPlayerChoiceContext <- MegaCrit.Sts2.Core.Models.Monsters.TerrorEel+<AfterAddedToRoom>d__25.MoveNext
ThrowingPlayerChoiceContext <- MegaCrit.Sts2.Core.Models.Monsters.TerrorEel+<TerrorMove>d__30.MoveNext
ThrowingPlayerChoiceContext <- MegaCrit.Sts2.Core.Models.Monsters.TerrorEel+<ThrashMove>d__28.MoveNext
ThrowingPlayerChoiceContext <- MegaCrit.Sts2.Core.Models.Monsters.TestSubject+<AfterAddedToRoom>d__68.MoveNext
ThrowingPlayerChoiceContext <- MegaCrit.Sts2.Core.Models.Monsters.TestSubject+<AfterAddedToRoom>d__68.MoveNext
ThrowingPlayerChoiceContext <- MegaCrit.Sts2.Core.Models.Monsters.TestSubject+<BurningGrowlMove>d__80.MoveNext
ThrowingPlayerChoiceContext <- MegaCrit.Sts2.Core.Models.Monsters.TestSubject+<RespawnMove>d__74.MoveNext
ThrowingPlayerChoiceContext <- MegaCrit.Sts2.Core.Models.Monsters.TestSubject+<RespawnMove>d__74.MoveNext
ThrowingPlayerChoiceContext <- MegaCrit.Sts2.Core.Models.Monsters.TestSubject+<SkullBashMove>d__76.MoveNext
ThrowingPlayerChoiceContext <- MegaCrit.Sts2.Core.Models.Monsters.TheAdversaryMkOne+<AfterAddedToRoom>d__14.MoveNext
ThrowingPlayerChoiceContext <- MegaCrit.Sts2.Core.Models.Monsters.TheAdversaryMkOne+<BarrageMove>d__18.MoveNext
ThrowingPlayerChoiceContext <- MegaCrit.Sts2.Core.Models.Monsters.TheAdversaryMkThree+<AfterAddedToRoom>d__14.MoveNext
ThrowingPlayerChoiceContext <- MegaCrit.Sts2.Core.Models.Monsters.TheAdversaryMkThree+<BarrageMove>d__18.MoveNext
ThrowingPlayerChoiceContext <- MegaCrit.Sts2.Core.Models.Monsters.TheAdversaryMkTwo+<AfterAddedToRoom>d__16.MoveNext
ThrowingPlayerChoiceContext <- MegaCrit.Sts2.Core.Models.Monsters.TheAdversaryMkTwo+<BarrageMove>d__20.MoveNext
ThrowingPlayerChoiceContext <- MegaCrit.Sts2.Core.Models.Monsters.TheForgotten+<AfterAddedToRoom>d__10.MoveNext
ThrowingPlayerChoiceContext <- MegaCrit.Sts2.Core.Models.Monsters.TheForgotten+<MiasmaMove>d__12.MoveNext
ThrowingPlayerChoiceContext <- MegaCrit.Sts2.Core.Models.Monsters.TheForgotten+<MiasmaMove>d__12.MoveNext
ThrowingPlayerChoiceContext <- MegaCrit.Sts2.Core.Models.Monsters.TheInsatiable+<LiquifyMove>d__35.MoveNext
ThrowingPlayerChoiceContext <- MegaCrit.Sts2.Core.Models.Monsters.TheInsatiable+<SalivateMove>d__38.MoveNext
ThrowingPlayerChoiceContext <- MegaCrit.Sts2.Core.Models.Monsters.TheLost+<AfterAddedToRoom>d__11.MoveNext
ThrowingPlayerChoiceContext <- MegaCrit.Sts2.Core.Models.Monsters.TheLost+<DebilitatingSmogMove>d__13.MoveNext
ThrowingPlayerChoiceContext <- MegaCrit.Sts2.Core.Models.Monsters.TheLost+<DebilitatingSmogMove>d__13.MoveNext
ThrowingPlayerChoiceContext <- MegaCrit.Sts2.Core.Models.Monsters.TheObscura+<WailMove>d__27.MoveNext
ThrowingPlayerChoiceContext <- MegaCrit.Sts2.Core.Models.Monsters.ThievingHopper+<AfterAddedToRoom>d__27.MoveNext
ThrowingPlayerChoiceContext <- MegaCrit.Sts2.Core.Models.Monsters.ThievingHopper+<FlutterMove>d__39.MoveNext
ThrowingPlayerChoiceContext <- MegaCrit.Sts2.Core.Models.Monsters.ThievingHopper+<ThieveryMove>d__36.MoveNext
ThrowingPlayerChoiceContext <- MegaCrit.Sts2.Core.Models.Monsters.Toadpole+<SpikeSpitMove>d__25.MoveNext
ThrowingPlayerChoiceContext <- MegaCrit.Sts2.Core.Models.Monsters.Toadpole+<SpikenMove>d__27.MoveNext
ThrowingPlayerChoiceContext <- MegaCrit.Sts2.Core.Models.Monsters.TorchHeadAmalgam+<AfterAddedToRoom>d__16.MoveNext
ThrowingPlayerChoiceContext <- MegaCrit.Sts2.Core.Models.Monsters.ToughEgg+<AfterAddedToRoom>d__33.MoveNext
ThrowingPlayerChoiceContext <- MegaCrit.Sts2.Core.Models.Monsters.TrackerRubyRaider+<TrackMove>d__12.MoveNext
ThrowingPlayerChoiceContext <- MegaCrit.Sts2.Core.Models.Monsters.Tunneler+<BurrowMove>d__30.MoveNext
ThrowingPlayerChoiceContext <- MegaCrit.Sts2.Core.Models.Monsters.TurretOperator+<ReloadMove>d__14.MoveNext
ThrowingPlayerChoiceContext <- MegaCrit.Sts2.Core.Models.Monsters.TwoTailedRat+<ScreechMove>d__40.MoveNext
ThrowingPlayerChoiceContext <- MegaCrit.Sts2.Core.Models.Monsters.Vantom+<AfterAddedToRoom>d__35.MoveNext
ThrowingPlayerChoiceContext <- MegaCrit.Sts2.Core.Models.Monsters.Vantom+<PrepareMove>d__42.MoveNext
ThrowingPlayerChoiceContext <- MegaCrit.Sts2.Core.Models.Monsters.VineShambler+<GraspingVinesMove>d__19.MoveNext
ThrowingPlayerChoiceContext <- MegaCrit.Sts2.Core.Models.Monsters.WaterfallGiant+<PressureGunMove>d__74.MoveNext
ThrowingPlayerChoiceContext <- MegaCrit.Sts2.Core.Models.Monsters.WaterfallGiant+<PressureUpMove>d__70.MoveNext
ThrowingPlayerChoiceContext <- MegaCrit.Sts2.Core.Models.Monsters.WaterfallGiant+<PressurizeMove>d__69.MoveNext
ThrowingPlayerChoiceContext <- MegaCrit.Sts2.Core.Models.Monsters.WaterfallGiant+<RamMove>d__72.MoveNext
ThrowingPlayerChoiceContext <- MegaCrit.Sts2.Core.Models.Monsters.WaterfallGiant+<SiphonMove>d__73.MoveNext
ThrowingPlayerChoiceContext <- MegaCrit.Sts2.Core.Models.Monsters.WaterfallGiant+<StompMove>d__71.MoveNext
ThrowingPlayerChoiceContext <- MegaCrit.Sts2.Core.Models.Monsters.WaterfallGiant+<StompMove>d__71.MoveNext
ThrowingPlayerChoiceContext <- MegaCrit.Sts2.Core.Models.Monsters.Wriggler+<WriggleMove>d__19.MoveNext
ThrowingPlayerChoiceContext <- MegaCrit.Sts2.Core.Models.Monsters.Zapbot+<AfterAddedToRoom>d__8.MoveNext
ThrowingPlayerChoiceContext <- MegaCrit.Sts2.Core.Models.Monsters.Mocks.MockArtifactMonster+<AfterAddedToRoom>d__11.MoveNext
ThrowingPlayerChoiceContext <- MegaCrit.Sts2.Core.Models.Monsters.Mocks.MockAttackAndSummonMinionMonster+<AttackAndSummonMinionMove>d__9.MoveNext
ThrowingPlayerChoiceContext <- MegaCrit.Sts2.Core.Models.Monsters.Mocks.MockIntangibleMonster+<IntangibleMove>d__11.MoveNext
ThrowingPlayerChoiceContext <- MegaCrit.Sts2.Core.Models.Monsters.Mocks.MockPlatingMonster+<AfterAddedToRoom>d__15.MoveNext
ThrowingPlayerChoiceContext <- MegaCrit.Sts2.Core.Models.Monsters.Mocks.MockReattachMonster+<AfterAddedToRoom>d__12.MoveNext
ThrowingPlayerChoiceContext <- MegaCrit.Sts2.Core.Models.Modifiers.Murderous+<AfterRoomEntered>d__1.MoveNext
ThrowingPlayerChoiceContext <- MegaCrit.Sts2.Core.Models.Modifiers.NightTerrors+<AfterRestSiteHeal>d__2.MoveNext
ThrowingPlayerChoiceContext <- MegaCrit.Sts2.Core.Models.Modifiers.Terminal+<AfterRoomEntered>d__0.MoveNext
ThrowingPlayerChoiceContext <- MegaCrit.Sts2.Core.Models.Modifiers.Terminal+<AfterRoomEntered>d__0.MoveNext
ThrowingPlayerChoiceContext <- MegaCrit.Sts2.Core.Models.Events.AbyssalBaths+<OnImmerse>d__14.MoveNext
ThrowingPlayerChoiceContext <- MegaCrit.Sts2.Core.Models.Events.BrainLeech+<Rip>d__8.MoveNext
ThrowingPlayerChoiceContext <- MegaCrit.Sts2.Core.Models.Events.ColossalFlower+<DealReachDeeperDamage>d__15.MoveNext
ThrowingPlayerChoiceContext <- MegaCrit.Sts2.Core.Models.Events.DenseVegetation+<TrudgeOn>d__7.MoveNext
ThrowingPlayerChoiceContext <- MegaCrit.Sts2.Core.Models.Events.DollRoom+<Examine>d__15.MoveNext
ThrowingPlayerChoiceContext <- MegaCrit.Sts2.Core.Models.Events.DollRoom+<TakeSomeTime>d__14.MoveNext
ThrowingPlayerChoiceContext <- MegaCrit.Sts2.Core.Models.Events.DrowningBeacon+<ClimbOption>d__6.MoveNext
ThrowingPlayerChoiceContext <- MegaCrit.Sts2.Core.Models.Events.JungleMazeAdventure+<DontNeedHelp>d__11.MoveNext
ThrowingPlayerChoiceContext <- MegaCrit.Sts2.Core.Models.Events.RoomFullOfCheese+<Search>d__5.MoveNext
ThrowingPlayerChoiceContext <- MegaCrit.Sts2.Core.Models.Events.RoundTeaParty+<ContinueFight>d__6.MoveNext
ThrowingPlayerChoiceContext <- MegaCrit.Sts2.Core.Models.Events.SlipperyBridge+<HoldOn>d__25.MoveNext
ThrowingPlayerChoiceContext <- MegaCrit.Sts2.Core.Models.Events.SpiritGrafter+<Rejection>d__6.MoveNext
ThrowingPlayerChoiceContext <- MegaCrit.Sts2.Core.Models.Events.StoneOfAllTime+<Push>d__15.MoveNext
ThrowingPlayerChoiceContext <- MegaCrit.Sts2.Core.Models.Events.SunkenStatue+<DiveIntoWater>d__8.MoveNext
ThrowingPlayerChoiceContext <- MegaCrit.Sts2.Core.Models.Events.TabletOfTruth+<LoseMaxHpAndUpgrade>d__13.MoveNext
ThrowingPlayerChoiceContext <- MegaCrit.Sts2.Core.Models.Events.TabletOfTruth+<LoseMaxHpAndUpgrade>d__13.MoveNext
ThrowingPlayerChoiceContext <- MegaCrit.Sts2.Core.Models.Events.TheLegendsWereTrue+<SlowlyFindAnExit>d__5.MoveNext
ThrowingPlayerChoiceContext <- MegaCrit.Sts2.Core.Models.Events.ThisOrThat+<Plain>d__4.MoveNext
ThrowingPlayerChoiceContext <- MegaCrit.Sts2.Core.Models.Events.TrashHeap+<DiveIn>d__8.MoveNext
ThrowingPlayerChoiceContext <- MegaCrit.Sts2.Core.Models.Events.UnrestSite+<Kill>d__7.MoveNext
ThrowingPlayerChoiceContext <- MegaCrit.Sts2.Core.Models.Events.WhisperingHollow+<Hug>d__8.MoveNext
ThrowingPlayerChoiceContext <- MegaCrit.Sts2.Core.Models.Cards.Disintegration+<OnChosen>d__7.MoveNext
ThrowingPlayerChoiceContext <- MegaCrit.Sts2.Core.Models.Cards.MindRot+<OnChosen>d__7.MoveNext
ThrowingPlayerChoiceContext <- MegaCrit.Sts2.Core.Models.Cards.Sloth+<OnChosen>d__7.MoveNext
ThrowingPlayerChoiceContext <- MegaCrit.Sts2.Core.Models.Cards.Spinner+<OnPlay>d__5.MoveNext
ThrowingPlayerChoiceContext <- MegaCrit.Sts2.Core.Models.Cards.WasteAway+<OnChosen>d__9.MoveNext
ThrowingPlayerChoiceContext <- MegaCrit.Sts2.Core.DevConsole.ConsoleCommands.GodModeConsoleCmd+<EnableGodMode>d__13.MoveNext
ThrowingPlayerChoiceContext <- MegaCrit.Sts2.Core.DevConsole.ConsoleCommands.GodModeConsoleCmd+<EnableGodMode>d__13.MoveNext
ThrowingPlayerChoiceContext <- MegaCrit.Sts2.Core.DevConsole.ConsoleCommands.GodModeConsoleCmd+<EnableGodMode>d__13.MoveNext
ThrowingPlayerChoiceContext <- MegaCrit.Sts2.Core.Commands.PowerCmd+<Decrement>d__4.MoveNext
ThrowingPlayerChoiceContext <- MegaCrit.Sts2.Core.AutoSlay.Handlers.Rooms.CombatRoomHandler+<HandleAsync>d__4.MoveNext
ThrowingPlayerChoiceContext <- MegaCrit.Sts2.Core.AutoSlay.Handlers.Rooms.CombatRoomHandler+<HandleAsync>d__4.MoveNext
ThrowingPlayerChoiceContext <- MegaCrit.Sts2.Core.AutoSlay.Handlers.Rooms.CombatRoomHandler+<HandleAsync>d__4.MoveNext
ThrowingPlayerChoiceContext <- MegaCrit.Sts2.Core.AutoSlay.Handlers.Rooms.EventRoomHandler+<HandleEventCombat>d__7.MoveNext
ThrowingPlayerChoiceContext <- MegaCrit.Sts2.Core.AutoSlay.Handlers.Rooms.EventRoomHandler+<HandleEventCombat>d__7.MoveNext
ThrowingPlayerChoiceContext <- MegaCrit.Sts2.Core.AutoSlay.Handlers.Rooms.EventRoomHandler+<HandleEventCombat>d__7.MoveNext
ThrowingPlayerChoiceContext total newobj sites (byte-scan, may include false positives): 291
BranchingPlayerChoiceContext <- MegaCrit.Sts2.Core.Commands.CardPileCmd.DrawWithoutBlockingOnOtherPlayers
BranchingPlayerChoiceContext <- MegaCrit.Sts2.Core.Models.CardModel+<OnPlayWrapper>d__339.MoveNext
BranchingPlayerChoiceContext <- MegaCrit.Sts2.Core.Models.PotionModel+<OnUseWrapper>d__75.MoveNext
BranchingPlayerChoiceContext total newobj sites (byte-scan, may include false positives): 3
HookPlayerChoiceContext <- MegaCrit.Sts2.Core.Hooks.Hook+<AfterDeath>d__28.MoveNext
HookPlayerChoiceContext <- MegaCrit.Sts2.Core.Hooks.Hook+<AfterDiedToDoom>d__30.MoveNext
HookPlayerChoiceContext <- MegaCrit.Sts2.Core.Hooks.Hook+<AfterSideTurnEnd>d__81.MoveNext
HookPlayerChoiceContext <- MegaCrit.Sts2.Core.Hooks.Hook+<AfterSideTurnEnd>d__81.MoveNext
HookPlayerChoiceContext <- MegaCrit.Sts2.Core.Hooks.Hook+<BeforeFlush>d__33.MoveNext
HookPlayerChoiceContext <- MegaCrit.Sts2.Core.Hooks.Hook+<BeforeFlush>d__33.MoveNext
HookPlayerChoiceContext <- MegaCrit.Sts2.Core.Hooks.Hook+<BeforeSideTurnEnd>d__80.MoveNext
HookPlayerChoiceContext <- MegaCrit.Sts2.Core.Hooks.Hook+<BeforeSideTurnEnd>d__80.MoveNext
HookPlayerChoiceContext <- MegaCrit.Sts2.Core.Hooks.Hook+<BeforeSideTurnEnd>d__80.MoveNext
HookPlayerChoiceContext <- MegaCrit.Sts2.Core.Hooks.Hook+<BeforeSideTurnStart>d__74.MoveNext
HookPlayerChoiceContext <- MegaCrit.Sts2.Core.GameActions.Multiplayer.BranchingPlayerChoiceContext+<SignalPlayerChoiceBegun>d__15.MoveNext
HookPlayerChoiceContext <- MegaCrit.Sts2.Core.GameActions.Multiplayer.BranchingPlayerChoiceContext+<SignalPlayerChoiceBegun>d__15.MoveNext
HookPlayerChoiceContext <- MegaCrit.Sts2.Core.DevConsole.ConsoleCommands.DrawConsoleCmd+<DrawTask>d__9.MoveNext
HookPlayerChoiceContext <- MegaCrit.Sts2.Core.Combat.CombatManager+<EndPlayerTurnPhaseOneInternal>d__130.MoveNext
HookPlayerChoiceContext <- MegaCrit.Sts2.Core.Combat.CombatManager+<EndPlayerTurnPhaseOneInternal>d__130.MoveNext
HookPlayerChoiceContext <- MegaCrit.Sts2.Core.Combat.CombatManager+<EndPlayerTurnPhaseTwoInternal>d__139.MoveNext
HookPlayerChoiceContext <- MegaCrit.Sts2.Core.Combat.CombatManager+<StartTurn>d__100.MoveNext
HookPlayerChoiceContext <- MegaCrit.Sts2.Core.Combat.CombatManager+<StartTurn>d__100.MoveNext
HookPlayerChoiceContext total newobj sites (byte-scan, may include false positives): 18
