METHOD Void MoveNext()
 0032: callvirt method:MegaCrit.Sts2.Core.Runs.IPlayerCollection.Int32 GetPlayerSlotIndex(MegaCrit.Sts2.Core.Entities.Players.Player)
 0046: callvirt method:System.Collections.Generic.List`1[MegaCrit.Sts2.Core.Multiplayer.Game.RestSiteSynchronizer+PlayerRestSite].PlayerRestSite get_Item(Int32)
 0067: callvirt method:System.Threading.Tasks.TaskCompletionSource.System.Threading.Tasks.Task get_Task()
 0072: callvirt method:System.Threading.Tasks.Task.Boolean get_IsCompleted()
 0082: newobj method:System.Runtime.CompilerServices.DefaultInterpolatedStringHandler.Void .ctor(Int32, Int32)
 0096: call method:System.Runtime.CompilerServices.DefaultInterpolatedStringHandler.Void AppendLiteral(System.String)
 0109: callvirt method:MegaCrit.Sts2.Core.Entities.Players.Player.UInt64 get_NetId()
 0114: call method:System.Runtime.CompilerServices.DefaultInterpolatedStringHandler.Void AppendFormatted[UInt64](UInt64)
 0126: call method:System.Runtime.CompilerServices.DefaultInterpolatedStringHandler.Void AppendLiteral(System.String)
 0139: call method:System.Runtime.CompilerServices.DefaultInterpolatedStringHandler.Void AppendFormatted[Int32](Int32)
 0151: call method:System.Runtime.CompilerServices.DefaultInterpolatedStringHandler.Void AppendLiteral(System.String)
 0158: call method:System.Runtime.CompilerServices.DefaultInterpolatedStringHandler.System.String ToStringAndClear()
 0163: newobj method:System.InvalidOperationException.Void .ctor(System.String)
 0186: callvirt method:System.Collections.Generic.List`1[MegaCrit.Sts2.Core.Entities.RestSite.RestSiteOption].Int32 get_Count()
 0196: newobj method:System.Runtime.CompilerServices.DefaultInterpolatedStringHandler.Void .ctor(Int32, Int32)
 0210: call method:System.Runtime.CompilerServices.DefaultInterpolatedStringHandler.Void AppendLiteral(System.String)
 0223: callvirt method:MegaCrit.Sts2.Core.Entities.Players.Player.UInt64 get_NetId()
 0228: call method:System.Runtime.CompilerServices.DefaultInterpolatedStringHandler.Void AppendFormatted[UInt64](UInt64)
 0240: call method:System.Runtime.CompilerServices.DefaultInterpolatedStringHandler.Void AppendLiteral(System.String)
 0253: call method:System.Runtime.CompilerServices.DefaultInterpolatedStringHandler.Void AppendFormatted[Int32](Int32)
 0265: call method:System.Runtime.CompilerServices.DefaultInterpolatedStringHandler.Void AppendLiteral(System.String)
 0283: callvirt method:System.Collections.Generic.List`1[MegaCrit.Sts2.Core.Entities.RestSite.RestSiteOption].Int32 get_Count()
 0288: call method:System.Runtime.CompilerServices.DefaultInterpolatedStringHandler.Void AppendFormatted[Int32](Int32)
 0300: call method:System.Runtime.CompilerServices.DefaultInterpolatedStringHandler.Void AppendLiteral(System.String)
 0307: call method:System.Runtime.CompilerServices.DefaultInterpolatedStringHandler.System.String ToStringAndClear()
 0312: newobj method:System.InvalidOperationException.Void .ctor(System.String)
 0336: callvirt method:System.Collections.Generic.List`1[MegaCrit.Sts2.Core.Entities.RestSite.RestSiteOption].MegaCrit.Sts2.Core.Entities.RestSite.RestSiteOption get_Item(Int32)
 0370: callvirt method:MegaCrit.Sts2.Core.Entities.Players.Player.UInt64 get_NetId()
 0375: callvirt method:System.Action`2[MegaCrit.Sts2.Core.Entities.RestSite.RestSiteOption,System.UInt64].Void Invoke(MegaCrit.Sts2.Core.Entities.RestSite.RestSiteOption, UInt64)
 0386: callvirt method:MegaCrit.Sts2.Core.Entities.RestSite.RestSiteOption.System.Threading.Tasks.Task`1[System.Boolean] OnSelect()
 0391: callvirt method:System.Threading.Tasks.Task`1[System.Boolean].System.Runtime.CompilerServices.TaskAwaiter`1[System.Boolean] GetAwaiter()
 0400: call method:System.Runtime.CompilerServices.TaskAwaiter`1[System.Boolean].Boolean get_IsCompleted()
 0433: call method:System.Runtime.CompilerServices.AsyncTaskMethodBuilder`1[System.Boolean].Void AwaitUnsafeOnCompleted[TaskAwaiter`1,<ChooseOption>d__31](System.Runtime.CompilerServices.TaskAwaiter`1[System.Boolean] ByRef, <ChooseOption>d__31 ByRef)
 0474: call method:System.Runtime.CompilerServices.TaskAwaiter`1[System.Boolean].Boolean GetResult()
 0494: newobj method:System.Runtime.CompilerServices.DefaultInterpolatedStringHandler.Void .ctor(Int32, Int32)
 0508: call method:System.Runtime.CompilerServices.DefaultInterpolatedStringHandler.Void AppendLiteral(System.String)
 0521: call method:System.Runtime.CompilerServices.DefaultInterpolatedStringHandler.Void AppendFormatted[Int32](Int32)
 0533: call method:System.Runtime.CompilerServices.DefaultInterpolatedStringHandler.Void AppendLiteral(System.String)
 0546: callvirt method:MegaCrit.Sts2.Core.Entities.Players.Player.UInt64 get_NetId()
 0551: call method:System.Runtime.CompilerServices.DefaultInterpolatedStringHandler.Void AppendFormatted[UInt64](UInt64)
 0563: call method:System.Runtime.CompilerServices.DefaultInterpolatedStringHandler.Void AppendLiteral(System.String)
 0572: call method:System.Runtime.CompilerServices.DefaultInterpolatedStringHandler.Void AppendFormatted[Boolean](Boolean)
 0584: call method:System.Runtime.CompilerServices.DefaultInterpolatedStringHandler.Void AppendLiteral(System.String)
 0597: callvirt method:MegaCrit.Sts2.Core.Entities.RestSite.RestSiteOption.System.String get_OptionId()
 0602: call method:System.Runtime.CompilerServices.DefaultInterpolatedStringHandler.Void AppendFormatted(System.String)
 0609: call method:System.Runtime.CompilerServices.DefaultInterpolatedStringHandler.System.String ToStringAndClear()
 0615: callvirt method:MegaCrit.Sts2.Core.Logging.Logger.Void Debug(System.String, Int32)
 0632: newobj method:System.Nullable`1[System.UInt32].Void .ctor(UInt32)
 0668: callvirt method:MegaCrit.Sts2.Core.Entities.Players.Player.UInt64 get_NetId()
 0673: callvirt method:System.Action`3[MegaCrit.Sts2.Core.Entities.RestSite.RestSiteOption,System.Boolean,System.UInt64].Void Invoke(MegaCrit.Sts2.Core.Entities.RestSite.RestSiteOption, Boolean, UInt64)
 0695: callvirt method:MegaCrit.Sts2.Core.Entities.Players.Player.MegaCrit.Sts2.Core.Runs.IRunState get_RunState()
 0700: callvirt method:MegaCrit.Sts2.Core.Runs.IRunState.MegaCrit.Sts2.Core.Runs.History.MapPointHistoryEntry get_CurrentMapPointHistoryEntry()
 0717: callvirt method:MegaCrit.Sts2.Core.Entities.Players.Player.UInt64 get_NetId()
 0722: call method:MegaCrit.Sts2.Core.Runs.History.MapPointHistoryEntry.MegaCrit.Sts2.Core.Runs.PlayerMapPointHistoryEntry GetEntry(UInt64)
 0727: callvirt method:MegaCrit.Sts2.Core.Runs.PlayerMapPointHistoryEntry.System.Collections.Generic.List`1[System.String] get_RestSiteChoices()
 0738: callvirt method:MegaCrit.Sts2.Core.Entities.RestSite.RestSiteOption.System.String get_OptionId()
 0743: callvirt method:System.Collections.Generic.List`1[System.String].Void Add(System.String)
 0759: callvirt method:System.Threading.Tasks.TaskCompletionSource.System.Threading.Tasks.Task get_Task()
 0764: callvirt method:System.Threading.Tasks.Task.Boolean get_IsCompleted()
 0784: callvirt method:MegaCrit.Sts2.Core.Entities.Players.Player.MegaCrit.Sts2.Core.Runs.IRunState get_RunState()
 0795: call method:MegaCrit.Sts2.Core.Hooks.Hook.Boolean ShouldDisableRemainingRestSiteOptions(MegaCrit.Sts2.Core.Runs.IRunState, MegaCrit.Sts2.Core.Entities.Players.Player)
 0811: newobj method:System.Runtime.CompilerServices.DefaultInterpolatedStringHandler.Void .ctor(Int32, Int32)
 0825: call method:System.Runtime.CompilerServices.DefaultInterpolatedStringHandler.Void AppendLiteral(System.String)
 0838: callvirt method:MegaCrit.Sts2.Core.Entities.Players.Player.UInt64 get_NetId()
 0843: call method:System.Runtime.CompilerServices.DefaultInterpolatedStringHandler.Void AppendFormatted[UInt64](UInt64)
 0850: call method:System.Runtime.CompilerServices.DefaultInterpolatedStringHandler.System.String ToStringAndClear()
 0856: callvirt method:MegaCrit.Sts2.Core.Logging.Logger.Void Debug(System.String, Int32)
 0872: callvirt method:System.Collections.Generic.List`1[MegaCrit.Sts2.Core.Entities.RestSite.RestSiteOption].Void Clear()
 0888: newobj method:System.Runtime.CompilerServices.DefaultInterpolatedStringHandler.Void .ctor(Int32, Int32)
 0902: call method:System.Runtime.CompilerServices.DefaultInterpolatedStringHandler.Void AppendLiteral(System.String)
 0915: callvirt method:MegaCrit.Sts2.Core.Entities.Players.Player.UInt64 get_NetId()
 0920: call method:System.Runtime.CompilerServices.DefaultInterpolatedStringHandler.Void AppendFormatted[UInt64](UInt64)
 0927: call method:System.Runtime.CompilerServices.DefaultInterpolatedStringHandler.System.String ToStringAndClear()
 0933: callvirt method:MegaCrit.Sts2.Core.Logging.Logger.Void Debug(System.String, Int32)
 0955: callvirt method:System.Collections.Generic.List`1[MegaCrit.Sts2.Core.Entities.RestSite.RestSiteOption].Void RemoveAt(Int32)
 0971: callvirt method:System.Collections.Generic.List`1[MegaCrit.Sts2.Core.Entities.RestSite.RestSiteOption].Int32 get_Count()
 0987: newobj method:System.Runtime.CompilerServices.DefaultInterpolatedStringHandler.Void .ctor(Int32, Int32)
 1001: call method:System.Runtime.CompilerServices.DefaultInterpolatedStringHandler.Void AppendLiteral(System.String)
 1014: callvirt method:MegaCrit.Sts2.Core.Entities.Players.Player.UInt64 get_NetId()
 1019: call method:System.Runtime.CompilerServices.DefaultInterpolatedStringHandler.Void AppendFormatted[UInt64](UInt64)
 1031: call method:System.Runtime.CompilerServices.DefaultInterpolatedStringHandler.Void AppendLiteral(System.String)
 1038: call method:System.Runtime.CompilerServices.DefaultInterpolatedStringHandler.System.String ToStringAndClear()
 1044: callvirt method:MegaCrit.Sts2.Core.Logging.Logger.Void Debug(System.String, Int32)
 1060: callvirt method:System.Threading.Tasks.TaskCompletionSource.Void SetResult()
 1101: call method:System.Runtime.CompilerServices.AsyncTaskMethodBuilder`1[System.Boolean].Void SetException(System.Exception)
 1137: call method:System.Runtime.CompilerServices.AsyncTaskMethodBuilder`1[System.Boolean].Void SetResult(Boolean)
....
FIELD MegaCrit.Sts2.Core.Entities.Players.Player <Owner>k__BackingField
FIELD System.Func`2[MegaCrit.Sts2.Core.Entities.Players.Player,System.Collections.Generic.List`1[MegaCrit.Sts2.Core.Entities.RestSite.RestSiteOption]] generateForTests
METHOD System.String get_OptionId()
METHOD MegaCrit.Sts2.Core.Entities.Players.Player get_Owner()
METHOD MegaCrit.Sts2.Core.Localization.LocString get_Title()
METHOD MegaCrit.Sts2.Core.Localization.LocString get_Description()
METHOD System.String get_IconPath()
METHOD Godot.Texture2D get_Icon()
METHOD System.Collections.Generic.IEnumerable`1[System.String] get_AssetPaths()
METHOD Boolean get_IsEnabled()
METHOD System.Collections.Generic.List`1[MegaCrit.Sts2.Core.Entities.RestSite.RestSiteOption] Generate(MegaCrit.Sts2.Core.Entities.Players.Player)
METHOD System.Threading.Tasks.Task`1[System.Boolean] OnSelect()
METHOD System.Threading.Tasks.Task DoLocalPostSelectVfx(System.Threading.CancellationToken)
METHOD System.Threading.Tasks.Task DoRemotePostSelectVfx()
METHOD Boolean Equals(System.Object)
METHOD Int32 GetHashCode()
METHOD Boolean op_Equality(MegaCrit.Sts2.Core.Entities.RestSite.RestSiteOption, MegaCrit.Sts2.Core.Entities.RestSite.RestSiteOption)
METHOD Boolean op_Inequality(MegaCrit.Sts2.Core.Entities.RestSite.RestSiteOption, MegaCrit.Sts2.Core.Entities.RestSite.RestSiteOption)
